Component: ARM Compiler 5.06 update 7 (build 960) Tool: armlink [4d3601]

==============================================================================

Section Cross References

    app.o(i.App_Init) refers to bsp_can.o(i.Bsp_Can_Init) for Bsp_Can_Init
    app.o(i.App_Init) refers to bsp_tim.o(i.Bsp_Tim_Init) for Bsp_Tim_Init
    app.o(i.App_Init) refers to dji_motor.o(i.Dji_Motor_Init) for Dji_Motor_Init
    app.o(i.App_Init) refers to at9s.o(i.At9s_Init) for At9s_Init
    app.o(i.App_Init) refers to led.o(i.Led_Init) for Led_Init
    app.o(i.App_Init) refers to buzzer.o(i.Buzzer_Init) for Buzzer_Init
    app.o(i.App_Init) refers to hi12.o(i.Hi12_Init) for Hi12_Init
    app.o(i.App_Init) refers to communicate.o(i.Communicate_Init) for Communicate_Init
    app.o(i.App_Init) refers to vofa.o(i.Vofa_Init) for Vofa_Init
    app.o(i.App_Init) refers to chassis.o(i.Chassis_Init) for Chassis_Init
    app.o(i.App_Task) refers to app.o(i.App_Init) for App_Init
    app.o(i.App_Task) refers to super_cap.o(i.Super_Cap_Set_Power) for Super_Cap_Set_Power
    app.o(i.App_Task) refers to led.o(i.Led_Normal_Task) for Led_Normal_Task
    app.o(i.App_Task) refers to buzzer.o(i.Buzzer_Normal_Task) for Buzzer_Normal_Task
    app.o(i.App_Task) refers to vofa.o(i.Vofa_Task) for Vofa_Task
    app.o(i.App_Task) refers to chassis.o(i.Chassis_Task) for Chassis_Task
    app.o(i.App_Task) refers to led.o(i.Led_Error_Task) for Led_Error_Task
    app.o(i.App_Task) refers to buzzer.o(i.Buzzer_Error_Task) for Buzzer_Error_Task
    app.o(i.App_Task) refers to communicate.o(i.Communicate_Task) for Communicate_Task
    app.o(i.App_Task) refers to app.o(.data) for .data
    app.o(i.App_Task) refers to communicate.o(.data) for Can_Communicate
    chassis.o(i.Chassis_Init) refers to pid.o(i.Pid_Init) for Pid_Init
    chassis.o(i.Chassis_Init) refers to pid.o(i.Pid_Set) for Pid_Set
    chassis.o(i.Chassis_Init) refers to curve_mapping.o(i.Curve_Config_Init) for Curve_Config_Init
    chassis.o(i.Chassis_Init) refers to chassis.o(.bss) for .bss
    chassis.o(i.Chassis_Omni_Calc) refers to chassis.o(i.Update_Yaw_Angle) for Update_Yaw_Angle
    chassis.o(i.Chassis_Omni_Calc) refers to fmodf.o(i.__hardfp_fmodf) for __hardfp_fmodf
    chassis.o(i.Chassis_Omni_Calc) refers to cosf.o(i.__hardfp_cosf) for __hardfp_cosf
    chassis.o(i.Chassis_Omni_Calc) refers to sinf.o(i.__hardfp_sinf) for __hardfp_sinf
    chassis.o(i.Chassis_Omni_Calc) refers to pid.o(i.Pid_Calc) for Pid_Calc
    chassis.o(i.Chassis_Omni_Calc) refers to limiter.o(i.Apply_Speed_Ramp) for Apply_Speed_Ramp
    chassis.o(i.Chassis_Omni_Calc) refers to dji_motor.o(i.Dji_Motor_Set_Current) for Dji_Motor_Set_Current
    chassis.o(i.Chassis_Omni_Calc) refers to chassis.o(.bss) for .bss
    chassis.o(i.Chassis_Omni_Calc) refers to communicate.o(.data) for Can_Communicate
    chassis.o(i.Chassis_Omni_Calc) refers to at9s.o(.bss) for At9s
    chassis.o(i.Chassis_Omni_Calc) refers to chassis.o(.constdata) for .constdata
    chassis.o(i.Chassis_Omni_Get_Data) refers to dji_motor.o(.data) for DJI_Motor
    chassis.o(i.Chassis_Omni_Get_Data) refers to chassis.o(.bss) for .bss
    chassis.o(i.Chassis_Task) refers to chassis.o(i.Chassis_Omni_Get_Data) for Chassis_Omni_Get_Data
    chassis.o(i.Chassis_Task) refers to chassis.o(i.Chassis_Yaw_Get_Data) for Chassis_Yaw_Get_Data
    chassis.o(i.Chassis_Task) refers to chassis.o(i.Chassis_Omni_Calc) for Chassis_Omni_Calc
    chassis.o(i.Chassis_Task) refers to chassis.o(i.Chassis_Yaw_Calc) for Chassis_Yaw_Calc
    chassis.o(i.Chassis_Task) refers to chassis.o(.bss) for .bss
    chassis.o(i.Chassis_Timing_Callback) refers to chassis.o(.bss) for .bss
    chassis.o(i.Chassis_Yaw_Calc) refers to pid.o(i.Pid_Calc) for Pid_Calc
    chassis.o(i.Chassis_Yaw_Calc) refers to dji_motor.o(i.Dji_Motor_Set_Current) for Dji_Motor_Set_Current
    chassis.o(i.Chassis_Yaw_Calc) refers to communicate.o(.data) for Can_Communicate
    chassis.o(i.Chassis_Yaw_Calc) refers to chassis.o(.data) for .data
    chassis.o(i.Chassis_Yaw_Calc) refers to chassis.o(.bss) for .bss
    chassis.o(i.Chassis_Yaw_Calc) refers to at9s.o(.bss) for At9s
    chassis.o(i.Chassis_Yaw_Get_Data) refers to dji_motor.o(.data) for DJI_Motor
    chassis.o(i.Chassis_Yaw_Get_Data) refers to chassis.o(.bss) for .bss
    chassis.o(i.Update_Yaw_Angle) refers to chassis.o(.data) for .data
    usart_callback.o(i.HAL_UARTEx_RxEventCallback) refers to at9s.o(i.At9s_Rx_Callback) for At9s_Rx_Callback
    usart_callback.o(i.HAL_UARTEx_RxEventCallback) refers to hi12.o(i.Hi12_Rx_Callback) for Hi12_Rx_Callback
    usart_callback.o(i.HAL_UARTEx_RxEventCallback) refers to usart.o(.bss) for huart3
    can_callback.o(i.HAL_CAN_RxFifo0MsgPendingCallback) refers to stm32f4xx_hal_can.o(i.HAL_CAN_GetRxMessage) for HAL_CAN_GetRxMessage
    can_callback.o(i.HAL_CAN_RxFifo0MsgPendingCallback) refers to main.o(i.Error_Handler) for Error_Handler
[...]
    i.HAL_SYSTICK_Config                     0x080027e0   Section        0  stm32f4xx_hal_cortex.o(i.HAL_SYSTICK_Config)
    i.HAL_TIMEx_BreakCallback                0x08002808   Section        0  stm32f4xx_hal_tim_ex.o(i.HAL_TIMEx_BreakCallback)
    i.HAL_TIMEx_CommutCallback               0x0800280a   Section        0  stm32f4xx_hal_tim_ex.o(i.HAL_TIMEx_CommutCallback)
    i.HAL_TIMEx_MasterConfigSynchronization  0x0800280c   Section        0  stm32f4xx_hal_tim_ex.o(i.HAL_TIMEx_MasterConfigSynchronization)
    i.HAL_TIM_Base_Init                      0x0800289c   Section        0  stm32f4xx_hal_tim.o(i.HAL_TIM_Base_Init)
    i.HAL_TIM_Base_MspInit                   0x080028f8   Section        0  tim.o(i.HAL_TIM_Base_MspInit)
    i.HAL_TIM_Base_Start_IT                  0x08002950   Section        0  stm32f4xx_hal_tim.o(i.HAL_TIM_Base_Start_IT)
    i.HAL_TIM_ConfigClockSource              0x080029d0   Section        0  stm32f4xx_hal_tim.o(i.HAL_TIM_ConfigClockSource)
    i.HAL_TIM_IC_CaptureCallback             0x08002aac   Section        0  stm32f4xx_hal_tim.o(i.HAL_TIM_IC_CaptureCallback)
    i.HAL_TIM_IRQHandler                     0x08002aae   Section        0  stm32f4xx_hal_tim.o(i.HAL_TIM_IRQHandler)
    i.HAL_TIM_MspPostInit                    0x08002be0   Section        0  tim.o(i.HAL_TIM_MspPostInit)
    i.HAL_TIM_OC_DelayElapsedCallback        0x08002c34   Section        0  stm32f4xx_hal_tim.o(i.HAL_TIM_OC_DelayElapsedCallback)
    i.HAL_TIM_PWM_ConfigChannel              0x08002c36   Section        0  stm32f4xx_hal_tim.o(i.HAL_TIM_PWM_ConfigChannel)
    i.HAL_TIM_PWM_Init                       0x08002d02   Section        0  stm32f4xx_hal_tim.o(i.HAL_TIM_PWM_Init)
    i.HAL_TIM_PWM_MspInit                    0x08002d5c   Section        0  stm32f4xx_hal_tim.o(i.HAL_TIM_PWM_MspInit)
    i.HAL_TIM_PWM_PulseFinishedCallback      0x08002d5e   Section        0  stm32f4xx_hal_tim.o(i.HAL_TIM_PWM_PulseFinishedCallback)
    i.HAL_TIM_PWM_Start                      0x08002d60   Section        0  stm32f4xx_hal_tim.o(i.HAL_TIM_PWM_Start)
    i.HAL_TIM_PeriodElapsedCallback          0x08002e28   Section        0  tim_callback.o(i.HAL_TIM_PeriodElapsedCallback)
    i.HAL_TIM_TriggerCallback                0x08002e58   Section        0  stm32f4xx_hal_tim.o(i.HAL_TIM_TriggerCallback)
    i.HAL_UARTEx_ReceiveToIdle_DMA           0x08002e5a   Section        0  stm32f4xx_hal_uart.o(i.HAL_UARTEx_ReceiveToIdle_DMA)
    i.HAL_UARTEx_RxEventCallback             0x08002ea4   Section        0  usart_callback.o(i.HAL_UARTEx_RxEventCallback)
    i.HAL_UART_ErrorCallback                 0x08002ec4   Section        0  stm32f4xx_hal_uart.o(i.HAL_UART_ErrorCallback)
    i.HAL_UART_IRQHandler                    0x08002ec8   Section        0  stm32f4xx_hal_uart.o(i.HAL_UART_IRQHandler)
    i.HAL_UART_Init                          0x08003148   Section        0  stm32f4xx_hal_uart.o(i.HAL_UART_Init)
    i.HAL_UART_MspInit                       0x080031ac   Section        0  usart.o(i.HAL_UART_MspInit)
    i.HAL_UART_RxCpltCallback                0x08003444   Section        0  stm32f4xx_hal_uart.o(i.HAL_UART_RxCpltCallback)
    i.HAL_UART_RxHalfCpltCallback            0x08003446   Section        0  stm32f4xx_hal_uart.o(i.HAL_UART_RxHalfCpltCallback)
    i.HAL_UART_Transmit_DMA                  0x08003448   Section        0  stm32f4xx_hal_uart.o(i.HAL_UART_Transmit_DMA)
    i.HAL_UART_TxCpltCallback                0x080034cc   Section        0  stm32f4xx_hal_uart.o(i.HAL_UART_TxCpltCallback)
    i.HAL_UART_TxHalfCpltCallback            0x080034ce   Section        0  stm32f4xx_hal_uart.o(i.HAL_UART_TxHalfCpltCallback)
    i.HardFault_Handler                      0x080034d0   Section        0  stm32f4xx_it.o(i.HardFault_Handler)
    i.Hi12_Check_Status                      0x080034d2   Section        0  hi12.o(i.Hi12_Check_Status)
    i.Hi12_Init                              0x08003520   Section        0  hi12.o(i.Hi12_Init)
    i.Hi12_Parse_IMUFrame                    0x08003554   Section        0  hi12.o(i.Hi12_Parse_IMUFrame)
    i.Hi12_Rx_Callback                       0x080035dc   Section        0  hi12.o(i.Hi12_Rx_Callback)
    i.Hi_Parse_Data                          0x080035f4   Section        0  hi12.o(i.Hi_Parse_Data)
    i.Hi_Timing_Callback                     0x08003684   Section        0  hi12.o(i.Hi_Timing_Callback)
    i.Led_Error_Task                         0x0800369c   Section        0  led.o(i.Led_Error_Task)
    i.Led_Init                               0x080036d4   Section        0  led.o(i.Led_Init)
    i.Led_Normal_Task                        0x08003708   Section        0  led.o(i.Led_Normal_Task)
    i.Led_Timing_Callback                    0x08003744   Section        0  led.o(i.Led_Timing_Callback)
    i.Lpf_Config                             0x08003758   Section        0  filter.o(i.Lpf_Config)
    i.Lpf_Update                             0x0800376a   Section        0  filter.o(i.Lpf_Update)
    i.MX_CAN1_Init                           0x0800379c   Section        0  can.o(i.MX_CAN1_Init)
    i.MX_CAN2_Init                           0x080037e0   Section        0  can.o(i.MX_CAN2_Init)
    i.MX_DMA_Init                            0x08003824   Section        0  dma.o(i.MX_DMA_Init)
    i.MX_GPIO_Init                           0x080038a0   Section        0  gpio.o(i.MX_GPIO_Init)
    i.MX_TIM1_Init                           0x08003940   Section        0  tim.o(i.MX_TIM1_Init)
    i.MX_TIM4_Init                           0x080039ac   Section        0  tim.o(i.MX_TIM4_Init)
    i.MX_USART1_UART_Init                    0x08003a48   Section        0  usart.o(i.MX_USART1_UART_Init)
    i.MX_USART3_UART_Init                    0x08003a80   Section        0  usart.o(i.MX_USART3_UART_Init)
    i.MX_USART6_UART_Init                    0x08003ac4   Section        0  usart.o(i.MX_USART6_UART_Init)
    i.MemManage_Handler                      0x08003afc   Section        0  stm32f4xx_it.o(i.MemManage_Handler)
    i.NMI_Handler                            0x08003afe   Section        0  stm32f4xx_it.o(i.NMI_Handler)
    i.PendSV_Handler                         0x08003b00   Section        0  stm32f4xx_it.o(i.PendSV_Handler)
    i.Pid_Calc                               0x08003b04   Section        0  pid.o(i.Pid_Calc)
    i.Pid_Init                               0x08003c38   Section        0  pid.o(i.Pid_Init)
    i.Pid_Set                                0x08003c58   Section        0  pid.o(i.Pid_Set)
    i.SVC_Handler                            0x08003c7a   Section        0  stm32f4xx_it.o(i.SVC_Handler)
    i.Super_Cap_Get_Data                     0x08003c7c   Section        0  super_cap.o(i.Super_Cap_Get_Data)
    i.Super_Cap_Set_Power                    0x08003ce8   Section        0  super_cap.o(i.Super_Cap_Set_Power)
    i.SysTick_Handler                        0x08003d4c   Section        0  stm32f4xx_it.o(i.SysTick_Handler)
    i.SystemClock_Config                     0x08003d50   Section        0  main.o(i.SystemClock_Config)
    i.SystemInit                             0x08003de4   Section        0  system_stm32f4xx.o(i.SystemInit)
    i.TIM1_UP_TIM10_IRQHandler               0x08003df4   Section        0  stm32f4xx_it.o(i.TIM1_UP_TIM10_IRQHandler)
    i.TIM_Base_SetConfig                     0x08003e00   Section        0  stm32f4xx_hal_tim.o(i.TIM_Base_SetConfig)
    i.TIM_CCxChannelCmd                      0x08003ed0   Section        0  stm32f4xx_hal_tim.o(i.TIM_CCxChannelCmd)
    i.TIM_ETR_SetConfig                      0x08003eea   Section        0  stm32f4xx_hal_tim.o(i.TIM_ETR_SetConfig)
    i.TIM_ITRx_SetConfig                     0x08003efe   Section        0  stm32f4xx_hal_tim.o(i.TIM_ITRx_SetConfig)
    TIM_ITRx_SetConfig                       0x08003eff   Thumb Code    16  stm32f4xx_hal_tim.o(i.TIM_ITRx_SetConfig)
    i.TIM_OC1_SetConfig                      0x08003f10   Section        0  stm32f4xx_hal_tim.o(i.TIM_OC1_SetConfig)
    TIM_OC1_SetConfig                        0x08003f11   Thumb Code    88  stm32f4xx_hal_tim.o(i.TIM_OC1_SetConfig)
    i.TIM_OC2_SetConfig                      0x08003f70   Section        0  stm32f4xx_hal_tim.o(i.TIM_OC2_SetConfig)
    i.TIM_OC3_SetConfig                      0x08003fdc   Section        0  stm32f4xx_hal_tim.o(i.TIM_OC3_SetConfig)
    TIM_OC3_SetConfig                        0x08003fdd   Thumb Code    96  stm32f4xx_hal_tim.o(i.TIM_OC3_SetConfig)
    i.TIM_OC4_SetConfig                      0x08004044   Section        0  stm32f4xx_hal_tim.o(i.TIM_OC4_SetConfig)
    TIM_OC4_SetConfig                        0x08004045   Thumb Code    70  stm32f4xx_hal_tim.o(i.TIM_OC4_SetConfig)
    i.TIM_TI1_ConfigInputStage               0x08004094   Section        0  stm32f4xx_hal_tim.o(i.TIM_TI1_ConfigInputStage)
    TIM_TI1_ConfigInputStage                 0x08004095   Thumb Code    34  stm32f4xx_hal_tim.o(i.TIM_TI1_ConfigInputStage)
    i.TIM_TI2_ConfigInputStage               0x080040b6   Section        0  stm32f4xx_hal_tim.o(i.TIM_TI2_ConfigInputStage)
    TIM_TI2_ConfigInputStage                 0x080040b7   Thumb Code    36  stm32f4xx_hal_tim.o(i.TIM_TI2_ConfigInputStage)
    i.UART_DMAAbortOnError                   0x080040da   Section        0  stm32f4xx_hal_uart.o(i.UART_DMAAbortOnError)
    UART_DMAAbortOnError                     0x080040db   Thumb Code    14  stm32f4xx_hal_uart.o(i.UART_DMAAbortOnError)
    i.UART_DMAError                          0x080040e8   Section        0  stm32f4xx_hal_uart.o(i.UART_DMAError)
    UART_DMAError                            0x080040e9   Thumb Code    74  stm32f4xx_hal_uart.o(i.UART_DMAError)
    i.UART_DMAReceiveCplt                    0x08004132   Section        0  stm32f4xx_hal_uart.o(i.UART_DMAReceiveCplt)
    UART_DMAReceiveCplt                      0x08004133   Thumb Code   134  stm32f4xx_hal_uart.o(i.UART_DMAReceiveCplt)
    i.UART_DMARxHalfCplt                     0x080041b8   Section        0  stm32f4xx_hal_uart.o(i.UART_DMARxHalfCplt)
    UART_DMARxHalfCplt                       0x080041b9   Thumb Code    30  stm32f4xx_hal_uart.o(i.UART_DMARxHalfCplt)
    i.UART_DMATransmitCplt                   0x080041d6   Section        0  stm32f4xx_hal_uart.o(i.UART_DMATransmitCplt)
    UART_DMATransmitCplt                     0x080041d7   Thumb Code    66  stm32f4xx_hal_uart.o(i.UART_DMATransmitCplt)
    i.UART_DMATxHalfCplt                     0x08004218   Section        0  stm32f4xx_hal_uart.o(i.UART_DMATxHalfCplt)
    UART_DMATxHalfCplt                       0x08004219   Thumb Code    10  stm32f4xx_hal_uart.o(i.UART_DMATxHalfCplt)
    i.UART_EndRxTransfer                     0x08004222   Section        0  stm32f4xx_hal_uart.o(i.UART_EndRxTransfer)
    UART_EndRxTransfer                       0x08004223   Thumb Code    78  stm32f4xx_hal_uart.o(i.UART_EndRxTransfer)
    i.UART_EndTxTransfer                     0x08004270   Section        0  stm32f4xx_hal_uart.o(i.UART_EndTxTransfer)
    UART_EndTxTransfer                       0x08004271   Thumb Code    28  stm32f4xx_hal_uart.o(i.UART_EndTxTransfer)
    i.UART_Receive_IT                        0x0800428c   Section        0  stm32f4xx_hal_uart.o(i.UART_Receive_IT)
    UART_Receive_IT                          0x0800428d   Thumb Code   194  stm32f4xx_hal_uart.o(i.UART_Receive_IT)
    i.UART_SetConfig                         0x08004350   Section        0  stm32f4xx_hal_uart.o(i.UART_SetConfig)
    UART_SetConfig                           0x08004351   Thumb Code   258  stm32f4xx_hal_uart.o(i.UART_SetConfig)
    i.UART_Start_Receive_DMA                 0x0800445c   Section        0  stm32f4xx_hal_uart.o(i.UART_Start_Receive_DMA)
    i.USART1_IRQHandler                      0x080044fc   Section        0  stm32f4xx_it.o(i.USART1_IRQHandler)
    i.USART3_IRQHandler                      0x08004508   Section        0  stm32f4xx_it.o(i.USART3_IRQHandler)
    i.USART6_IRQHandler                      0x08004514   Section        0  stm32f4xx_it.o(i.USART6_IRQHandler)
    i.Update_Yaw_Angle                       0x08004520   Section        0  chassis.o(i.Update_Yaw_Angle)
    i.UsageFault_Handler                     0x080045cc   Section        0  stm32f4xx_it.o(i.UsageFault_Handler)
    i.Vofa_Init                              0x080045d0   Section        0  vofa.o(i.Vofa_Init)
    i.Vofa_JustFloat_Send                    0x08004648   Section        0  vofa.o(i.Vofa_JustFloat_Send)
    i.Vofa_Task                              0x08004694   Section        0  vofa.o(i.Vofa_Task)
    i.Vofa_Timing_Callback                   0x080046d8   Section        0  vofa.o(i.Vofa_Timing_Callback)
    i.__ARM_fpclassifyf                      0x080046f0   Section        0  fpclassifyf.o(i.__ARM_fpclassifyf)
    i.__NVIC_SetPriority                     0x08004716   Section        0  stm32f4xx_hal_cortex.o(i.__NVIC_SetPriority)
    __NVIC_SetPriority                       0x08004717   Thumb Code    32  stm32f4xx_hal_cortex.o(i.__NVIC_SetPriority)
    i.__hardfp_cosf                          0x08004738   Section        0  cosf.o(i.__hardfp_cosf)
    i.__hardfp_fminf                         0x08004888   Section        0  fminf.o(i.__hardfp_fminf)
    i.__hardfp_fmodf                         0x080048d0   Section        0  fmodf.o(i.__hardfp_fmodf)
    i.__hardfp_sinf                          0x08004980   Section        0  sinf.o(i.__hardfp_sinf)
    i.__mathlib_flt_infnan                   0x08004b10   Section        0  funder.o(i.__mathlib_flt_infnan)
    i.__mathlib_flt_invalid                  0x08004b18   Section        0  funder.o(i.__mathlib_flt_invalid)
    i.__mathlib_flt_underflow                0x08004b28   Section        0  funder.o(i.__mathlib_flt_underflow)
    i.__mathlib_rredf2                       0x08004b38   Section        0  rredf.o(i.__mathlib_rredf2)
    i.__scatterload_copy                     0x08004c8c   Section       14  handlers.o(i.__scatterload_copy)
    i.__scatterload_null                     0x08004c9a   Section        2  handlers.o(i.__scatterload_null)
    i.__scatterload_zeroinit                 0x08004c9c   Section       14  handlers.o(i.__scatterload_zeroinit)
    i.__set_errno                            0x08004cac   Section        0  errno.o(i.__set_errno)
    i.main                                   0x08004cb8   Section        0  main.o(i.main)
    i.normalize                              0x08004cf4   Section        0  at9s.o(i.normalize)
    normalize                                0x08004cf5   Thumb Code    80  at9s.o(i.normalize)
    .constdata                               0x08004d4c   Section       48  chassis.o(.constdata)
    MECANUM_MATRIX                           0x08004d4c   Data          48  chassis.o(.constdata)
    .constdata                               0x08004d7c   Section        5  vofa.o(.constdata)
    .constdata                               0x08004d81   Section        8  stm32f4xx_hal_dma.o(.constdata)
    flagBitshiftOffset                       0x08004d81   Data           8  stm32f4xx_hal_dma.o(.constdata)
    .constdata                               0x08004d89   Section       16  system_stm32f4xx.o(.constdata)
    .constdata                               0x08004d99   Section        8  system_stm32f4xx.o(.constdata)
    .constdata                               0x08004da4   Section       32  rredf.o(.constdata)
    twooverpi                                0x08004da4   Data          32  rredf.o(.constdata)
    .data                                    0x20000000   Section        1  app.o(.data)
    .data                                    0x20000004   Section       24  chassis.o(.data)
    first_enter                              0x20000004   Data           1  chassis.o(.data)
    yaw_rotation_count                       0x20000006   Data           2  chassis.o(.data)
    previous_yaw                             0x20000008   Data           4  chassis.o(.data)
    continuous_yaw                           0x2000000c   Data           4  chassis.o(.data)
    previous_yaw                             0x20000010   Data           4  chassis.o(.data)
    rotation_count                           0x20000014   Data           4  chassis.o(.data)
    absolute_angle                           0x20000018   Data           4  chassis.o(.data)
    .data                                    0x2000001c   Section       12  buzzer.o(.data)
    i                                        0x2000001c   Data           1  buzzer.o(.data)
    .data                                    0x20000028   Section        8  led.o(.data)
    .data                                    0x20000030   Section       30  dji_motor.o(.data)
    .data                                    0x2000004e   Section       24  super_cap.o(.data)
    .data                                    0x20000066   Section       33  communicate.o(.data)
    .data                                    0x20000087   Section        8  bsp_can.o(.data)
    .data                                    0x2000008f   Section        8  bsp_can.o(.data)
    .data                                    0x20000098   Section        4  can.o(.data)
    HAL_RCC_CAN1_CLK_ENABLED                 0x20000098   Data           4  can.o(.data)
    .data                                    0x2000009c   Section       12  stm32f4xx_hal.o(.data)
    .data                                    0x200000a8   Section        4  system_stm32f4xx.o(.data)
    .data                                    0x200000ac   Section        4  errno.o(.data)
    _errno                                   0x200000ac   Data           4  errno.o(.data)
    .bss                                     0x200000b0   Section      517  chassis.o(.bss)
    .bss                                     0x200002b5   Section      525  vofa.o(.bss)
    .bss                                     0x200004c2   Section      162  at9s.o(.bss)
    .bss                                     0x20000564   Section       48  dji_motor.o(.bss)
    .bss                                     0x20000594   Section       12  dji_motor.o(.bss)
    .bss                                     0x200005a0   Section      348  hi12.o(.bss)
    .bss                                     0x200006fc   Section       80  can.o(.bss)
    .bss                                     0x2000074c   Section      144  tim.o(.bss)
    .bss                                     0x200007dc   Section      696  usart.o(.bss)
    STACK                                    0x20000a98   Section     1024  startup_stm32f407xx.o(STACK)

    Global Symbols

    Symbol Name                              Value     Ov Type        Size  Object(Section)

    BuildAttributes$$THM_ISAv4$E$P$D$K$B$S$7EM$VFPi3$EXTD16$VFPS$VFMA$PE$A:L22UL41UL21$X:L11$S22US41US21$IEEE1$IW$USESV6$~STKCKD$USESV7$~SHL$OTIME$ROPI$IEEEX$EBA8$MICROLIB$REQ8$PRES8$EABIv2 0x00000000   Number         0  anon$$obj.o ABSOLUTE
    __ARM_use_no_argv                        0x00000000   Number         0  main.o ABSOLUTE
    _printf_a                                0x00000000   Number         0  stubs.o ABSOLUTE
    _printf_c                                0x00000000   Number         0  stubs.o ABSOLUTE
    _printf_charcount                        0x00000000   Number         0  stubs.o ABSOLUTE
    _printf_d                                0x00000000   Number         0  stubs.o ABSOLUTE
    _printf_e                                0x00000000   Number         0  stubs.o ABSOLUTE
    _printf_f                                0x00000000   Number         0  stubs.o ABSOLUTE
    _printf_flags                            0x00000000   Number         0  stubs.o ABSOLUTE
    _printf_fp_dec                           0x00000000   Number         0  stubs.o ABSOLUTE
    _printf_fp_hex                           0x00000000   Number         0  stubs.o ABSOLUTE
    _printf_g                                0x00000000   Number         0  stubs.o ABSOLUTE
    _printf_i                                0x00000000   Number         0  stubs.o ABSOLUTE
    _printf_int_dec                          0x00000000   Number         0  stubs.o ABSOLUTE
    _printf_l                                0x00000000   Number         0  stubs.o ABSOLUTE
    _printf_lc                               0x00000000   Number         0  stubs.o ABSOLUTE
    _printf_ll                               0x00000000   Number         0  stubs.o ABSOLUTE
    _printf_lld                              0x00000000   Number         0  stubs.o ABSOLUTE
    _printf_lli                              0x00000000   Number         0  stubs.o ABSOLUTE
    _printf_llo                              0x00000000   Number         0  stubs.o ABSOLUTE
    _printf_llu                              0x00000000   Number         0  stubs.o ABSOLUTE
    _printf_llx                              0x00000000   Number         0  stubs.o ABSOLUTE
    _printf_longlong_dec                     0x00000000   Number         0  stubs.o ABSOLUTE
    _printf_longlong_hex                     0x00000000   Number         0  stubs.o ABSOLUTE
    _printf_longlong_oct                     0x00000000   Number         0  stubs.o ABSOLUTE
    _printf_ls                               0x00000000   Number         0  stubs.o ABSOLUTE
    _printf_mbtowc                           0x00000000   Number         0  stubs.o ABSOLUTE
    _printf_n                                0x00000000   Number         0  stubs.o ABSOLUTE
    _printf_o                                0x00000000   Number         0  stubs.o ABSOLUTE
    _printf_p                                0x00000000   Number         0  stubs.o ABSOLUTE
    _printf_percent                          0x00000000   Number         0  stubs.o ABSOLUTE
    _printf_pre_padding                      0x00000000   Number         0  stubs.o ABSOLUTE
    _printf_return_value                     0x00000000   Number         0  stubs.o ABSOLUTE
    _printf_s                                0x00000000   Number         0  stubs.o ABSOLUTE
    _printf_sizespec                         0x00000000   Number         0  stubs.o ABSOLUTE
    _printf_str                              0x00000000   Number         0  stubs.o ABSOLUTE
    _printf_truncate_signed                  0x00000000   Number         0  stubs.o ABSOLUTE
    _printf_truncate_unsigned                0x00000000   Number         0  stubs.o ABSOLUTE
    _printf_u                                0x00000000   Number         0  stubs.o ABSOLUTE
    _printf_wc                               0x00000000   Number         0  stubs.o ABSOLUTE
    _printf_wctomb                           0x00000000   Number         0  stubs.o ABSOLUTE
    _printf_widthprec                        0x00000000   Number         0  stubs.o ABSOLUTE
    _printf_x                                0x00000000   Number         0  stubs.o ABSOLUTE
    __arm_fini_                               - Undefined Weak Reference
    __cpp_initialize__aeabi_                  - Undefined Weak Reference
    __cxa_finalize                            - Undefined Weak Reference
    __decompress                              - Undefined Weak Reference
    _clock_init                               - Undefined Weak Reference
    _microlib_exit                            - Undefined Weak Reference
    __Vectors_Size                           0x00000188   Number         0  startup_stm32f407xx.o ABSOLUTE
    __Vectors                                0x08000000   Data           4  startup_stm32f407xx.o(RESET)
    __Vectors_End                            0x08000188   Data           0  startup_stm32f407xx.o(RESET)
    __main                                   0x08000189   Thumb Code     0  entry.o(.ARM.Collect$$$$00000000)
    _main_stk                                0x08000189   Thumb Code     0  entry2.o(.ARM.Collect$$$$00000001)
    _main_scatterload                        0x0800018d   Thumb Code     0  entry5.o(.ARM.Collect$$$$00000004)
    __main_after_scatterload                 0x08000191   Thumb Code     0  entry5.o(.ARM.Collect$$$$00000004)
    _main_clock                              0x08000191   Thumb Code     0  entry7b.o(.ARM.Collect$$$$00000008)
    _main_cpp_init                           0x08000191   Thumb Code     0  entry8b.o(.ARM.Collect$$$$0000000A)
    _main_init                               0x08000191   Thumb Code     0  entry9a.o(.ARM.Collect$$$$0000000B)
    __rt_lib_shutdown_fini                   0x08000199   Thumb Code     0  entry12b.o(.ARM.Collect$$$$0000000E)
    __rt_final_cpp                           0x0800019d   Thumb Code     0  entry10a.o(.ARM.Collect$$$$0000000F)
    __rt_final_exit                          0x0800019d   Thumb Code     0  entry11a.o(.ARM.Collect$$$$00000011)
    Reset_Handler                            0x080001a1   Thumb Code     8  startup_stm32f407xx.o(.text)
    ADC_IRQHandler                           0x080001bb   Thumb Code     0  startup_stm32f407xx.o(.text)
    CAN1_SCE_IRQHandler                      0x080001bb   Thumb Code     0  startup_stm32f407xx.o(.text)
    CAN1_TX_IRQHandler                       0x080001bb   Thumb Code     0  startup_stm32f407xx.o(.text)
    CAN2_SCE_IRQHandler                      0x080001bb   Thumb Code     0  startup_stm32f407xx.o(.text)
    CAN2_TX_IRQHandler                       0x080001bb   Thumb Code     0  startup_stm32f407xx.o(.text)
    DCMI_IRQHandler                          0x080001bb   Thumb Code     0  startup_stm32f407xx.o(.text)
    DMA1_Stream0_IRQHandler                  0x080001bb   Thumb Code     0  startup_stm32f407xx.o(.text)
    DMA1_Stream2_IRQHandler                  0x080001bb   Thumb Code     0  startup_stm32f407xx.o(.text)
    DMA1_Stream3_IRQHandler                  0x080001bb   Thumb Code     0  startup_stm32f407xx.o(.text)
    DMA1_Stream4_IRQHandler                  0x080001bb   Thumb Code     0  startup_stm32f407xx.o(.text)
    DMA1_Stream5_IRQHandler                  0x080001bb   Thumb Code     0  startup_stm32f407xx.o(.text)
    DMA1_Stream6_IRQHandler                  0x080001bb   Thumb Code     0  startup_stm32f407xx.o(.text)
    DMA1_Stream7_IRQHandler                  0x080001bb   Thumb Code     0  startup_stm32f407xx.o(.text)
    DMA2_Stream0_IRQHandler                  0x080001bb   Thumb Code     0  startup_stm32f407xx.o(.text)
    DMA2_Stream3_IRQHandler                  0x080001bb   Thumb Code     0  startup_stm32f407xx.o(.text)
    DMA2_Stream4_IRQHandler                  0x080001bb   Thumb Code     0  startup_stm32f407xx.o(.text)
    DMA2_Stream5_IRQHandler                  0x080001bb   Thumb Code     0  startup_stm32f407xx.o(.text)
    ETH_IRQHandler                           0x080001bb   Thumb Code     0  startup_stm32f407xx.o(.text)
    ETH_WKUP_IRQHandler                      0x080001bb   Thumb Code     0  startup_stm32f407xx.o(.text)
    EXTI0_IRQHandler                         0x080001bb   Thumb Code     0  startup_stm32f407xx.o(.text)
    EXTI15_10_IRQHandler                     0x080001bb   Thumb Code     0  startup_stm32f407xx.o(.text)
    EXTI1_IRQHandler                         0x080001bb   Thumb Code     0  startup_stm32f407xx.o(.text)
    EXTI2_IRQHandler                         0x080001bb   Thumb Code     0  startup_stm32f407xx.o(.text)
    EXTI3_IRQHandler                         0x080001bb   Thumb Code     0  startup_stm32f407xx.o(.text)
    EXTI4_IRQHandler                         0x080001bb   Thumb Code     0  startup_stm32f407xx.o(.text)
    EXTI9_5_IRQHandler                       0x080001bb   Thumb Code     0  startup_stm32f407xx.o(.text)
    FLASH_IRQHandler                         0x080001bb   Thumb Code     0  startup_stm32f407xx.o(.text)
    FMC_IRQHandler                           0x080001bb   Thumb Code     0  startup_stm32f407xx.o(.text)
    FPU_IRQHandler                           0x080001bb   Thumb Code     0  startup_stm32f407xx.o(.text)
    HASH_RNG_IRQHandler                      0x080001bb   Thumb Code     0  startup_stm32f407xx.o(.text)
    I2C1_ER_IRQHandler                       0x080001bb   Thumb Code     0  startup_stm32f407xx.o(.text)
    I2C1_EV_IRQHandler                       0x080001bb   Thumb Code     0  startup_stm32f407xx.o(.text)
    I2C2_ER_IRQHandler                       0x080001bb   Thumb Code     0  startup_stm32f407xx.o(.text)
    I2C2_EV_IRQHandler                       0x080001bb   Thumb Code     0  startup_stm32f407xx.o(.text)
    I2C3_ER_IRQHandler                       0x080001bb   Thumb Code     0  startup_stm32f407xx.o(.text)
    I2C3_EV_IRQHandler                       0x080001bb   Thumb Code     0  startup_stm32f407xx.o(.text)
    OTG_FS_IRQHandler                        0x080001bb   Thumb Code     0  startup_stm32f407xx.o(.text)
    OTG_FS_WKUP_IRQHandler                   0x080001bb   Thumb Code     0  startup_stm32f407xx.o(.text)
    OTG_HS_EP1_IN_IRQHandler                 0x080001bb   Thumb Code     0  startup_stm32f407xx.o(.text)
    OTG_HS_EP1_OUT_IRQHandler                0x080001bb   Thumb Code     0  startup_stm32f407xx.o(.text)
    OTG_HS_IRQHandler                        0x080001bb   Thumb Code     0  startup_stm32f407xx.o(.text)
    OTG_HS_WKUP_IRQHandler                   0x080001bb   Thumb Code     0  startup_stm32f407xx.o(.text)
    PVD_IRQHandler                           0x080001bb   Thumb Code     0  startup_stm32f407xx.o(.text)
    RCC_IRQHandler                           0x080001bb   Thumb Code     0  startup_stm32f407xx.o(.text)
    RTC_Alarm_IRQHandler                     0x080001bb   Thumb Code     0  startup_stm32f407xx.o(.text)
    RTC_WKUP_IRQHandler                      0x080001bb   Thumb Code     0  startup_stm32f407xx.o(.text)
    SDIO_IRQHandler                          0x080001bb   Thumb Code     0  startup_stm32f407xx.o(.text)
    SPI1_IRQHandler                          0x080001bb   Thumb Code     0  startup_stm32f407xx.o(.text)
    SPI2_IRQHandler                          0x080001bb   Thumb Code     0  startup_stm32f407xx.o(.text)
    SPI3_IRQHandler                          0x080001bb   Thumb Code     0  startup_stm32f407xx.o(.text)
    TAMP_STAMP_IRQHandler                    0x080001bb   Thumb Code     0  startup_stm32f407xx.o(.text)
    TIM1_BRK_TIM9_IRQHandler                 0x080001bb   Thumb Code     0  startup_stm32f407xx.o(.text)
    TIM1_CC_IRQHandler                       0x080001bb   Thumb Code     0  startup_stm32f407xx.o(.text)
    TIM1_TRG_COM_TIM11_IRQHandler            0x080001bb   Thumb Code     0  startup_stm32f407xx.o(.text)
    TIM2_IRQHandler                          0x080001bb   Thumb Code     0  startup_stm32f407xx.o(.text)
    TIM3_IRQHandler                          0x080001bb   Thumb Code     0  startup_stm32f407xx.o(.text)
    TIM4_IRQHandler                          0x080001bb   Thumb Code     0  startup_stm32f407xx.o(.text)
    TIM5_IRQHandler                          0x080001bb   Thumb Code     0  startup_stm32f407xx.o(.text)
    TIM6_DAC_IRQHandler                      0x080001bb   Thumb Code     0  startup_stm32f407xx.o(.text)
    TIM7_IRQHandler                          0x080001bb   Thumb Code     0  startup_stm32f407xx.o(.text)
    TIM8_BRK_TIM12_IRQHandler                0x080001bb   Thumb Code     0  startup_stm32f407xx.o(.text)
    TIM8_CC_IRQHandler                       0x080001bb   Thumb Code     0  startup_stm32f407xx.o(.text)
    TIM8_TRG_COM_TIM14_IRQHandler            0x080001bb   Thumb Code     0  startup_stm32f407xx.o(.text)
    TIM8_UP_TIM13_IRQHandler                 0x080001bb   Thumb Code     0  startup_stm32f407xx.o(.text)
    UART4_IRQHandler                         0x080001bb   Thumb Code     0  startup_stm32f407xx.o(.text)
    UART5_IRQHandler                         0x080001bb   Thumb Code     0  startup_stm32f407xx.o(.text)
    USART2_IRQHandler                        0x080001bb   Thumb Code     0  startup_stm32f407xx.o(.text)
    WWDG_IRQHandler                          0x080001bb   Thumb Code     0  startup_stm32f407xx.o(.text)
    __aeabi_uldivmod                         0x080001c5   Thumb Code    98  uldiv.o(.text)
    __aeabi_memcpy                           0x08000227   Thumb Code    36  memcpya.o(.text)
    __aeabi_memcpy4                          0x08000227   Thumb Code     0  memcpya.o(.text)
    __aeabi_memcpy8                          0x08000227   Thumb Code     0  memcpya.o(.text)
    __aeabi_memset                           0x0800024b   Thumb Code    14  memseta.o(.text)
    __aeabi_memset4                          0x0800024b   Thumb Code     0  memseta.o(.text)
    __aeabi_memset8                          0x0800024b   Thumb Code     0  memseta.o(.text)
    __aeabi_memclr                           0x08000259   Thumb Code     4  memseta.o(.text)
    __aeabi_memclr4                          0x08000259   Thumb Code     0  memseta.o(.text)
    __aeabi_memclr8                          0x08000259   Thumb Code     0  memseta.o(.text)
    _memset$wrapper                          0x0800025d   Thumb Code    18  memseta.o(.text)
    __aeabi_llsl                             0x0800026f   Thumb Code    30  llshl.o(.text)
    _ll_shift_l                              0x0800026f   Thumb Code     0  llshl.o(.text)
    __aeabi_llsr                             0x0800028d   Thumb Code    32  llushr.o(.text)
    _ll_ushift_r                             0x0800028d   Thumb Code     0  llushr.o(.text)
    __I$use$fp                               0x080002ad   Thumb Code     0  iusefp.o(.text)
    _frem                                    0x080002ad   Thumb Code    82  frem.o(.text)
    __ARM_fcmp4                              0x080002ff   Thumb Code    54  fcmp4.o(.text)
    _fcmp4                                   0x080002ff   Thumb Code     0  fcmp4.o(.text)
    __scatterload                            0x08000335   Thumb Code    28  init.o(.text)
    __scatterload_rt2                        0x08000335   Thumb Code     0  init.o(.text)
    _float_round                             0x08000359   Thumb Code    18  fepilogue.o(.text)
    _float_epilogue                          0x0800036b   Thumb Code    92  fepilogue.o(.text)
    App_Init                                 0x080003c7   Thumb Code    46  app.o(i.App_Init)
    App_Task                                 0x080003f5   Thumb Code    98  app.o(i.App_Task)
    Apply_Speed_Ramp                         0x08000465   Thumb Code   158  limiter.o(i.Apply_Speed_Ramp)
    At9s_Init                                0x08000505   Thumb Code   142  at9s.o(i.At9s_Init)
    At9s_Parse_Frame                         0x080005a9   Thumb Code   442  at9s.o(i.At9s_Parse_Frame)
    At9s_Rx_Callback                         0x08000771   Thumb Code    16  at9s.o(i.At9s_Rx_Callback)
    At9s_Timing_Callback                     0x08000785   Thumb Code    18  at9s.o(i.At9s_Timing_Callback)
    Bsp_Can_Init                             0x0800079d   Thumb Code    34  bsp_can.o(i.Bsp_Can_Init)
    Bsp_Can_Rx_Filter_Set                    0x080007c9   Thumb Code    60  bsp_can.o(i.Bsp_Can_Rx_Filter_Set)
    Bsp_Tim_Init                             0x08000805   Thumb Code     6  bsp_tim.o(i.Bsp_Tim_Init)
    BusFault_Handler                         0x08000811   Thumb Code     2  stm32f4xx_it.o(i.BusFault_Handler)
    Buzzer_Error_Task                        0x08000815   Thumb Code    52  buzzer.o(i.Buzzer_Error_Task)
    Buzzer_Init                              0x08000851   Thumb Code    14  buzzer.o(i.Buzzer_Init)
    Buzzer_Normal_Task                       0x08000869   Thumb Code    28  buzzer.o(i.Buzzer_Normal_Task)
    Buzzer_Timing_Callback                   0x0800088d   Thumb Code    16  buzzer.o(i.Buzzer_Timing_Callback)
    CAN1_RX0_IRQHandler                      0x080008a1   Thumb Code     6  stm32f4xx_it.o(i.CAN1_RX0_IRQHandler)
    CAN1_RX1_IRQHandler                      0x080008ad   Thumb Code     6  stm32f4xx_it.o(i.CAN1_RX1_IRQHandler)
    CAN2_RX0_IRQHandler                      0x080008b9   Thumb Code     6  stm32f4xx_it.o(i.CAN2_RX0_IRQHandler)
    CAN2_RX1_IRQHandler                      0x080008c5   Thumb Code     6  stm32f4xx_it.o(i.CAN2_RX1_IRQHandler)
    Chassis_Init                             0x080008d1   Thumb Code   360  chassis.o(i.Chassis_Init)
    Chassis_Omni_Calc                        0x08000a79   Thumb Code   578  chassis.o(i.Chassis_Omni_Calc)
    Chassis_Omni_Get_Data                    0x08000ce9   Thumb Code    52  chassis.o(i.Chassis_Omni_Get_Data)
    Chassis_Task                             0x08000d25   Thumb Code    46  chassis.o(i.Chassis_Task)
    Chassis_Timing_Callback                  0x08000d59   Thumb Code    18  chassis.o(i.Chassis_Timing_Callback)
    Chassis_Yaw_Calc                         0x08000d71   Thumb Code   252  chassis.o(i.Chassis_Yaw_Calc)
    Chassis_Yaw_Get_Data                     0x08000e95   Thumb Code    84  chassis.o(i.Chassis_Yaw_Get_Data)
    Communicate_Data_Process                 0x08000ef9   Thumb Code   120  communicate.o(i.Communicate_Data_Process)
    Communicate_Get_Data                     0x08000f79   Thumb Code    36  communicate.o(i.Communicate_Get_Data)
    Communicate_Init                         0x08000f9d   Thumb Code    16  communicate.o(i.Communicate_Init)
    Communicate_Rx_Filter_Set                0x08000fb1   Thumb Code   102  communicate.o(i.Communicate_Rx_Filter_Set)
    Communicate_Task                         0x08001021   Thumb Code   106  communicate.o(i.Communicate_Task)
    Communicate_Timing_Callback              0x08001099   Thumb Code    18  communicate.o(i.Communicate_Timing_Callback)
    Crc16_Update                             0x080010b1   Thumb Code    48  hi12.o(i.Crc16_Update)
    Curve_Config_Init                        0x080010e1   Thumb Code    34  curve_mapping.o(i.Curve_Config_Init)
    DMA1_Stream1_IRQHandler                  0x08001105   Thumb Code     6  stm32f4xx_it.o(i.DMA1_Stream1_IRQHandler)
    DMA2_Stream1_IRQHandler                  0x08001111   Thumb Code     6  stm32f4xx_it.o(i.DMA2_Stream1_IRQHandler)
    DMA2_Stream2_IRQHandler                  0x0800111d   Thumb Code     6  stm32f4xx_it.o(i.DMA2_Stream2_IRQHandler)
    DMA2_Stream6_IRQHandler                  0x08001129   Thumb Code     6  stm32f4xx_it.o(i.DMA2_Stream6_IRQHandler)
    DMA2_Stream7_IRQHandler                  0x08001135   Thumb Code     6  stm32f4xx_it.o(i.DMA2_Stream7_IRQHandler)
    DebugMon_Handler                         0x080011e5   Thumb Code     2  stm32f4xx_it.o(i.DebugMon_Handler)
    Dji_Motor_Chassis_Rx_Filter_Set          0x080011e9   Thumb Code   106  dji_motor.o(i.Dji_Motor_Chassis_Rx_Filter_Set)
    Dji_Motor_Data_Process                   0x0800125d   Thumb Code   112  dji_motor.o(i.Dji_Motor_Data_Process)
    Dji_Motor_Get_Data                       0x080012d5   Thumb Code    64  dji_motor.o(i.Dji_Motor_Get_Data)
    Dji_Motor_Init                           0x08001319   Thumb Code     4  dji_motor.o(i.Dji_Motor_Init)
    Dji_Motor_Set_Current                    0x0800131d   Thumb Code    94  dji_motor.o(i.Dji_Motor_Set_Current)
    Error_Handler                            0x08001381   Thumb Code     4  main.o(i.Error_Handler)
    HAL_CAN_ActivateNotification             0x08001385   Thumb Code    36  stm32f4xx_hal_can.o(i.HAL_CAN_ActivateNotification)
    HAL_CAN_AddTxMessage                     0x080013a9   Thumb Code   208  stm32f4xx_hal_can.o(i.HAL_CAN_AddTxMessage)
    HAL_CAN_ConfigFilter                     0x08001479   Thumb Code   262  stm32f4xx_hal_can.o(i.HAL_CAN_ConfigFilter)
    HAL_CAN_ErrorCallback                    0x08001585   Thumb Code     2  stm32f4xx_hal_can.o(i.HAL_CAN_ErrorCallback)
    HAL_CAN_GetRxMessage                     0x08001587   Thumb Code   244  stm32f4xx_hal_can.o(i.HAL_CAN_GetRxMessage)
    HAL_CAN_IRQHandler                       0x0800167b   Thumb Code   508  stm32f4xx_hal_can.o(i.HAL_CAN_IRQHandler)
    HAL_CAN_Init                             0x08001877   Thumb Code   282  stm32f4xx_hal_can.o(i.HAL_CAN_Init)
    HAL_CAN_MspInit                          0x08001991   Thumb Code   258  can.o(i.HAL_CAN_MspInit)
    HAL_CAN_RxFifo0FullCallback              0x08001aad   Thumb Code     2  stm32f4xx_hal_can.o(i.HAL_CAN_RxFifo0FullCallback)
    HAL_CAN_RxFifo0MsgPendingCallback        0x08001ab1   Thumb Code    96  can_callback.o(i.HAL_CAN_RxFifo0MsgPendingCallback)
    HAL_CAN_RxFifo1FullCallback              0x08001b25   Thumb Code     2  stm32f4xx_hal_can.o(i.HAL_CAN_RxFifo1FullCallback)
    HAL_CAN_RxFifo1MsgPendingCallback        0x08001b27   Thumb Code     2  stm32f4xx_hal_can.o(i.HAL_CAN_RxFifo1MsgPendingCallback)
    HAL_CAN_SleepCallback                    0x08001b29   Thumb Code     2  stm32f4xx_hal_can.o(i.HAL_CAN_SleepCallback)
    HAL_CAN_Start                            0x08001b2d   Thumb Code    88  stm32f4xx_hal_can.o(i.HAL_CAN_Start)
    HAL_CAN_TxMailbox0AbortCallback          0x08001b85   Thumb Code     2  stm32f4xx_hal_can.o(i.HAL_CAN_TxMailbox0AbortCallback)
    HAL_CAN_TxMailbox0CompleteCallback       0x08001b87   Thumb Code     2  stm32f4xx_hal_can.o(i.HAL_CAN_TxMailbox0CompleteCallback)
    HAL_CAN_TxMailbox1AbortCallback          0x08001b89   Thumb Code     2  stm32f4xx_hal_can.o(i.HAL_CAN_TxMailbox1AbortCallback)
    HAL_CAN_TxMailbox1CompleteCallback       0x08001b8b   Thumb Code     2  stm32f4xx_hal_can.o(i.HAL_CAN_TxMailbox1CompleteCallback)
    HAL_CAN_TxMailbox2AbortCallback          0x08001b8d   Thumb Code     2  stm32f4xx_hal_can.o(i.HAL_CAN_TxMailbox2AbortCallback)
    HAL_CAN_TxMailbox2CompleteCallback       0x08001b8f   Thumb Code     2  stm32f4xx_hal_can.o(i.HAL_CAN_TxMailbox2CompleteCallback)
    HAL_CAN_WakeUpFromRxMsgCallback          0x08001b91   Thumb Code     2  stm32f4xx_hal_can.o(i.HAL_CAN_WakeUpFromRxMsgCallback)
    HAL_DMA_Abort                            0x08001b93   Thumb Code   146  stm32f4xx_hal_dma.o(i.HAL_DMA_Abort)
    HAL_DMA_Abort_IT                         0x08001c25   Thumb Code    36  stm32f4xx_hal_dma.o(i.HAL_DMA_Abort_IT)
    HAL_DMA_IRQHandler                       0x08001c49   Thumb Code   412  stm32f4xx_hal_dma.o(i.HAL_DMA_IRQHandler)
    HAL_DMA_Init                             0x08001de9   Thumb Code   206  stm32f4xx_hal_dma.o(i.HAL_DMA_Init)
    HAL_DMA_Start_IT                         0x08001ebd   Thumb Code   110  stm32f4xx_hal_dma.o(i.HAL_DMA_Start_IT)
    HAL_Delay                                0x08001f2d   Thumb Code    32  stm32f4xx_hal.o(i.HAL_Delay)
    HAL_GPIO_Init                            0x08001f51   Thumb Code   450  stm32f4xx_hal_gpio.o(i.HAL_GPIO_Init)
    HAL_GPIO_TogglePin                       0x08002141   Thumb Code    16  stm32f4xx_hal_gpio.o(i.HAL_GPIO_TogglePin)
    HAL_GPIO_WritePin                        0x08002151   Thumb Code    10  stm32f4xx_hal_gpio.o(i.HAL_GPIO_WritePin)
    HAL_GetTick                              0x0800215d   Thumb Code     6  stm32f4xx_hal.o(i.HAL_GetTick)
    HAL_IncTick                              0x08002169   Thumb Code    12  stm32f4xx_hal.o(i.HAL_IncTick)
    HAL_Init                                 0x08002179   Thumb Code    48  stm32f4xx_hal.o(i.HAL_Init)
    HAL_InitTick                             0x080021ad   Thumb Code    54  stm32f4xx_hal.o(i.HAL_InitTick)
    HAL_MspInit                              0x080021ed   Thumb Code    42  stm32f4xx_hal_msp.o(i.HAL_MspInit)
    HAL_NVIC_EnableIRQ                       0x0800221d   Thumb Code    26  stm32f4xx_hal_cortex.o(i.HAL_NVIC_EnableIRQ)
    HAL_NVIC_SetPriority                     0x08002239   Thumb Code    60  stm32f4xx_hal_cortex.o(i.HAL_NVIC_SetPriority)
    HAL_NVIC_SetPriorityGrouping             0x08002279   Thumb Code    26  stm32f4xx_hal_cortex.o(i.HAL_NVIC_SetPriorityGrouping)
    HAL_RCC_ClockConfig                      0x0800229d   Thumb Code   288  stm32f4xx_hal_rcc.o(i.HAL_RCC_ClockConfig)
    HAL_RCC_GetPCLK1Freq                     0x080023d1   Thumb Code    20  stm32f4xx_hal_rcc.o(i.HAL_RCC_GetPCLK1Freq)
    HAL_RCC_GetPCLK2Freq                     0x080023f1   Thumb Code    20  stm32f4xx_hal_rcc.o(i.HAL_RCC_GetPCLK2Freq)
    HAL_RCC_GetSysClockFreq                  0x08002411   Thumb Code    88  stm32f4xx_hal_rcc.o(i.HAL_RCC_GetSysClockFreq)
    HAL_RCC_OscConfig                        0x08002475   Thumb Code   856  stm32f4xx_hal_rcc.o(i.HAL_RCC_OscConfig)
    HAL_SYSTICK_Config                       0x080027e1   Thumb Code    40  stm32f4xx_hal_cortex.o(i.HAL_SYSTICK_Config)
    HAL_TIMEx_BreakCallback                  0x08002809   Thumb Code     2  stm32f4xx_hal_tim_ex.o(i.HAL_TIMEx_BreakCallback)
    HAL_TIMEx_CommutCallback                 0x0800280b   Thumb Code     2  stm32f4xx_hal_tim_ex.o(i.HAL_TIMEx_CommutCallback)
    HAL_TIMEx_MasterConfigSynchronization    0x0800280d   Thumb Code   116  stm32f4xx_hal_tim_ex.o(i.HAL_TIMEx_MasterConfigSynchronization)
    HAL_TIM_Base_Init                        0x0800289d   Thumb Code    90  stm32f4xx_hal_tim.o(i.HAL_TIM_Base_Init)
    HAL_TIM_Base_MspInit                     0x080028f9   Thumb Code    76  tim.o(i.HAL_TIM_Base_MspInit)
    HAL_TIM_Base_Start_IT                    0x08002951   Thumb Code   100  stm32f4xx_hal_tim.o(i.HAL_TIM_Base_Start_IT)
    HAL_TIM_ConfigClockSource                0x080029d1   Thumb Code   220  stm32f4xx_hal_tim.o(i.HAL_TIM_ConfigClockSource)
    HAL_TIM_IC_CaptureCallback               0x08002aad   Thumb Code     2  stm32f4xx_hal_tim.o(i.HAL_TIM_IC_CaptureCallback)
    HAL_TIM_IRQHandler                       0x08002aaf   Thumb Code   304  stm32f4xx_hal_tim.o(i.HAL_TIM_IRQHandler)
    HAL_TIM_MspPostInit                      0x08002be1   Thumb Code    70  tim.o(i.HAL_TIM_MspPostInit)
    HAL_TIM_OC_DelayElapsedCallback          0x08002c35   Thumb Code     2  stm32f4xx_hal_tim.o(i.HAL_TIM_OC_DelayElapsedCallback)
    HAL_TIM_PWM_ConfigChannel                0x08002c37   Thumb Code   204  stm32f4xx_hal_tim.o(i.HAL_TIM_PWM_ConfigChannel)
    HAL_TIM_PWM_Init                         0x08002d03   Thumb Code    90  stm32f4xx_hal_tim.o(i.HAL_TIM_PWM_Init)
    HAL_TIM_PWM_MspInit                      0x08002d5d   Thumb Code     2  stm32f4xx_hal_tim.o(i.HAL_TIM_PWM_MspInit)
    HAL_TIM_PWM_PulseFinishedCallback        0x08002d5f   Thumb Code     2  stm32f4xx_hal_tim.o(i.HAL_TIM_PWM_PulseFinishedCallback)
    HAL_TIM_PWM_Start                        0x08002d61   Thumb Code   172  stm32f4xx_hal_tim.o(i.HAL_TIM_PWM_Start)
    HAL_TIM_PeriodElapsedCallback            0x08002e29   Thumb Code    44  tim_callback.o(i.HAL_TIM_PeriodElapsedCallback)
    HAL_TIM_TriggerCallback                  0x08002e59   Thumb Code     2  stm32f4xx_hal_tim.o(i.HAL_TIM_TriggerCallback)
    HAL_UARTEx_ReceiveToIdle_DMA             0x08002e5b   Thumb Code    74  stm32f4xx_hal_uart.o(i.HAL_UARTEx_ReceiveToIdle_DMA)
    HAL_UARTEx_RxEventCallback               0x08002ea5   Thumb Code    24  usart_callback.o(i.HAL_UARTEx_RxEventCallback)
    HAL_UART_ErrorCallback                   0x08002ec5   Thumb Code     2  stm32f4xx_hal_uart.o(i.HAL_UART_ErrorCallback)
    HAL_UART_IRQHandler                      0x08002ec9   Thumb Code   636  stm32f4xx_hal_uart.o(i.HAL_UART_IRQHandler)
    HAL_UART_Init                            0x08003149   Thumb Code   100  stm32f4xx_hal_uart.o(i.HAL_UART_Init)
    HAL_UART_MspInit                         0x080031ad   Thumb Code   616  usart.o(i.HAL_UART_MspInit)
    HAL_UART_RxCpltCallback                  0x08003445   Thumb Code     2  stm32f4xx_hal_uart.o(i.HAL_UART_RxCpltCallback)
    HAL_UART_RxHalfCpltCallback              0x08003447   Thumb Code     2  stm32f4xx_hal_uart.o(i.HAL_UART_RxHalfCpltCallback)
    HAL_UART_Transmit_DMA                    0x08003449   Thumb Code   120  stm32f4xx_hal_uart.o(i.HAL_UART_Transmit_DMA)
    HAL_UART_TxCpltCallback                  0x080034cd   Thumb Code     2  stm32f4xx_hal_uart.o(i.HAL_UART_TxCpltCallback)
    HAL_UART_TxHalfCpltCallback              0x080034cf   Thumb Code     2  stm32f4xx_hal_uart.o(i.HAL_UART_TxHalfCpltCallback)
    HardFault_Handler                        0x080034d1   Thumb Code     2  stm32f4xx_it.o(i.HardFault_Handler)
    Hi12_Check_Status                        0x080034d3   Thumb Code    78  hi12.o(i.Hi12_Check_Status)
    Hi12_Init                                0x08003521   Thumb Code    40  hi12.o(i.Hi12_Init)
    Hi12_Parse_IMUFrame                      0x08003555   Thumb Code   126  hi12.o(i.Hi12_Parse_IMUFrame)
    Hi12_Rx_Callback                         0x080035dd   Thumb Code    20  hi12.o(i.Hi12_Rx_Callback)
    Hi_Parse_Data                            0x080035f5   Thumb Code   142  hi12.o(i.Hi_Parse_Data)
    Hi_Timing_Callback                       0x08003685   Thumb Code    18  hi12.o(i.Hi_Timing_Callback)
    Led_Error_Task                           0x0800369d   Thumb Code    48  led.o(i.Led_Error_Task)
    Led_Init                                 0x080036d5   Thumb Code    44  led.o(i.Led_Init)
    Led_Normal_Task                          0x08003709   Thumb Code    50  led.o(i.Led_Normal_Task)
    Led_Timing_Callback                      0x08003745   Thumb Code    14  led.o(i.Led_Timing_Callback)
    Lpf_Config                               0x08003759   Thumb Code    18  filter.o(i.Lpf_Config)
    Lpf_Update                               0x0800376b   Thumb Code    48  filter.o(i.Lpf_Update)
    MX_CAN1_Init                             0x0800379d   Thumb Code    58  can.o(i.MX_CAN1_Init)
    MX_CAN2_Init                             0x080037e1   Thumb Code    58  can.o(i.MX_CAN2_Init)
    MX_DMA_Init                              0x08003825   Thumb Code   120  dma.o(i.MX_DMA_Init)
    MX_GPIO_Init                             0x080038a1   Thumb Code   150  gpio.o(i.MX_GPIO_Init)
    MX_TIM1_Init                             0x08003941   Thumb Code    98  tim.o(i.MX_TIM1_Init)
    MX_TIM4_Init                             0x080039ad   Thumb Code   148  tim.o(i.MX_TIM4_Init)
    MX_USART1_UART_Init                      0x08003a49   Thumb Code    48  usart.o(i.MX_USART1_UART_Init)
    MX_USART3_UART_Init                      0x08003a81   Thumb Code    54  usart.o(i.MX_USART3_UART_Init)
    MX_USART6_UART_Init                      0x08003ac5   Thumb Code    48  usart.o(i.MX_USART6_UART_Init)
    MemManage_Handler                        0x08003afd   Thumb Code     2  stm32f4xx_it.o(i.MemManage_Handler)
    NMI_Handler                              0x08003aff   Thumb Code     2  stm32f4xx_it.o(i.NMI_Handler)
    PendSV_Handler                           0x08003b01   Thumb Code     2  stm32f4xx_it.o(i.PendSV_Handler)
    Pid_Calc                                 0x08003b05   Thumb Code   308  pid.o(i.Pid_Calc)
    Pid_Init                                 0x08003c39   Thumb Code    32  pid.o(i.Pid_Init)
    Pid_Set                                  0x08003c59   Thumb Code    34  pid.o(i.Pid_Set)
    SVC_Handler                              0x08003c7b   Thumb Code     2  stm32f4xx_it.o(i.SVC_Handler)
    Super_Cap_Get_Data                       0x08003c7d   Thumb Code   100  super_cap.o(i.Super_Cap_Get_Data)
    Super_Cap_Set_Power                      0x08003ce9   Thumb Code    86  super_cap.o(i.Super_Cap_Set_Power)
    SysTick_Handler                          0x08003d4d   Thumb Code     4  stm32f4xx_it.o(i.SysTick_Handler)
    SystemClock_Config                       0x08003d51   Thumb Code   140  main.o(i.SystemClock_Config)
    SystemInit                               0x08003de5   Thumb Code    12  system_stm32f4xx.o(i.SystemInit)
    TIM1_UP_TIM10_IRQHandler                 0x08003df5   Thumb Code     6  stm32f4xx_it.o(i.TIM1_UP_TIM10_IRQHandler)
    TIM_Base_SetConfig                       0x08003e01   Thumb Code   164  stm32f4xx_hal_tim.o(i.TIM_Base_SetConfig)
    TIM_CCxChannelCmd                        0x08003ed1   Thumb Code    26  stm32f4xx_hal_tim.o(i.TIM_CCxChannelCmd)
    TIM_ETR_SetConfig                        0x08003eeb   Thumb Code    20  stm32f4xx_hal_tim.o(i.TIM_ETR_SetConfig)
    TIM_OC2_SetConfig                        0x08003f71   Thumb Code    98  stm32f4xx_hal_tim.o(i.TIM_OC2_SetConfig)
    UART_Start_Receive_DMA                   0x0800445d   Thumb Code   146  stm32f4xx_hal_uart.o(i.UART_Start_Receive_DMA)
    USART1_IRQHandler                        0x080044fd   Thumb Code     6  stm32f4xx_it.o(i.USART1_IRQHandler)
    USART3_IRQHandler                        0x08004509   Thumb Code     6  stm32f4xx_it.o(i.USART3_IRQHandler)
    USART6_IRQHandler                        0x08004515   Thumb Code     6  stm32f4xx_it.o(i.USART6_IRQHandler)
    Update_Yaw_Angle                         0x08004521   Thumb Code   144  chassis.o(i.Update_Yaw_Angle)
    UsageFault_Handler                       0x080045cd   Thumb Code     2  stm32f4xx_it.o(i.UsageFault_Handler)
    Vofa_Init                                0x080045d1   Thumb Code   100  vofa.o(i.Vofa_Init)
    Vofa_JustFloat_Send                      0x08004649   Thumb Code    66  vofa.o(i.Vofa_JustFloat_Send)
    Vofa_Task                                0x08004695   Thumb Code    54  vofa.o(i.Vofa_Task)
    Vofa_Timing_Callback                     0x080046d9   Thumb Code    18  vofa.o(i.Vofa_Timing_Callback)
    __ARM_fpclassifyf                        0x080046f1   Thumb Code    38  fpclassifyf.o(i.__ARM_fpclassifyf)
    __hardfp_cosf                            0x08004739   Thumb Code   280  cosf.o(i.__hardfp_cosf)
    __hardfp_fminf                           0x08004889   Thumb Code    72  fminf.o(i.__hardfp_fminf)
    __hardfp_fmodf                           0x080048d1   Thumb Code   176  fmodf.o(i.__hardfp_fmodf)
    __hardfp_sinf                            0x08004981   Thumb Code   344  sinf.o(i.__hardfp_sinf)
    __mathlib_flt_infnan                     0x08004b11   Thumb Code     6  funder.o(i.__mathlib_flt_infnan)
    __mathlib_flt_invalid                    0x08004b19   Thumb Code    10  funder.o(i.__mathlib_flt_invalid)
    __mathlib_flt_underflow                  0x08004b29   Thumb Code    10  funder.o(i.__mathlib_flt_underflow)
    __mathlib_rredf2                         0x08004b39   Thumb Code   316  rredf.o(i.__mathlib_rredf2)
    __scatterload_copy                       0x08004c8d   Thumb Code    14  handlers.o(i.__scatterload_copy)
    __scatterload_null                       0x08004c9b   Thumb Code     2  handlers.o(i.__scatterload_null)
    __scatterload_zeroinit                   0x08004c9d   Thumb Code    14  handlers.o(i.__scatterload_zeroinit)
    __set_errno                              0x08004cad   Thumb Code     6  errno.o(i.__set_errno)
    main                                     0x08004cb9   Thumb Code    58  main.o(i.main)
    vofa_firewater_tail                      0x08004d7c   Data           1  vofa.o(.constdata)
    vofa_justfloat_tail                      0x08004d7d   Data           4  vofa.o(.constdata)
    AHBPrescTable                            0x08004d89   Data          16  system_stm32f4xx.o(.constdata)
    APBPrescTable                            0x08004d99   Data           8  system_stm32f4xx.o(.constdata)
    Region$$Table$$Base                      0x08004dc4   Number         0  anon$$obj.o(Region$$Table)
    Region$$Table$$Limit                     0x08004de4   Number         0  anon$$obj.o(Region$$Table)
    AppState                                 0x20000000   Data           1  app.o(.data)
    Buzzer                                   0x20000020   Data           8  buzzer.o(.data)
    Led                                      0x20000028   Data           8  led.o(.data)
    DJI_Motor                                0x20000030   Data          30  dji_motor.o(.data)
    Super_Cap                                0x2000004e   Data          24  super_cap.o(.data)
    Can_Communicate                          0x20000066   Data          33  communicate.o(.data)
    Bsp_Can1_Fifo0_Rx_Data                   0x20000087   Data           8  bsp_can.o(.data)
    Bsp_Can2_Fifo0_Rx_Data                   0x2000008f   Data           8  bsp_can.o(.data)
    uwTickFreq                               0x2000009c   Data           1  stm32f4xx_hal.o(.data)
    uwTickPrio                               0x200000a0   Data           4  stm32f4xx_hal.o(.data)
    uwTick                                   0x200000a4   Data           4  stm32f4xx_hal.o(.data)
    SystemCoreClock                          0x200000a8   Data           4  system_stm32f4xx.o(.data)
    Chassis                                  0x200000b0   Data         517  chassis.o(.bss)
    Vofa                                     0x200002b5   Data         525  vofa.o(.bss)
    At9s                                     0x200004c2   Data         162  at9s.o(.bss)
    Dji_Chassis_Group_Data                   0x20000564   Data          48  dji_motor.o(.bss)
    Dji_Chassis_Yaw_Group_Data               0x20000594   Data          12  dji_motor.o(.bss)
    Hi12                                     0x200005a0   Data         348  hi12.o(.bss)
    hcan1                                    0x200006fc   Data          40  can.o(.bss)
    hcan2                                    0x20000724   Data          40  can.o(.bss)
    htim1                                    0x2000074c   Data          72  tim.o(.bss)
    htim4                                    0x20000794   Data          72  tim.o(.bss)
    huart1                                   0x200007dc   Data          72  usart.o(.bss)
    huart3                                   0x20000824   Data          72  usart.o(.bss)
    huart6                                   0x2000086c   Data          72  usart.o(.bss)
    hdma_usart1_rx                           0x200008b4   Data          96  usart.o(.bss)
    hdma_usart1_tx                           0x20000914   Data          96  usart.o(.bss)
    hdma_usart3_rx                           0x20000974   Data          96  usart.o(.bss)
    hdma_usart6_rx                           0x200009d4   Data          96  usart.o(.bss)
    hdma_usart6_tx                           0x20000a34   Data          96  usart.o(.bss)
    __initial_sp                             0x20000e98   Data           0  startup_stm32f407xx.o(STACK)



==============================================================================

Memory Map of the image

  Image Entry point : 0x08000189

  Load Region LR_IROM1 (Base: 0x08000000, Size: 0x00004e94, Max: 0x00100000, ABSOLUTE)

    Execution Region ER_IROM1 (Exec base: 0x08000000, Load base: 0x08000000, Size: 0x00004de4, Max: 0x00100000, ABSOLUTE)

    Exec Addr    Load Addr    Size         Type   Attr      Idx    E Section Name        Object

    0x08000000   0x08000000   0x00000188   Data   RO         1268    RESET               startup_stm32f407xx.o
    0x08000188   0x08000188   0x00000000   Code   RO         4522  * .ARM.Collect$$$$00000000  mc_w.l(entry.o)
    0x08000188   0x08000188   0x00000004   Code   RO         4843    .ARM.Collect$$$$00000001  mc_w.l(entry2.o)
    0x0800018c   0x0800018c   0x00000004   Code   RO         4846    .ARM.Collect$$$$00000004  mc_w.l(entry5.o)
    0x08000190   0x08000190   0x00000000   Code   RO         4848    .ARM.Collect$$$$00000008  mc_w.l(entry7b.o)
    0x08000190   0x08000190   0x00000000   Code   RO         4850    .ARM.Collect$$$$0000000A  mc_w.l(entry8b.o)
    0x08000190   0x08000190   0x00000008   Code   RO         4851    .ARM.Collect$$$$0000000B  mc_w.l(entry9a.o)
    0x08000198   0x08000198   0x00000004   Code   RO         4858    .ARM.Collect$$$$0000000E  mc_w.l(entry12b.o)
    0x0800019c   0x0800019c   0x00000000   Code   RO         4853    .ARM.Collect$$$$0000000F  mc_w.l(entry10a.o)
    0x0800019c   0x0800019c   0x00000000   Code   RO         4855    .ARM.Collect$$$$00000011  mc_w.l(entry11a.o)
    0x0800019c   0x0800019c   0x00000004   Code   RO         4844    .ARM.Collect$$$$00002712  mc_w.l(entry2.o)
    0x080001a0   0x080001a0   0x00000024   Code   RO         1269    .text               startup_stm32f407xx.o
    0x080001c4   0x080001c4   0x00000062   Code   RO         4525    .text               mc_w.l(uldiv.o)
    0x08000226   0x08000226   0x00000024   Code   RO         4527    .text               mc_w.l(memcpya.o)
    0x0800024a   0x0800024a   0x00000024   Code   RO         4529    .text               mc_w.l(memseta.o)
    0x0800026e   0x0800026e   0x0000001e   Code   RO         4862    .text               mc_w.l(llshl.o)
    0x0800028c   0x0800028c   0x00000020   Code   RO         4864    .text               mc_w.l(llushr.o)
    0x080002ac   0x080002ac   0x00000000   Code   RO         4875    .text               mc_w.l(iusefp.o)
    0x080002ac   0x080002ac   0x00000052   Code   RO         4876    .text               mf_w.l(frem.o)
    0x080002fe   0x080002fe   0x00000036   Code   RO         4888    .text               mf_w.l(fcmp4.o)
    0x08000334   0x08000334   0x00000024   Code   RO         4892    .text               mc_w.l(init.o)
    0x08000358   0x08000358   0x0000006e   Code   RO         4896    .text               mf_w.l(fepilogue.o)
    0x080003c6   0x080003c6   0x0000002e   Code   RO            4    i.App_Init          app.o
    0x080003f4   0x080003f4   0x00000070   Code   RO            5    i.App_Task          app.o
    0x08000464   0x08000464   0x0000009e   Code   RO          623    i.Apply_Speed_Ramp  limiter.o
    0x08000502   0x08000502   0x00000002   PAD
    0x08000504   0x08000504   0x000000a4   Code   RO          786    i.At9s_Init         at9s.o
    0x080005a8   0x080005a8   0x000001c8   Code   RO          787    i.At9s_Parse_Frame  at9s.o
    0x08000770   0x08000770   0x00000014   Code   RO          788    i.At9s_Rx_Callback  at9s.o
    0x08000784   0x08000784   0x00000018   Code   RO          790    i.At9s_Timing_Callback  at9s.o
    0x0800079c   0x0800079c   0x0000002c   Code   RO         1170    i.Bsp_Can_Init      bsp_can.o
    0x080007c8   0x080007c8   0x0000003c   Code   RO         1171    i.Bsp_Can_Rx_Filter_Set  bsp_can.o
    0x08000804   0x08000804   0x0000000c   Code   RO         1242    i.Bsp_Tim_Init      bsp_tim.o
    0x08000810   0x08000810   0x00000002   Code   RO         1523    i.BusFault_Handler  stm32f4xx_it.o
    0x08000812   0x08000812   0x00000002   PAD
    0x08000814   0x08000814   0x0000003c   Code   RO          852    i.Buzzer_Error_Task  buzzer.o
    0x08000850   0x08000850   0x00000018   Code   RO          853    i.Buzzer_Init       buzzer.o
    0x08000868   0x08000868   0x00000024   Code   RO          854    i.Buzzer_Normal_Task  buzzer.o
    0x0800088c   0x0800088c   0x00000014   Code   RO          855    i.Buzzer_Timing_Callback  buzzer.o
    0x080008a0   0x080008a0   0x0000000c   Code   RO         1524    i.CAN1_RX0_IRQHandler  stm32f4xx_it.o
    0x080008ac   0x080008ac   0x0000000c   Code   RO         1525    i.CAN1_RX1_IRQHandler  stm32f4xx_it.o
    0x080008b8   0x080008b8   0x0000000c   Code   RO         1526    i.CAN2_RX0_IRQHandler  stm32f4xx_it.o
    0x080008c4   0x080008c4   0x0000000c   Code   RO         1527    i.CAN2_RX1_IRQHandler  stm32f4xx_it.o
    0x080008d0   0x080008d0   0x000001a8   Code   RO          243    i.Chassis_Init      chassis.o
    0x08000a78   0x08000a78   0x00000270   Code   RO          244    i.Chassis_Omni_Calc  chassis.o
    0x08000ce8   0x08000ce8   0x0000003c   Code   RO          245    i.Chassis_Omni_Get_Data  chassis.o
    0x08000d24   0x08000d24   0x00000034   Code   RO          246    i.Chassis_Task      chassis.o
    0x08000d58   0x08000d58   0x00000018   Code   RO          247    i.Chassis_Timing_Callback  chassis.o
    0x08000d70   0x08000d70   0x00000124   Code   RO          248    i.Chassis_Yaw_Calc  chassis.o
    0x08000e94   0x08000e94   0x00000064   Code   RO          249    i.Chassis_Yaw_Get_Data  chassis.o
    0x08000ef8   0x08000ef8   0x00000080   Code   RO         1106    i.Communicate_Data_Process  communicate.o
    0x08000f78   0x08000f78   0x00000024   Code   RO         1107    i.Communicate_Get_Data  communicate.o
    0x08000f9c   0x08000f9c   0x00000014   Code   RO         1108    i.Communicate_Init  communicate.o
    0x08000fb0   0x08000fb0   0x00000070   Code   RO         1109    i.Communicate_Rx_Filter_Set  communicate.o
    0x08001020   0x08001020   0x00000078   Code   RO         1110    i.Communicate_Task  communicate.o
    0x08001098   0x08001098   0x00000018   Code   RO         1111    i.Communicate_Timing_Callback  communicate.o
    0x080010b0   0x080010b0   0x00000030   Code   RO         1040    i.Crc16_Update      hi12.o
    0x080010e0   0x080010e0   0x00000022   Code   RO          687    i.Curve_Config_Init  curve_mapping.o
    0x08001102   0x08001102   0x00000002   PAD
    0x08001104   0x08001104   0x0000000c   Code   RO         1528    i.DMA1_Stream1_IRQHandler  stm32f4xx_it.o
    0x08001110   0x08001110   0x0000000c   Code   RO         1529    i.DMA2_Stream1_IRQHandler  stm32f4xx_it.o
    0x0800111c   0x0800111c   0x0000000c   Code   RO         1530    i.DMA2_Stream2_IRQHandler  stm32f4xx_it.o
    0x08001128   0x08001128   0x0000000c   Code   RO         1531    i.DMA2_Stream6_IRQHandler  stm32f4xx_it.o
    0x08001134   0x08001134   0x0000000c   Code   RO         1532    i.DMA2_Stream7_IRQHandler  stm32f4xx_it.o
    0x08001140   0x08001140   0x00000028   Code   RO         2394    i.DMA_CalcBaseAndBitshift  stm32f4xx_hal_dma.o
    0x08001168   0x08001168   0x00000054   Code   RO         2395    i.DMA_CheckFifoParam  stm32f4xx_hal_dma.o
    0x080011bc   0x080011bc   0x00000028   Code   RO         2396    i.DMA_SetConfig     stm32f4xx_hal_dma.o
    0x080011e4   0x080011e4   0x00000002   Code   RO         1533    i.DebugMon_Handler  stm32f4xx_it.o
    0x080011e6   0x080011e6   0x00000002   PAD
    0x080011e8   0x080011e8   0x00000074   Code   RO          948    i.Dji_Motor_Chassis_Rx_Filter_Set  dji_motor.o
    0x0800125c   0x0800125c   0x00000078   Code   RO          949    i.Dji_Motor_Data_Process  dji_motor.o
    0x080012d4   0x080012d4   0x00000044   Code   RO          950    i.Dji_Motor_Get_Data  dji_motor.o
    0x08001318   0x08001318   0x00000004   Code   RO          951    i.Dji_Motor_Init    dji_motor.o
    0x0800131c   0x0800131c   0x00000064   Code   RO          952    i.Dji_Motor_Set_Current  dji_motor.o
    0x08001380   0x08001380   0x00000004   Code   RO         1276    i.Error_Handler     main.o
    0x08001384   0x08001384   0x00000024   Code   RO         1702    i.HAL_CAN_ActivateNotification  stm32f4xx_hal_can.o
    0x080013a8   0x080013a8   0x000000d0   Code   RO         1703    i.HAL_CAN_AddTxMessage  stm32f4xx_hal_can.o
    0x08001478   0x08001478   0x0000010c   Code   RO         1704    i.HAL_CAN_ConfigFilter  stm32f4xx_hal_can.o
    0x08001584   0x08001584   0x00000002   Code   RO         1707    i.HAL_CAN_ErrorCallback  stm32f4xx_hal_can.o
    0x08001586   0x08001586   0x000000f4   Code   RO         1710    i.HAL_CAN_GetRxMessage  stm32f4xx_hal_can.o
    0x0800167a   0x0800167a   0x000001fc   Code   RO         1714    i.HAL_CAN_IRQHandler  stm32f4xx_hal_can.o
    0x08001876   0x08001876   0x0000011a   Code   RO         1715    i.HAL_CAN_Init      stm32f4xx_hal_can.o
    0x08001990   0x08001990   0x0000011c   Code   RO         1343    i.HAL_CAN_MspInit   can.o
    0x08001aac   0x08001aac   0x00000002   Code   RO         1722    i.HAL_CAN_RxFifo0FullCallback  stm32f4xx_hal_can.o
    0x08001aae   0x08001aae   0x00000002   PAD
    0x08001ab0   0x08001ab0   0x00000074   Code   RO          344    i.HAL_CAN_RxFifo0MsgPendingCallback  can_callback.o
    0x08001b24   0x08001b24   0x00000002   Code   RO         1724    i.HAL_CAN_RxFifo1FullCallback  stm32f4xx_hal_can.o
    0x08001b26   0x08001b26   0x00000002   Code   RO         1725    i.HAL_CAN_RxFifo1MsgPendingCallback  stm32f4xx_hal_can.o
    0x08001b28   0x08001b28   0x00000002   Code   RO         1726    i.HAL_CAN_SleepCallback  stm32f4xx_hal_can.o
    0x08001b2a   0x08001b2a   0x00000002   PAD
    0x08001b2c   0x08001b2c   0x00000058   Code   RO         1727    i.HAL_CAN_Start     stm32f4xx_hal_can.o
    0x08001b84   0x08001b84   0x00000002   Code   RO         1729    i.HAL_CAN_TxMailbox0AbortCallback  stm32f4xx_hal_can.o
    0x08001b86   0x08001b86   0x00000002   Code   RO         1730    i.HAL_CAN_TxMailbox0CompleteCallback  stm32f4xx_hal_can.o
    0x08001b88   0x08001b88   0x00000002   Code   RO         1731    i.HAL_CAN_TxMailbox1AbortCallback  stm32f4xx_hal_can.o
    0x08001b8a   0x08001b8a   0x00000002   Code   RO         1732    i.HAL_CAN_TxMailbox1CompleteCallback  stm32f4xx_hal_can.o
    0x08001b8c   0x08001b8c   0x00000002   Code   RO         1733    i.HAL_CAN_TxMailbox2AbortCallback  stm32f4xx_hal_can.o
    0x08001b8e   0x08001b8e   0x00000002   Code   RO         1734    i.HAL_CAN_TxMailbox2CompleteCallback  stm32f4xx_hal_can.o
    0x08001b90   0x08001b90   0x00000002   Code   RO         1736    i.HAL_CAN_WakeUpFromRxMsgCallback  stm32f4xx_hal_can.o
    0x08001b92   0x08001b92   0x00000092   Code   RO         2397    i.HAL_DMA_Abort     stm32f4xx_hal_dma.o
    0x08001c24   0x08001c24   0x00000024   Code   RO         2398    i.HAL_DMA_Abort_IT  stm32f4xx_hal_dma.o
    0x08001c48   0x08001c48   0x000001a0   Code   RO         2402    i.HAL_DMA_IRQHandler  stm32f4xx_hal_dma.o
    0x08001de8   0x08001de8   0x000000d4   Code   RO         2403    i.HAL_DMA_Init      stm32f4xx_hal_dma.o
    0x08001ebc   0x08001ebc   0x0000006e   Code   RO         2407    i.HAL_DMA_Start_IT  stm32f4xx_hal_dma.o
    0x08001f2a   0x08001f2a   0x00000002   PAD
    0x08001f2c   0x08001f2c   0x00000024   Code   RO         2834    i.HAL_Delay         stm32f4xx_hal.o
    0x08001f50   0x08001f50   0x000001f0   Code   RO         2290    i.HAL_GPIO_Init     stm32f4xx_hal_gpio.o
    0x08002140   0x08002140   0x00000010   Code   RO         2293    i.HAL_GPIO_TogglePin  stm32f4xx_hal_gpio.o
    0x08002150   0x08002150   0x0000000a   Code   RO         2294    i.HAL_GPIO_WritePin  stm32f4xx_hal_gpio.o
    0x0800215a   0x0800215a   0x00000002   PAD
    0x0800215c   0x0800215c   0x0000000c   Code   RO         2840    i.HAL_GetTick       stm32f4xx_hal.o
    0x08002168   0x08002168   0x00000010   Code   RO         2846    i.HAL_IncTick       stm32f4xx_hal.o
    0x08002178   0x08002178   0x00000034   Code   RO         2847    i.HAL_Init          stm32f4xx_hal.o
    0x080021ac   0x080021ac   0x00000040   Code   RO         2848    i.HAL_InitTick      stm32f4xx_hal.o
    0x080021ec   0x080021ec   0x00000030   Code   RO         1677    i.HAL_MspInit       stm32f4xx_hal_msp.o
    0x0800221c   0x0800221c   0x0000001a   Code   RO         2682    i.HAL_NVIC_EnableIRQ  stm32f4xx_hal_cortex.o
    0x08002236   0x08002236   0x00000002   PAD
    0x08002238   0x08002238   0x00000040   Code   RO         2688    i.HAL_NVIC_SetPriority  stm32f4xx_hal_cortex.o
    0x08002278   0x08002278   0x00000024   Code   RO         2689    i.HAL_NVIC_SetPriorityGrouping  stm32f4xx_hal_cortex.o
    0x0800229c   0x0800229c   0x00000134   Code   RO         1936    i.HAL_RCC_ClockConfig  stm32f4xx_hal_rcc.o
    0x080023d0   0x080023d0   0x00000020   Code   RO         1943    i.HAL_RCC_GetPCLK1Freq  stm32f4xx_hal_rcc.o
    0x080023f0   0x080023f0   0x00000020   Code   RO         1944    i.HAL_RCC_GetPCLK2Freq  stm32f4xx_hal_rcc.o
    0x08002410   0x08002410   0x00000064   Code   RO         1945    i.HAL_RCC_GetSysClockFreq  stm32f4xx_hal_rcc.o
    0x08002474   0x08002474   0x0000036c   Code   RO         1948    i.HAL_RCC_OscConfig  stm32f4xx_hal_rcc.o
    0x080027e0   0x080027e0   0x00000028   Code   RO         2693    i.HAL_SYSTICK_Config  stm32f4xx_hal_cortex.o
    0x08002808   0x08002808   0x00000002   Code   RO         3791    i.HAL_TIMEx_BreakCallback  stm32f4xx_hal_tim_ex.o
    0x0800280a   0x0800280a   0x00000002   Code   RO         3792    i.HAL_TIMEx_CommutCallback  stm32f4xx_hal_tim_ex.o
    0x0800280c   0x0800280c   0x00000090   Code   RO         3810    i.HAL_TIMEx_MasterConfigSynchronization  stm32f4xx_hal_tim_ex.o
    0x0800289c   0x0800289c   0x0000005a   Code   RO         3087    i.HAL_TIM_Base_Init  stm32f4xx_hal_tim.o
    0x080028f6   0x080028f6   0x00000002   PAD
    0x080028f8   0x080028f8   0x00000058   Code   RO         1416    i.HAL_TIM_Base_MspInit  tim.o
    0x08002950   0x08002950   0x00000080   Code   RO         3092    i.HAL_TIM_Base_Start_IT  stm32f4xx_hal_tim.o
    0x080029d0   0x080029d0   0x000000dc   Code   RO         3096    i.HAL_TIM_ConfigClockSource  stm32f4xx_hal_tim.o
    0x08002aac   0x08002aac   0x00000002   Code   RO         3121    i.HAL_TIM_IC_CaptureCallback  stm32f4xx_hal_tim.o
    0x08002aae   0x08002aae   0x00000130   Code   RO         3135    i.HAL_TIM_IRQHandler  stm32f4xx_hal_tim.o
    0x08002bde   0x08002bde   0x00000002   PAD
    0x08002be0   0x08002be0   0x00000054   Code   RO         1417    i.HAL_TIM_MspPostInit  tim.o
    0x08002c34   0x08002c34   0x00000002   Code   RO         3138    i.HAL_TIM_OC_DelayElapsedCallback  stm32f4xx_hal_tim.o
    0x08002c36   0x08002c36   0x000000cc   Code   RO         3159    i.HAL_TIM_PWM_ConfigChannel  stm32f4xx_hal_tim.o
    0x08002d02   0x08002d02   0x0000005a   Code   RO         3162    i.HAL_TIM_PWM_Init  stm32f4xx_hal_tim.o
    0x08002d5c   0x08002d5c   0x00000002   Code   RO         3164    i.HAL_TIM_PWM_MspInit  stm32f4xx_hal_tim.o
    0x08002d5e   0x08002d5e   0x00000002   Code   RO         3165    i.HAL_TIM_PWM_PulseFinishedCallback  stm32f4xx_hal_tim.o
    0x08002d60   0x08002d60   0x000000c8   Code   RO         3167    i.HAL_TIM_PWM_Start  stm32f4xx_hal_tim.o
    0x08002e28   0x08002e28   0x00000030   Code   RO          371    i.HAL_TIM_PeriodElapsedCallback  tim_callback.o
    0x08002e58   0x08002e58   0x00000002   Code   RO         3178    i.HAL_TIM_TriggerCallback  stm32f4xx_hal_tim.o
    0x08002e5a   0x08002e5a   0x0000004a   Code   RO         4068    i.HAL_UARTEx_ReceiveToIdle_DMA  stm32f4xx_hal_uart.o
    0x08002ea4   0x08002ea4   0x00000020   Code   RO          317    i.HAL_UARTEx_RxEventCallback  usart_callback.o
    0x08002ec4   0x08002ec4   0x00000002   Code   RO         4084    i.HAL_UART_ErrorCallback  stm32f4xx_hal_uart.o
    0x08002ec6   0x08002ec6   0x00000002   PAD
    0x08002ec8   0x08002ec8   0x00000280   Code   RO         4087    i.HAL_UART_IRQHandler  stm32f4xx_hal_uart.o
    0x08003148   0x08003148   0x00000064   Code   RO         4088    i.HAL_UART_Init     stm32f4xx_hal_uart.o
    0x080031ac   0x080031ac   0x00000298   Code   RO         1470    i.HAL_UART_MspInit  usart.o
    0x08003444   0x08003444   0x00000002   Code   RO         4094    i.HAL_UART_RxCpltCallback  stm32f4xx_hal_uart.o
    0x08003446   0x08003446   0x00000002   Code   RO         4095    i.HAL_UART_RxHalfCpltCallback  stm32f4xx_hal_uart.o
    0x08003448   0x08003448   0x00000084   Code   RO         4097    i.HAL_UART_Transmit_DMA  stm32f4xx_hal_uart.o
    0x080034cc   0x080034cc   0x00000002   Code   RO         4099    i.HAL_UART_TxCpltCallback  stm32f4xx_hal_uart.o
    0x080034ce   0x080034ce   0x00000002   Code   RO         4100    i.HAL_UART_TxHalfCpltCallback  stm32f4xx_hal_uart.o
    0x080034d0   0x080034d0   0x00000002   Code   RO         1534    i.HardFault_Handler  stm32f4xx_it.o
    0x080034d2   0x080034d2   0x0000004e   Code   RO         1041    i.Hi12_Check_Status  hi12.o
    0x08003520   0x08003520   0x00000034   Code   RO         1042    i.Hi12_Init         hi12.o
    0x08003554   0x08003554   0x00000088   Code   RO         1043    i.Hi12_Parse_IMUFrame  hi12.o
    0x080035dc   0x080035dc   0x00000018   Code   RO         1044    i.Hi12_Rx_Callback  hi12.o
    0x080035f4   0x080035f4   0x0000008e   Code   RO         1045    i.Hi_Parse_Data     hi12.o
    0x08003682   0x08003682   0x00000002   PAD
    0x08003684   0x08003684   0x00000018   Code   RO         1046    i.Hi_Timing_Callback  hi12.o
    0x0800369c   0x0800369c   0x00000038   Code   RO          900    i.Led_Error_Task    led.o
    0x080036d4   0x080036d4   0x00000034   Code   RO          901    i.Led_Init          led.o
    0x08003708   0x08003708   0x0000003c   Code   RO          902    i.Led_Normal_Task   led.o
    0x08003744   0x08003744   0x00000014   Code   RO          903    i.Led_Timing_Callback  led.o
    0x08003758   0x08003758   0x00000012   Code   RO          516    i.Lpf_Config        filter.o
    0x0800376a   0x0800376a   0x00000030   Code   RO          517    i.Lpf_Update        filter.o
    0x0800379a   0x0800379a   0x00000002   PAD
    0x0800379c   0x0800379c   0x00000044   Code   RO         1344    i.MX_CAN1_Init      can.o
    0x080037e0   0x080037e0   0x00000044   Code   RO         1345    i.MX_CAN2_Init      can.o
    0x08003824   0x08003824   0x0000007c   Code   RO         1391    i.MX_DMA_Init       dma.o
    0x080038a0   0x080038a0   0x000000a0   Code   RO         1318    i.MX_GPIO_Init      gpio.o
    0x08003940   0x08003940   0x0000006c   Code   RO         1418    i.MX_TIM1_Init      tim.o
    0x080039ac   0x080039ac   0x0000009c   Code   RO         1419    i.MX_TIM4_Init      tim.o
    0x08003a48   0x08003a48   0x00000038   Code   RO         1471    i.MX_USART1_UART_Init  usart.o
    0x08003a80   0x08003a80   0x00000044   Code   RO         1472    i.MX_USART3_UART_Init  usart.o
    0x08003ac4   0x08003ac4   0x00000038   Code   RO         1473    i.MX_USART6_UART_Init  usart.o
    0x08003afc   0x08003afc   0x00000002   Code   RO         1535    i.MemManage_Handler  stm32f4xx_it.o
    0x08003afe   0x08003afe   0x00000002   Code   RO         1536    i.NMI_Handler       stm32f4xx_it.o
    0x08003b00   0x08003b00   0x00000002   Code   RO         1537    i.PendSV_Handler    stm32f4xx_it.o
    0x08003b02   0x08003b02   0x00000002   PAD
    0x08003b04   0x08003b04   0x00000134   Code   RO          402    i.Pid_Calc          pid.o
    0x08003c38   0x08003c38   0x00000020   Code   RO          403    i.Pid_Init          pid.o
    0x08003c58   0x08003c58   0x00000022   Code   RO          404    i.Pid_Set           pid.o
    0x08003c7a   0x08003c7a   0x00000002   Code   RO         1538    i.SVC_Handler       stm32f4xx_it.o
    0x08003c7c   0x08003c7c   0x0000006c   Code   RO         1004    i.Super_Cap_Get_Data  super_cap.o
    0x08003ce8   0x08003ce8   0x00000064   Code   RO         1005    i.Super_Cap_Set_Power  super_cap.o
    0x08003d4c   0x08003d4c   0x00000004   Code   RO         1539    i.SysTick_Handler   stm32f4xx_it.o
    0x08003d50   0x08003d50   0x00000094   Code   RO         1277    i.SystemClock_Config  main.o
    0x08003de4   0x08003de4   0x00000010   Code   RO         4422    i.SystemInit        system_stm32f4xx.o
    0x08003df4   0x08003df4   0x0000000c   Code   RO         1540    i.TIM1_UP_TIM10_IRQHandler  stm32f4xx_it.o
    0x08003e00   0x08003e00   0x000000d0   Code   RO         3180    i.TIM_Base_SetConfig  stm32f4xx_hal_tim.o
    0x08003ed0   0x08003ed0   0x0000001a   Code   RO         3181    i.TIM_CCxChannelCmd  stm32f4xx_hal_tim.o
    0x08003eea   0x08003eea   0x00000014   Code   RO         3191    i.TIM_ETR_SetConfig  stm32f4xx_hal_tim.o
    0x08003efe   0x08003efe   0x00000010   Code   RO         3192    i.TIM_ITRx_SetConfig  stm32f4xx_hal_tim.o
    0x08003f0e   0x08003f0e   0x00000002   PAD
    0x08003f10   0x08003f10   0x00000060   Code   RO         3193    i.TIM_OC1_SetConfig  stm32f4xx_hal_tim.o
    0x08003f70   0x08003f70   0x0000006c   Code   RO         3194    i.TIM_OC2_SetConfig  stm32f4xx_hal_tim.o
    0x08003fdc   0x08003fdc   0x00000068   Code   RO         3195    i.TIM_OC3_SetConfig  stm32f4xx_hal_tim.o
    0x08004044   0x08004044   0x00000050   Code   RO         3196    i.TIM_OC4_SetConfig  stm32f4xx_hal_tim.o
    0x08004094   0x08004094   0x00000022   Code   RO         3198    i.TIM_TI1_ConfigInputStage  stm32f4xx_hal_tim.o
    0x080040b6   0x080040b6   0x00000024   Code   RO         3200    i.TIM_TI2_ConfigInputStage  stm32f4xx_hal_tim.o
    0x080040da   0x080040da   0x0000000e   Code   RO         4101    i.UART_DMAAbortOnError  stm32f4xx_hal_uart.o
    0x080040e8   0x080040e8   0x0000004a   Code   RO         4102    i.UART_DMAError     stm32f4xx_hal_uart.o
    0x08004132   0x08004132   0x00000086   Code   RO         4103    i.UART_DMAReceiveCplt  stm32f4xx_hal_uart.o
    0x080041b8   0x080041b8   0x0000001e   Code   RO         4105    i.UART_DMARxHalfCplt  stm32f4xx_hal_uart.o
    0x080041d6   0x080041d6   0x00000042   Code   RO         4107    i.UART_DMATransmitCplt  stm32f4xx_hal_uart.o
    0x08004218   0x08004218   0x0000000a   Code   RO         4109    i.UART_DMATxHalfCplt  stm32f4xx_hal_uart.o
    0x08004222   0x08004222   0x0000004e   Code   RO         4111    i.UART_EndRxTransfer  stm32f4xx_hal_uart.o
    0x08004270   0x08004270   0x0000001c   Code   RO         4112    i.UART_EndTxTransfer  stm32f4xx_hal_uart.o
    0x0800428c   0x0800428c   0x000000c2   Code   RO         4113    i.UART_Receive_IT   stm32f4xx_hal_uart.o
    0x0800434e   0x0800434e   0x00000002   PAD
    0x08004350   0x08004350   0x0000010c   Code   RO         4114    i.UART_SetConfig    stm32f4xx_hal_uart.o
    0x0800445c   0x0800445c   0x000000a0   Code   RO         4115    i.UART_Start_Receive_DMA  stm32f4xx_hal_uart.o
    0x080044fc   0x080044fc   0x0000000c   Code   RO         1541    i.USART1_IRQHandler  stm32f4xx_it.o
    0x08004508   0x08004508   0x0000000c   Code   RO         1542    i.USART3_IRQHandler  stm32f4xx_it.o
    0x08004514   0x08004514   0x0000000c   Code   RO         1543    i.USART6_IRQHandler  stm32f4xx_it.o
    0x08004520   0x08004520   0x000000ac   Code   RO          250    i.Update_Yaw_Angle  chassis.o
    0x080045cc   0x080045cc   0x00000002   Code   RO         1544    i.UsageFault_Handler  stm32f4xx_it.o
    0x080045ce   0x080045ce   0x00000002   PAD
    0x080045d0   0x080045d0   0x00000078   Code   RO          442    i.Vofa_Init         vofa.o
    0x08004648   0x08004648   0x0000004c   Code   RO          444    i.Vofa_JustFloat_Send  vofa.o
    0x08004694   0x08004694   0x00000044   Code   RO          446    i.Vofa_Task         vofa.o
    0x080046d8   0x080046d8   0x00000018   Code   RO          447    i.Vofa_Timing_Callback  vofa.o
    0x080046f0   0x080046f0   0x00000026   Code   RO         4824    i.__ARM_fpclassifyf  m_wm.l(fpclassifyf.o)
    0x08004716   0x08004716   0x00000020   Code   RO         2695    i.__NVIC_SetPriority  stm32f4xx_hal_cortex.o
    0x08004736   0x08004736   0x00000002   PAD
    0x08004738   0x08004738   0x00000150   Code   RO         4456    i.__hardfp_cosf     m_wm.l(cosf.o)
    0x08004888   0x08004888   0x00000048   Code   RO         4518    i.__hardfp_fminf    m_wm.l(fminf.o)
    0x080048d0   0x080048d0   0x000000b0   Code   RO         4468    i.__hardfp_fmodf    m_wm.l(fmodf.o)
    0x08004980   0x08004980   0x00000190   Code   RO         4494    i.__hardfp_sinf     m_wm.l(sinf.o)
    0x08004b10   0x08004b10   0x00000006   Code   RO         4827    i.__mathlib_flt_infnan  m_wm.l(funder.o)
    0x08004b16   0x08004b16   0x00000002   PAD
    0x08004b18   0x08004b18   0x00000010   Code   RO         4829    i.__mathlib_flt_invalid  m_wm.l(funder.o)
    0x08004b28   0x08004b28   0x00000010   Code   RO         4832    i.__mathlib_flt_underflow  m_wm.l(funder.o)
    0x08004b38   0x08004b38   0x00000154   Code   RO         4840    i.__mathlib_rredf2  m_wm.l(rredf.o)
    0x08004c8c   0x08004c8c   0x0000000e   Code   RO         4902    i.__scatterload_copy  mc_w.l(handlers.o)
    0x08004c9a   0x08004c9a   0x00000002   Code   RO         4903    i.__scatterload_null  mc_w.l(handlers.o)
    0x08004c9c   0x08004c9c   0x0000000e   Code   RO         4904    i.__scatterload_zeroinit  mc_w.l(handlers.o)
    0x08004caa   0x08004caa   0x00000002   PAD
    0x08004cac   0x08004cac   0x0000000c   Code   RO         4870    i.__set_errno       mc_w.l(errno.o)
    0x08004cb8   0x08004cb8   0x0000003a   Code   RO         1278    i.main              main.o
    0x08004cf2   0x08004cf2   0x00000002   PAD
    0x08004cf4   0x08004cf4   0x00000058   Code   RO          791    i.normalize         at9s.o
    0x08004d4c   0x08004d4c   0x00000030   Data   RO          252    .constdata          chassis.o
    0x08004d7c   0x08004d7c   0x00000005   Data   RO          449    .constdata          vofa.o
    0x08004d81   0x08004d81   0x00000008   Data   RO         2409    .constdata          stm32f4xx_hal_dma.o
    0x08004d89   0x08004d89   0x00000010   Data   RO         4423    .constdata          system_stm32f4xx.o
    0x08004d99   0x08004d99   0x00000008   Data   RO         4424    .constdata          system_stm32f4xx.o
    0x08004da1   0x08004da1   0x00000003   PAD
    0x08004da4   0x08004da4   0x00000020   Data   RO         4841    .constdata          m_wm.l(rredf.o)
    0x08004dc4   0x08004dc4   0x00000020   Data   RO         4900    Region$$Table       anon$$obj.o


    Execution Region RW_IRAM1 (Exec base: 0x20000000, Load base: 0x08004de4, Size: 0x00000e98, Max: 0x0001c000, ABSOLUTE)

    Exec Addr    Load Addr    Size         Type   Attr      Idx    E Section Name        Object

    0x20000000   0x08004de4   0x00000001   Data   RW            6    .data               app.o
    0x20000001   0x08004de5   0x00000003   PAD
    0x20000004   0x08004de8   0x00000018   Data   RW          253    .data               chassis.o
    0x2000001c   0x08004e00   0x0000000c   Data   RW          856    .data               buzzer.o
    0x20000028   0x08004e0c   0x00000008   Data   RW          904    .data               led.o
    0x20000030   0x08004e14   0x0000001e   Data   RW          955    .data               dji_motor.o
    0x2000004e   0x08004e32   0x00000018   Data   RW         1006    .data               super_cap.o
    0x20000066   0x08004e4a   0x00000021   Data   RW         1112    .data               communicate.o
    0x20000087   0x08004e6b   0x00000008   Data   RW         1172    .data               bsp_can.o
    0x2000008f   0x08004e73   0x00000008   Data   RW         1174    .data               bsp_can.o
    0x20000097   0x08004e7b   0x00000001   PAD
    0x20000098   0x08004e7c   0x00000004   Data   RW         1347    .data               can.o
    0x2000009c   0x08004e80   0x0000000c   Data   RW         2854    .data               stm32f4xx_hal.o
    0x200000a8   0x08004e8c   0x00000004   Data   RW         4425    .data               system_stm32f4xx.o
    0x200000ac   0x08004e90   0x00000004   Data   RW         4871    .data               mc_w.l(errno.o)
    0x200000b0        -       0x00000205   Zero   RW          251    .bss                chassis.o
    0x200002b5        -       0x0000020d   Zero   RW          448    .bss                vofa.o
    0x200004c2        -       0x000000a2   Zero   RW          792    .bss                at9s.o
    0x20000564        -       0x00000030   Zero   RW          953    .bss                dji_motor.o
    0x20000594        -       0x0000000c   Zero   RW          954    .bss                dji_motor.o
    0x200005a0        -       0x0000015c   Zero   RW         1047    .bss                hi12.o
    0x200006fc        -       0x00000050   Zero   RW         1346    .bss                can.o
    0x2000074c        -       0x00000090   Zero   RW         1420    .bss                tim.o
    0x200007dc        -       0x000002b8   Zero   RW         1474    .bss                usart.o
    0x20000a94   0x08004e94   0x00000004   PAD
    0x20000a98        -       0x00000400   Zero   RW         1266    STACK               startup_stm32f407xx.o


    Execution Region RW_IRAM2 (Exec base: 0x2001c000, Load base: 0x08004e94, Size: 0x00000000, Max: 0x00004000, ABSOLUTE)

    **** No section assigned to this execution region ****


==============================================================================

Image component sizes


      Code (inc. data)   RO Data    RW Data    ZI Data      Debug   Object Name

       158         18          0          1          0     707747   app.o
       752         54          0          0        162       4588   at9s.o
       104         10          0         16          0       2613   bsp_can.o
        12          6          0          0          0        463   bsp_tim.o
       140         30          0         12          0       2765   buzzer.o
       420         46          0          4         80       2566   can.o
       116         20          0          0          0       1124   can_callback.o
      1748        214         48         24        517       7935   chassis.o
       440         42          0         33          0       5264   communicate.o
        34          0          0          0          0       2039   curve_mapping.o
       408         28          0         30         60       5539   dji_motor.o
       124          4          0          0          0        870   dma.o
        66          0          0          0          0       2902   filter.o
       160         10          0          0          0       1043   gpio.o
       504         32          0          0        348       7228   hi12.o
       188         32          0          8          0       3138   led.o
       158          0          0          0          0       2399   limiter.o
       210          8          0          0          0       2140   main.o
       374          0          0          0          0       2892   pid.o
        36          8        392          0       1024        828   startup_stm32f407xx.o
       180         28          0         12          0       9593   stm32f4xx_hal.o
      1658          6          0          0          0      14787   stm32f4xx_hal_can.o
       198         14          0          0          0      33975   stm32f4xx_hal_cortex.o
      1084         16          8          0          0       7562   stm32f4xx_hal_dma.o
       522         46          0          0          0       2933   stm32f4xx_hal_gpio.o
        48          6          0          0          0        878   stm32f4xx_hal_msp.o
      1348         76          0          0          0       5404   stm32f4xx_hal_rcc.o
      1974        136          0          0          0      17586   stm32f4xx_hal_tim.o
       148         28          0          0          0       2581   stm32f4xx_hal_tim_ex.o
      2012         40          0          0          0      15971   stm32f4xx_hal_uart.o
       176         78          0          0          0      10659   stm32f4xx_it.o
       208         22          0         24          0       2735   super_cap.o
        16          4         24          4          0       1179   system_stm32f4xx.o
       436         44          0          0        144       3209   tim.o
        48          4          0          0          0       1092   tim_callback.o
       844         78          0          0        696       3751   usart.o
        32          8          0          0          0        965   usart_callback.o
       288         50          5          0        525       3912   vofa.o

    ----------------------------------------------------------------------
     17412       1246        512        172       3560     904855   Object Totals
         0          0         32          0          0          0   (incl. Generated)
        40          0          3          4          4          0   (incl. Padding)

    ----------------------------------------------------------------------

      Code (inc. data)   RO Data    RW Data    ZI Data      Debug   Library Member Name

       336         56          0          0          0        136   cosf.o
        72          0          0          0          0        148   fminf.o
       176          0          0          0          0        168   fmodf.o
        38          0          0          0          0        116   fpclassifyf.o
        38         12          0          0          0        348   funder.o
       340         24         32          0          0        160   rredf.o
       400         56          0          0          0        212   sinf.o
         0          0          0          0          0          0   entry.o
         0          0          0          0          0          0   entry10a.o
         0          0          0          0          0          0   entry11a.o
         4          0          0          0          0          0   entry12b.o
         8          4          0          0          0          0   entry2.o
         4          0          0          0          0          0   entry5.o
         0          0          0          0          0          0   entry7b.o
         0          0          0          0          0          0   entry8b.o
         8          4          0          0          0          0   entry9a.o
        12          6          0          4          0         68   errno.o
        30          0          0          0          0          0   handlers.o
        36          8          0          0          0         68   init.o
         0          0          0          0          0          0   iusefp.o
        30          0          0          0          0         68   llshl.o
        32          0          0          0          0         68   llushr.o
        36          0          0          0          0         68   memcpya.o
        36          0          0          0          0        108   memseta.o
        98          0          0          0          0         92   uldiv.o
        54          0          0          0          0         68   fcmp4.o
       110          0          0          0          0        168   fepilogue.o
        82          0          0          0          0         96   frem.o

    ----------------------------------------------------------------------
      1984        170         32          4          0       2160   Library Totals
         4          0          0          0          0          0   (incl. Padding)

    ----------------------------------------------------------------------

      Code (inc. data)   RO Data    RW Data    ZI Data      Debug   Library Name

      1400        148         32          0          0       1288   m_wm.l
       334         22          0          4          0        540   mc_w.l
       246          0          0          0          0        332   mf_w.l

    ----------------------------------------------------------------------
      1984        170         32          4          0       2160   Library Totals

    ----------------------------------------------------------------------

==============================================================================


      Code (inc. data)   RO Data    RW Data    ZI Data      Debug   

     19396       1416        544        176       3560     888607   Grand Totals
     19396       1416        544        176       3560     888607   ELF Image Totals
     19396       1416        544        176          0          0   ROM Totals

==============================================================================

    Total RO  Size (Code + RO Data)                19940 (  19.47kB)
    Total RW  Size (RW Data + ZI Data)              3736 (   3.65kB)
    Total ROM Size (Code + RO Data + RW Data)      20116 (  19.64kB)

==============================================================================

