Component: ARM Compiler 5.06 update 7 (build 960) Tool: armlink [4d3601]

==============================================================================

Section Cross References

    app.o(i.App_Init) refers to bsp_can.o(i.Bsp_Can_Init) for Bsp_Can_Init
    app.o(i.App_Init) refers to bsp_tim.o(i.Bsp_Tim_Init) for Bsp_Tim_Init
    app.o(i.App_Init) refers to dji_motor.o(i.Dji_Motor_Init) for Dji_Motor_Init
    app.o(i.App_Init) refers to at9s.o(i.At9s_Init) for At9s_Init
    app.o(i.App_Init) refers to led.o(i.Led_Init) for Led_Init
    app.o(i.App_Init) refers to buzzer.o(i.Buzzer_Init) for Buzzer_Init
    app.o(i.App_Init) refers to hi12.o(i.Hi12_Init) for Hi12_Init
    app.o(i.App_Init) refers to communicate.o(i.Communicate_Init) for Communicate_Init
    app.o(i.App_Init) refers to vofa.o(i.Vofa_Init) for Vofa_Init
    app.o(i.App_Init) refers to chassis.o(i.Chassis_Init) for Chassis_Init
    app.o(i.App_Task) refers to app.o(i.App_Init) for App_Init
    app.o(i.App_Task) refers to super_cap.o(i.Super_Cap_Set_Power) for Super_Cap_Set_Power
    app.o(i.App_Task) refers to led.o(i.Led_Normal_Task) for Led_Normal_Task
    app.o(i.App_Task) refers to buzzer.o(i.Buzzer_Normal_Task) for Buzzer_Normal_Task
    app.o(i.App_Task) refers to vofa.o(i.Vofa_Task) for Vofa_Task
    app.o(i.App_Task) refers to chassis.o(i.Chassis_Task) for Chassis_Task
    app.o(i.App_Task) refers to led.o(i.Led_Error_Task) for Led_Error_Task
    app.o(i.App_Task) refers to buzzer.o(i.Buzzer_Error_Task) for Buzzer_Error_Task
    app.o(i.App_Task) refers to communicate.o(i.Communicate_Task) for Communicate_Task
    app.o(i.App_Task) refers to app.o(.data) for .data
    app.o(i.App_Task) refers to communicate.o(.data) for Can_Communicate
    chassis.o(i.Chassis_Init) refers to pid.o(i.Pid_Init) for Pid_Init
    chassis.o(i.Chassis_Init) refers to pid.o(i.Pid_Set) for Pid_Set
    chassis.o(i.Chassis_Init) refers to limiter.o(i.Angle_Rate_Limiter_Init) for Angle_Rate_Limiter_Init
    chassis.o(i.Chassis_Init) refers to curve_mapping.o(i.Curve_Config_Init) for Curve_Config_Init
    chassis.o(i.Chassis_Init) refers to chassis.o(.bss) for .bss
    chassis.o(i.Chassis_Omni_Calc) refers to chassis.o(i.Update_Yaw_Angle) for Update_Yaw_Angle
    chassis.o(i.Chassis_Omni_Calc) refers to fmodf.o(i.__hardfp_fmodf) for __hardfp_fmodf
    chassis.o(i.Chassis_Omni_Calc) refers to cosf.o(i.__hardfp_cosf) for __hardfp_cosf
    chassis.o(i.Chassis_Omni_Calc) refers to sinf.o(i.__hardfp_sinf) for __hardfp_sinf
    chassis.o(i.Chassis_Omni_Calc) refers to pid.o(i.Pid_Calc) for Pid_Calc
    chassis.o(i.Chassis_Omni_Calc) refers to limiter.o(i.Apply_Speed_Ramp) for Apply_Speed_Ramp
    chassis.o(i.Chassis_Omni_Calc) refers to dji_motor.o(i.Dji_Motor_Set_Current) for Dji_Motor_Set_Current
    chassis.o(i.Chassis_Omni_Calc) refers to chassis.o(.bss) for .bss
    chassis.o(i.Chassis_Omni_Calc) refers to communicate.o(.data) for Can_Communicate
    chassis.o(i.Chassis_Omni_Calc) refers to at9s.o(.bss) for At9s
    chassis.o(i.Chassis_Omni_Calc) refers to chassis.o(.constdata) for .constdata
    chassis.o(i.Chassis_Omni_Get_Data) refers to dji_motor.o(.data) for DJI_Motor
    chassis.o(i.Chassis_Omni_Get_Data) refers to chassis.o(.bss) for .bss
    chassis.o(i.Chassis_Task) refers to chassis.o(i.Chassis_Omni_Get_Data) for Chassis_Omni_Get_Data
    chassis.o(i.Chassis_Task) refers to chassis.o(i.Chassis_Yaw_Get_Data) for Chassis_Yaw_Get_Data
    chassis.o(i.Chassis_Task) refers to chassis.o(i.Chassis_Omni_Calc) for Chassis_Omni_Calc
    chassis.o(i.Chassis_Task) refers to chassis.o(i.Chassis_Yaw_Calc) for Chassis_Yaw_Calc
    chassis.o(i.Chassis_Task) refers to chassis.o(.bss) for .bss
    chassis.o(i.Chassis_Timing_Callback) refers to chassis.o(.bss) for .bss
    chassis.o(i.Chassis_Yaw_Calc) refers to pid.o(i.Pid_Calc) for Pid_Calc
    chassis.o(i.Chassis_Yaw_Calc) refers to dji_motor.o(i.Dji_Motor_Set_Current) for Dji_Motor_Set_Current
    chassis.o(i.Chassis_Yaw_Calc) refers to communicate.o(.data) for Can_Communicate
    chassis.o(i.Chassis_Yaw_Calc) refers to chassis.o(.data) for .data
    chassis.o(i.Chassis_Yaw_Calc) refers to chassis.o(.bss) for .bss
    chassis.o(i.Chassis_Yaw_Calc) refers to at9s.o(.bss) for At9s
    chassis.o(i.Chassis_Yaw_Get_Data) refers to dji_motor.o(.data) for DJI_Motor
    chassis.o(i.Chassis_Yaw_Get_Data) refers to chassis.o(.bss) for .bss
    chassis.o(i.Update_Yaw_Angle) refers to chassis.o(.data) for .data
    usart_callback.o(i.HAL_UARTEx_RxEventCallback) refers to at9s.o(i.At9s_Rx_Callback) for At9s_Rx_Callback
    usart_callback.o(i.HAL_UARTEx_RxEventCallback) refers to hi12.o(i.Hi12_Rx_Callback) for Hi12_Rx_Callback
    usart_callback.o(i.HAL_UARTEx_RxEventCallback) refers to usart.o(.bss) for huart3
    can_callback.o(i.HAL_CAN_RxFifo0MsgPendingCallback) refers to stm32f4xx_hal_can.o(i.HAL_CAN_GetRxMessage) for HAL_CAN_GetRxMessage
[...]
    i.HAL_Delay                              0x08001f24   Section        0  stm32f4xx_hal.o(i.HAL_Delay)
    i.HAL_GPIO_Init                          0x08001f48   Section        0  stm32f4xx_hal_gpio.o(i.HAL_GPIO_Init)
    i.HAL_GPIO_TogglePin                     0x08002138   Section        0  stm32f4xx_hal_gpio.o(i.HAL_GPIO_TogglePin)
    i.HAL_GPIO_WritePin                      0x08002148   Section        0  stm32f4xx_hal_gpio.o(i.HAL_GPIO_WritePin)
    i.HAL_GetTick                            0x08002154   Section        0  stm32f4xx_hal.o(i.HAL_GetTick)
    i.HAL_IncTick                            0x08002160   Section        0  stm32f4xx_hal.o(i.HAL_IncTick)
    i.HAL_Init                               0x08002170   Section        0  stm32f4xx_hal.o(i.HAL_Init)
    i.HAL_InitTick                           0x080021a4   Section        0  stm32f4xx_hal.o(i.HAL_InitTick)
    i.HAL_MspInit                            0x080021e4   Section        0  stm32f4xx_hal_msp.o(i.HAL_MspInit)
    i.HAL_NVIC_EnableIRQ                     0x08002214   Section        0  stm32f4xx_hal_cortex.o(i.HAL_NVIC_EnableIRQ)
    i.HAL_NVIC_SetPriority                   0x08002230   Section        0  stm32f4xx_hal_cortex.o(i.HAL_NVIC_SetPriority)
    i.HAL_NVIC_SetPriorityGrouping           0x08002270   Section        0  stm32f4xx_hal_cortex.o(i.HAL_NVIC_SetPriorityGrouping)
    i.HAL_RCC_ClockConfig                    0x08002294   Section        0  stm32f4xx_hal_rcc.o(i.HAL_RCC_ClockConfig)
    i.HAL_RCC_GetPCLK1Freq                   0x080023c8   Section        0  stm32f4xx_hal_rcc.o(i.HAL_RCC_GetPCLK1Freq)
    i.HAL_RCC_GetPCLK2Freq                   0x080023e8   Section        0  stm32f4xx_hal_rcc.o(i.HAL_RCC_GetPCLK2Freq)
    i.HAL_RCC_GetSysClockFreq                0x08002408   Section        0  stm32f4xx_hal_rcc.o(i.HAL_RCC_GetSysClockFreq)
    i.HAL_RCC_OscConfig                      0x0800246c   Section        0  stm32f4xx_hal_rcc.o(i.HAL_RCC_OscConfig)
    i.HAL_SYSTICK_Config                     0x080027d8   Section        0  stm32f4xx_hal_cortex.o(i.HAL_SYSTICK_Config)
    i.HAL_TIMEx_BreakCallback                0x08002800   Section        0  stm32f4xx_hal_tim_ex.o(i.HAL_TIMEx_BreakCallback)
    i.HAL_TIMEx_CommutCallback               0x08002802   Section        0  stm32f4xx_hal_tim_ex.o(i.HAL_TIMEx_CommutCallback)
    i.HAL_TIMEx_MasterConfigSynchronization  0x08002804   Section        0  stm32f4xx_hal_tim_ex.o(i.HAL_TIMEx_MasterConfigSynchronization)
    i.HAL_TIM_Base_Init                      0x08002894   Section        0  stm32f4xx_hal_tim.o(i.HAL_TIM_Base_Init)
    i.HAL_TIM_Base_MspInit                   0x080028f0   Section        0  tim.o(i.HAL_TIM_Base_MspInit)
    i.HAL_TIM_Base_Start_IT                  0x08002948   Section        0  stm32f4xx_hal_tim.o(i.HAL_TIM_Base_Start_IT)
    i.HAL_TIM_ConfigClockSource              0x080029c8   Section        0  stm32f4xx_hal_tim.o(i.HAL_TIM_ConfigClockSource)
    i.HAL_TIM_IC_CaptureCallback             0x08002aa4   Section        0  stm32f4xx_hal_tim.o(i.HAL_TIM_IC_CaptureCallback)
    i.HAL_TIM_IRQHandler                     0x08002aa6   Section        0  stm32f4xx_hal_tim.o(i.HAL_TIM_IRQHandler)
    i.HAL_TIM_MspPostInit                    0x08002bd8   Section        0  tim.o(i.HAL_TIM_MspPostInit)
    i.HAL_TIM_OC_DelayElapsedCallback        0x08002c2c   Section        0  stm32f4xx_hal_tim.o(i.HAL_TIM_OC_DelayElapsedCallback)
    i.HAL_TIM_PWM_ConfigChannel              0x08002c2e   Section        0  stm32f4xx_hal_tim.o(i.HAL_TIM_PWM_ConfigChannel)
    i.HAL_TIM_PWM_Init                       0x08002cfa   Section        0  stm32f4xx_hal_tim.o(i.HAL_TIM_PWM_Init)
    i.HAL_TIM_PWM_MspInit                    0x08002d54   Section        0  stm32f4xx_hal_tim.o(i.HAL_TIM_PWM_MspInit)
    i.HAL_TIM_PWM_PulseFinishedCallback      0x08002d56   Section        0  stm32f4xx_hal_tim.o(i.HAL_TIM_PWM_PulseFinishedCallback)
    i.HAL_TIM_PWM_Start                      0x08002d58   Section        0  stm32f4xx_hal_tim.o(i.HAL_TIM_PWM_Start)
    i.HAL_TIM_PeriodElapsedCallback          0x08002e20   Section        0  tim_callback.o(i.HAL_TIM_PeriodElapsedCallback)
    i.HAL_TIM_TriggerCallback                0x08002e50   Section        0  stm32f4xx_hal_tim.o(i.HAL_TIM_TriggerCallback)
    i.HAL_UARTEx_ReceiveToIdle_DMA           0x08002e52   Section        0  stm32f4xx_hal_uart.o(i.HAL_UARTEx_ReceiveToIdle_DMA)
    i.HAL_UARTEx_RxEventCallback             0x08002e9c   Section        0  usart_callback.o(i.HAL_UARTEx_RxEventCallback)
    i.HAL_UART_ErrorCallback                 0x08002ebc   Section        0  stm32f4xx_hal_uart.o(i.HAL_UART_ErrorCallback)
    i.HAL_UART_IRQHandler                    0x08002ec0   Section        0  stm32f4xx_hal_uart.o(i.HAL_UART_IRQHandler)
    i.HAL_UART_Init                          0x08003140   Section        0  stm32f4xx_hal_uart.o(i.HAL_UART_Init)
    i.HAL_UART_MspInit                       0x080031a4   Section        0  usart.o(i.HAL_UART_MspInit)
    i.HAL_UART_RxCpltCallback                0x0800343c   Section        0  stm32f4xx_hal_uart.o(i.HAL_UART_RxCpltCallback)
    i.HAL_UART_RxHalfCpltCallback            0x0800343e   Section        0  stm32f4xx_hal_uart.o(i.HAL_UART_RxHalfCpltCallback)
    i.HAL_UART_TxCpltCallback                0x08003440   Section        0  stm32f4xx_hal_uart.o(i.HAL_UART_TxCpltCallback)
    i.HardFault_Handler                      0x08003442   Section        0  stm32f4xx_it.o(i.HardFault_Handler)
    i.Hi12_Check_Status                      0x08003444   Section        0  hi12.o(i.Hi12_Check_Status)
    i.Hi12_Init                              0x08003494   Section        0  hi12.o(i.Hi12_Init)
    i.Hi12_Parse_IMUFrame                    0x080034c8   Section        0  hi12.o(i.Hi12_Parse_IMUFrame)
    i.Hi12_Rx_Callback                       0x08003550   Section        0  hi12.o(i.Hi12_Rx_Callback)
    i.Hi_Parse_Data                          0x08003568   Section        0  hi12.o(i.Hi_Parse_Data)
    i.Hi_Timing_Callback                     0x080035f8   Section        0  hi12.o(i.Hi_Timing_Callback)
    i.Led_Error_Task                         0x08003610   Section        0  led.o(i.Led_Error_Task)
    i.Led_Init                               0x08003648   Section        0  led.o(i.Led_Init)
    i.Led_Normal_Task                        0x0800367c   Section        0  led.o(i.Led_Normal_Task)
    i.Led_Timing_Callback                    0x080036b8   Section        0  led.o(i.Led_Timing_Callback)
    i.Lpf_Config                             0x080036cc   Section        0  filter.o(i.Lpf_Config)
    i.Lpf_Update                             0x080036de   Section        0  filter.o(i.Lpf_Update)
    i.MX_CAN1_Init                           0x08003710   Section        0  can.o(i.MX_CAN1_Init)
    i.MX_CAN2_Init                           0x08003754   Section        0  can.o(i.MX_CAN2_Init)
    i.MX_DMA_Init                            0x08003798   Section        0  dma.o(i.MX_DMA_Init)
    i.MX_GPIO_Init                           0x08003814   Section        0  gpio.o(i.MX_GPIO_Init)
    i.MX_TIM1_Init                           0x080038b4   Section        0  tim.o(i.MX_TIM1_Init)
    i.MX_TIM4_Init                           0x08003920   Section        0  tim.o(i.MX_TIM4_Init)
    i.MX_USART1_UART_Init                    0x080039bc   Section        0  usart.o(i.MX_USART1_UART_Init)
    i.MX_USART3_UART_Init                    0x080039f4   Section        0  usart.o(i.MX_USART3_UART_Init)
    i.MX_USART6_UART_Init                    0x08003a38   Section        0  usart.o(i.MX_USART6_UART_Init)
    i.MemManage_Handler                      0x08003a70   Section        0  stm32f4xx_it.o(i.MemManage_Handler)
    i.NMI_Handler                            0x08003a72   Section        0  stm32f4xx_it.o(i.NMI_Handler)
    i.PendSV_Handler                         0x08003a74   Section        0  stm32f4xx_it.o(i.PendSV_Handler)
    i.Pid_Calc                               0x08003a78   Section        0  pid.o(i.Pid_Calc)
    i.Pid_Init                               0x08003bac   Section        0  pid.o(i.Pid_Init)
    i.Pid_Set                                0x08003bcc   Section        0  pid.o(i.Pid_Set)
    i.SVC_Handler                            0x08003bee   Section        0  stm32f4xx_it.o(i.SVC_Handler)
    i.Super_Cap_Get_Data                     0x08003bf0   Section        0  super_cap.o(i.Super_Cap_Get_Data)
    i.Super_Cap_Set_Power                    0x08003c5c   Section        0  super_cap.o(i.Super_Cap_Set_Power)
    i.SysTick_Handler                        0x08003cc0   Section        0  stm32f4xx_it.o(i.SysTick_Handler)
    i.SystemClock_Config                     0x08003cc4   Section        0  main.o(i.SystemClock_Config)
    i.SystemInit                             0x08003d58   Section        0  system_stm32f4xx.o(i.SystemInit)
    i.TIM1_UP_TIM10_IRQHandler               0x08003d68   Section        0  stm32f4xx_it.o(i.TIM1_UP_TIM10_IRQHandler)
    i.TIM_Base_SetConfig                     0x08003d74   Section        0  stm32f4xx_hal_tim.o(i.TIM_Base_SetConfig)
    i.TIM_CCxChannelCmd                      0x08003e44   Section        0  stm32f4xx_hal_tim.o(i.TIM_CCxChannelCmd)
    i.TIM_ETR_SetConfig                      0x08003e5e   Section        0  stm32f4xx_hal_tim.o(i.TIM_ETR_SetConfig)
    i.TIM_ITRx_SetConfig                     0x08003e72   Section        0  stm32f4xx_hal_tim.o(i.TIM_ITRx_SetConfig)
    TIM_ITRx_SetConfig                       0x08003e73   Thumb Code    16  stm32f4xx_hal_tim.o(i.TIM_ITRx_SetConfig)
    i.TIM_OC1_SetConfig                      0x08003e84   Section        0  stm32f4xx_hal_tim.o(i.TIM_OC1_SetConfig)
    TIM_OC1_SetConfig                        0x08003e85   Thumb Code    88  stm32f4xx_hal_tim.o(i.TIM_OC1_SetConfig)
    i.TIM_OC2_SetConfig                      0x08003ee4   Section        0  stm32f4xx_hal_tim.o(i.TIM_OC2_SetConfig)
    i.TIM_OC3_SetConfig                      0x08003f50   Section        0  stm32f4xx_hal_tim.o(i.TIM_OC3_SetConfig)
    TIM_OC3_SetConfig                        0x08003f51   Thumb Code    96  stm32f4xx_hal_tim.o(i.TIM_OC3_SetConfig)
    i.TIM_OC4_SetConfig                      0x08003fb8   Section        0  stm32f4xx_hal_tim.o(i.TIM_OC4_SetConfig)
    TIM_OC4_SetConfig                        0x08003fb9   Thumb Code    70  stm32f4xx_hal_tim.o(i.TIM_OC4_SetConfig)
    i.TIM_TI1_ConfigInputStage               0x08004008   Section        0  stm32f4xx_hal_tim.o(i.TIM_TI1_ConfigInputStage)
    TIM_TI1_ConfigInputStage                 0x08004009   Thumb Code    34  stm32f4xx_hal_tim.o(i.TIM_TI1_ConfigInputStage)
    i.TIM_TI2_ConfigInputStage               0x0800402a   Section        0  stm32f4xx_hal_tim.o(i.TIM_TI2_ConfigInputStage)
    TIM_TI2_ConfigInputStage                 0x0800402b   Thumb Code    36  stm32f4xx_hal_tim.o(i.TIM_TI2_ConfigInputStage)
    i.UART_DMAAbortOnError                   0x0800404e   Section        0  stm32f4xx_hal_uart.o(i.UART_DMAAbortOnError)
    UART_DMAAbortOnError                     0x0800404f   Thumb Code    14  stm32f4xx_hal_uart.o(i.UART_DMAAbortOnError)
    i.UART_DMAError                          0x0800405c   Section        0  stm32f4xx_hal_uart.o(i.UART_DMAError)
    UART_DMAError                            0x0800405d   Thumb Code    74  stm32f4xx_hal_uart.o(i.UART_DMAError)
    i.UART_DMAReceiveCplt                    0x080040a6   Section        0  stm32f4xx_hal_uart.o(i.UART_DMAReceiveCplt)
    UART_DMAReceiveCplt                      0x080040a7   Thumb Code   134  stm32f4xx_hal_uart.o(i.UART_DMAReceiveCplt)
    i.UART_DMARxHalfCplt                     0x0800412c   Section        0  stm32f4xx_hal_uart.o(i.UART_DMARxHalfCplt)
    UART_DMARxHalfCplt                       0x0800412d   Thumb Code    30  stm32f4xx_hal_uart.o(i.UART_DMARxHalfCplt)
    i.UART_EndRxTransfer                     0x0800414a   Section        0  stm32f4xx_hal_uart.o(i.UART_EndRxTransfer)
    UART_EndRxTransfer                       0x0800414b   Thumb Code    78  stm32f4xx_hal_uart.o(i.UART_EndRxTransfer)
    i.UART_EndTxTransfer                     0x08004198   Section        0  stm32f4xx_hal_uart.o(i.UART_EndTxTransfer)
    UART_EndTxTransfer                       0x08004199   Thumb Code    28  stm32f4xx_hal_uart.o(i.UART_EndTxTransfer)
    i.UART_Receive_IT                        0x080041b4   Section        0  stm32f4xx_hal_uart.o(i.UART_Receive_IT)
    UART_Receive_IT                          0x080041b5   Thumb Code   194  stm32f4xx_hal_uart.o(i.UART_Receive_IT)
    i.UART_SetConfig                         0x08004278   Section        0  stm32f4xx_hal_uart.o(i.UART_SetConfig)
    UART_SetConfig                           0x08004279   Thumb Code   258  stm32f4xx_hal_uart.o(i.UART_SetConfig)
    i.UART_Start_Receive_DMA                 0x08004384   Section        0  stm32f4xx_hal_uart.o(i.UART_Start_Receive_DMA)
    i.USART1_IRQHandler                      0x08004424   Section        0  stm32f4xx_it.o(i.USART1_IRQHandler)
    i.USART3_IRQHandler                      0x08004430   Section        0  stm32f4xx_it.o(i.USART3_IRQHandler)
    i.USART6_IRQHandler                      0x0800443c   Section        0  stm32f4xx_it.o(i.USART6_IRQHandler)
    i.Update_Yaw_Angle                       0x08004448   Section        0  chassis.o(i.Update_Yaw_Angle)
    i.UsageFault_Handler                     0x0800453c   Section        0  stm32f4xx_it.o(i.UsageFault_Handler)
    i.Vofa_Init                              0x08004540   Section        0  vofa.o(i.Vofa_Init)
    i.Vofa_Task                              0x080045b8   Section        0  vofa.o(i.Vofa_Task)
    i.Vofa_Timing_Callback                   0x080045d4   Section        0  vofa.o(i.Vofa_Timing_Callback)
    i.__ARM_fpclassifyf                      0x080045ec   Section        0  fpclassifyf.o(i.__ARM_fpclassifyf)
    i.__NVIC_SetPriority                     0x08004612   Section        0  stm32f4xx_hal_cortex.o(i.__NVIC_SetPriority)
    __NVIC_SetPriority                       0x08004613   Thumb Code    32  stm32f4xx_hal_cortex.o(i.__NVIC_SetPriority)
    i.__hardfp_cosf                          0x08004634   Section        0  cosf.o(i.__hardfp_cosf)
    i.__hardfp_fminf                         0x08004784   Section        0  fminf.o(i.__hardfp_fminf)
    i.__hardfp_fmodf                         0x080047cc   Section        0  fmodf.o(i.__hardfp_fmodf)
    i.__hardfp_sinf                          0x0800487c   Section        0  sinf.o(i.__hardfp_sinf)
    i.__mathlib_flt_infnan                   0x08004a0c   Section        0  funder.o(i.__mathlib_flt_infnan)
    i.__mathlib_flt_invalid                  0x08004a14   Section        0  funder.o(i.__mathlib_flt_invalid)
    i.__mathlib_flt_underflow                0x08004a24   Section        0  funder.o(i.__mathlib_flt_underflow)
    i.__mathlib_rredf2                       0x08004a34   Section        0  rredf.o(i.__mathlib_rredf2)
    i.__scatterload_copy                     0x08004b88   Section       14  handlers.o(i.__scatterload_copy)
    i.__scatterload_null                     0x08004b96   Section        2  handlers.o(i.__scatterload_null)
    i.__scatterload_zeroinit                 0x08004b98   Section       14  handlers.o(i.__scatterload_zeroinit)
    i.__set_errno                            0x08004ba8   Section        0  errno.o(i.__set_errno)
    i.main                                   0x08004bb4   Section        0  main.o(i.main)
    i.normalize                              0x08004bf0   Section        0  at9s.o(i.normalize)
    normalize                                0x08004bf1   Thumb Code    80  at9s.o(i.normalize)
    .constdata                               0x08004c48   Section       48  chassis.o(.constdata)
    MECANUM_MATRIX                           0x08004c48   Data          48  chassis.o(.constdata)
    .constdata                               0x08004c78   Section        5  vofa.o(.constdata)
    .constdata                               0x08004c7d   Section        8  stm32f4xx_hal_dma.o(.constdata)
    flagBitshiftOffset                       0x08004c7d   Data           8  stm32f4xx_hal_dma.o(.constdata)
    .constdata                               0x08004c85   Section       16  system_stm32f4xx.o(.constdata)
    .constdata                               0x08004c95   Section        8  system_stm32f4xx.o(.constdata)
    .constdata                               0x08004ca0   Section       32  rredf.o(.constdata)
    twooverpi                                0x08004ca0   Data          32  rredf.o(.constdata)
    .data                                    0x20000000   Section        1  app.o(.data)
    .data                                    0x20000004   Section       24  chassis.o(.data)
    first_enter                              0x20000004   Data           1  chassis.o(.data)
    yaw_rotation_count                       0x20000006   Data           2  chassis.o(.data)
    previous_yaw                             0x20000008   Data           4  chassis.o(.data)
    continuous_yaw                           0x2000000c   Data           4  chassis.o(.data)
    previous_yaw                             0x20000010   Data           4  chassis.o(.data)
    rotation_count                           0x20000014   Data           4  chassis.o(.data)
    absolute_angle                           0x20000018   Data           4  chassis.o(.data)
    .data                                    0x2000001c   Section       12  buzzer.o(.data)
    i                                        0x2000001c   Data           1  buzzer.o(.data)
    .data                                    0x20000028   Section        8  led.o(.data)
    .data                                    0x20000030   Section       30  dji_motor.o(.data)
    .data                                    0x2000004e   Section       24  super_cap.o(.data)
    .data                                    0x20000066   Section       33  communicate.o(.data)
    .data                                    0x20000087   Section        8  bsp_can.o(.data)
    .data                                    0x2000008f   Section        8  bsp_can.o(.data)
    .data                                    0x20000098   Section        4  can.o(.data)
    HAL_RCC_CAN1_CLK_ENABLED                 0x20000098   Data           4  can.o(.data)
    .data                                    0x2000009c   Section       12  stm32f4xx_hal.o(.data)
    .data                                    0x200000a8   Section        4  system_stm32f4xx.o(.data)
    .data                                    0x200000ac   Section        4  errno.o(.data)
    _errno                                   0x200000ac   Data           4  errno.o(.data)
    .bss                                     0x200000b0   Section      517  chassis.o(.bss)
    .bss                                     0x200002b5   Section      525  vofa.o(.bss)
    .bss                                     0x200004c2   Section      162  at9s.o(.bss)
    .bss                                     0x20000564   Section       48  dji_motor.o(.bss)
    .bss                                     0x20000594   Section       12  dji_motor.o(.bss)
    .bss                                     0x200005a0   Section      348  hi12.o(.bss)
    .bss                                     0x200006fc   Section       80  can.o(.bss)
    .bss                                     0x2000074c   Section      144  tim.o(.bss)
    .bss                                     0x200007dc   Section      696  usart.o(.bss)
    STACK                                    0x20000a98   Section     1024  startup_stm32f407xx.o(STACK)

    Global Symbols

    Symbol Name                              Value     Ov Type        Size  Object(Section)

    BuildAttributes$$THM_ISAv4$E$P$D$K$B$S$7EM$VFPi3$EXTD16$VFPS$VFMA$PE$A:L22UL41UL21$X:L11$S22US41US21$IEEE1$IW$USESV6$~STKCKD$USESV7$~SHL$OTIME$ROPI$IEEEX$EBA8$MICROLIB$REQ8$PRES8$EABIv2 0x00000000   Number         0  anon$$obj.o ABSOLUTE
    __ARM_use_no_argv                        0x00000000   Number         0  main.o ABSOLUTE
    _printf_a                                0x00000000   Number         0  stubs.o ABSOLUTE
    _printf_c                                0x00000000   Number         0  stubs.o ABSOLUTE
    _printf_charcount                        0x00000000   Number         0  stubs.o ABSOLUTE
    _printf_d                                0x00000000   Number         0  stubs.o ABSOLUTE
    _printf_e                                0x00000000   Number         0  stubs.o ABSOLUTE
    _printf_f                                0x00000000   Number         0  stubs.o ABSOLUTE
    _printf_flags                            0x00000000   Number         0  stubs.o ABSOLUTE
    _printf_fp_dec                           0x00000000   Number         0  stubs.o ABSOLUTE
    _printf_fp_hex                           0x00000000   Number         0  stubs.o ABSOLUTE
    _printf_g                                0x00000000   Number         0  stubs.o ABSOLUTE
    _printf_i                                0x00000000   Number         0  stubs.o ABSOLUTE
    _printf_int_dec                          0x00000000   Number         0  stubs.o ABSOLUTE
    _printf_l                                0x00000000   Number         0  stubs.o ABSOLUTE
    _printf_lc                               0x00000000   Number         0  stubs.o ABSOLUTE
    _printf_ll                               0x00000000   Number         0  stubs.o ABSOLUTE
    _printf_lld                              0x00000000   Number         0  stubs.o ABSOLUTE
    _printf_lli                              0x00000000   Number         0  stubs.o ABSOLUTE
    _printf_llo                              0x00000000   Number         0  stubs.o ABSOLUTE
    _printf_llu                              0x00000000   Number         0  stubs.o ABSOLUTE
    _printf_llx                              0x00000000   Number         0  stubs.o ABSOLUTE
    _printf_longlong_dec                     0x00000000   Number         0  stubs.o ABSOLUTE
    _printf_longlong_hex                     0x00000000   Number         0  stubs.o ABSOLUTE
    _printf_longlong_oct                     0x00000000   Number         0  stubs.o ABSOLUTE
    _printf_ls                               0x00000000   Number         0  stubs.o ABSOLUTE
    _printf_mbtowc                           0x00000000   Number         0  stubs.o ABSOLUTE
    _printf_n                                0x00000000   Number         0  stubs.o ABSOLUTE
    _printf_o                                0x00000000   Number         0  stubs.o ABSOLUTE
    _printf_p                                0x00000000   Number         0  stubs.o ABSOLUTE
    _printf_percent                          0x00000000   Number         0  stubs.o ABSOLUTE
    _printf_pre_padding                      0x00000000   Number         0  stubs.o ABSOLUTE
    _printf_return_value                     0x00000000   Number         0  stubs.o ABSOLUTE
    _printf_s                                0x00000000   Number         0  stubs.o ABSOLUTE
    _printf_sizespec                         0x00000000   Number         0  stubs.o ABSOLUTE
    _printf_str                              0x00000000   Number         0  stubs.o ABSOLUTE
    _printf_truncate_signed                  0x00000000   Number         0  stubs.o ABSOLUTE
    _printf_truncate_unsigned                0x00000000   Number         0  stubs.o ABSOLUTE
    _printf_u                                0x00000000   Number         0  stubs.o ABSOLUTE
    _printf_wc                               0x00000000   Number         0  stubs.o ABSOLUTE
    _printf_wctomb                           0x00000000   Number         0  stubs.o ABSOLUTE
    _printf_widthprec                        0x00000000   Number         0  stubs.o ABSOLUTE
    _printf_x                                0x00000000   Number         0  stubs.o ABSOLUTE
    __arm_fini_                               - Undefined Weak Reference
    __cpp_initialize__aeabi_                  - Undefined Weak Reference
    __cxa_finalize                            - Undefined Weak Reference
    __decompress                              - Undefined Weak Reference
    _clock_init                               - Undefined Weak Reference
    _microlib_exit                            - Undefined Weak Reference
    __Vectors_Size                           0x00000188   Number         0  startup_stm32f407xx.o ABSOLUTE
    __Vectors                                0x08000000   Data           4  startup_stm32f407xx.o(RESET)
    __Vectors_End                            0x08000188   Data           0  startup_stm32f407xx.o(RESET)
    __main                                   0x08000189   Thumb Code     0  entry.o(.ARM.Collect$$$$00000000)
    _main_stk                                0x08000189   Thumb Code     0  entry2.o(.ARM.Collect$$$$00000001)
    _main_scatterload                        0x0800018d   Thumb Code     0  entry5.o(.ARM.Collect$$$$00000004)
    __main_after_scatterload                 0x08000191   Thumb Code     0  entry5.o(.ARM.Collect$$$$00000004)
    _main_clock                              0x08000191   Thumb Code     0  entry7b.o(.ARM.Collect$$$$00000008)
    _main_cpp_init                           0x08000191   Thumb Code     0  entry8b.o(.ARM.Collect$$$$0000000A)
    _main_init                               0x08000191   Thumb Code     0  entry9a.o(.ARM.Collect$$$$0000000B)
    __rt_lib_shutdown_fini                   0x08000199   Thumb Code     0  entry12b.o(.ARM.Collect$$$$0000000E)
    __rt_final_cpp                           0x0800019d   Thumb Code     0  entry10a.o(.ARM.Collect$$$$0000000F)
    __rt_final_exit                          0x0800019d   Thumb Code     0  entry11a.o(.ARM.Collect$$$$00000011)
    Reset_Handler                            0x080001a1   Thumb Code     8  startup_stm32f407xx.o(.text)
    ADC_IRQHandler                           0x080001bb   Thumb Code     0  startup_stm32f407xx.o(.text)
    CAN1_SCE_IRQHandler                      0x080001bb   Thumb Code     0  startup_stm32f407xx.o(.text)
    CAN1_TX_IRQHandler                       0x080001bb   Thumb Code     0  startup_stm32f407xx.o(.text)
    CAN2_SCE_IRQHandler                      0x080001bb   Thumb Code     0  startup_stm32f407xx.o(.text)
    CAN2_TX_IRQHandler                       0x080001bb   Thumb Code     0  startup_stm32f407xx.o(.text)
    DCMI_IRQHandler                          0x080001bb   Thumb Code     0  startup_stm32f407xx.o(.text)
    DMA1_Stream0_IRQHandler                  0x080001bb   Thumb Code     0  startup_stm32f407xx.o(.text)
    DMA1_Stream2_IRQHandler                  0x080001bb   Thumb Code     0  startup_stm32f407xx.o(.text)
    DMA1_Stream3_IRQHandler                  0x080001bb   Thumb Code     0  startup_stm32f407xx.o(.text)
    DMA1_Stream4_IRQHandler                  0x080001bb   Thumb Code     0  startup_stm32f407xx.o(.text)
    DMA1_Stream5_IRQHandler                  0x080001bb   Thumb Code     0  startup_stm32f407xx.o(.text)
    DMA1_Stream6_IRQHandler                  0x080001bb   Thumb Code     0  startup_stm32f407xx.o(.text)
    DMA1_Stream7_IRQHandler                  0x080001bb   Thumb Code     0  startup_stm32f407xx.o(.text)
    DMA2_Stream0_IRQHandler                  0x080001bb   Thumb Code     0  startup_stm32f407xx.o(.text)
    DMA2_Stream3_IRQHandler                  0x080001bb   Thumb Code     0  startup_stm32f407xx.o(.text)
    DMA2_Stream4_IRQHandler                  0x080001bb   Thumb Code     0  startup_stm32f407xx.o(.text)
    DMA2_Stream5_IRQHandler                  0x080001bb   Thumb Code     0  startup_stm32f407xx.o(.text)
    ETH_IRQHandler                           0x080001bb   Thumb Code     0  startup_stm32f407xx.o(.text)
    ETH_WKUP_IRQHandler                      0x080001bb   Thumb Code     0  startup_stm32f407xx.o(.text)
    EXTI0_IRQHandler                         0x080001bb   Thumb Code     0  startup_stm32f407xx.o(.text)
    EXTI15_10_IRQHandler                     0x080001bb   Thumb Code     0  startup_stm32f407xx.o(.text)
    EXTI1_IRQHandler                         0x080001bb   Thumb Code     0  startup_stm32f407xx.o(.text)
    EXTI2_IRQHandler                         0x080001bb   Thumb Code     0  startup_stm32f407xx.o(.text)
    EXTI3_IRQHandler                         0x080001bb   Thumb Code     0  startup_stm32f407xx.o(.text)
    EXTI4_IRQHandler                         0x080001bb   Thumb Code     0  startup_stm32f407xx.o(.text)
    EXTI9_5_IRQHandler                       0x080001bb   Thumb Code     0  startup_stm32f407xx.o(.text)
    FLASH_IRQHandler                         0x080001bb   Thumb Code     0  startup_stm32f407xx.o(.text)
    FMC_IRQHandler                           0x080001bb   Thumb Code     0  startup_stm32f407xx.o(.text)
    FPU_IRQHandler                           0x080001bb   Thumb Code     0  startup_stm32f407xx.o(.text)
    HASH_RNG_IRQHandler                      0x080001bb   Thumb Code     0  startup_stm32f407xx.o(.text)
    I2C1_ER_IRQHandler                       0x080001bb   Thumb Code     0  startup_stm32f407xx.o(.text)
    I2C1_EV_IRQHandler                       0x080001bb   Thumb Code     0  startup_stm32f407xx.o(.text)
    I2C2_ER_IRQHandler                       0x080001bb   Thumb Code     0  startup_stm32f407xx.o(.text)
    I2C2_EV_IRQHandler                       0x080001bb   Thumb Code     0  startup_stm32f407xx.o(.text)
    I2C3_ER_IRQHandler                       0x080001bb   Thumb Code     0  startup_stm32f407xx.o(.text)
    I2C3_EV_IRQHandler                       0x080001bb   Thumb Code     0  startup_stm32f407xx.o(.text)
    OTG_FS_IRQHandler                        0x080001bb   Thumb Code     0  startup_stm32f407xx.o(.text)
    OTG_FS_WKUP_IRQHandler                   0x080001bb   Thumb Code     0  startup_stm32f407xx.o(.text)
    OTG_HS_EP1_IN_IRQHandler                 0x080001bb   Thumb Code     0  startup_stm32f407xx.o(.text)
    OTG_HS_EP1_OUT_IRQHandler                0x080001bb   Thumb Code     0  startup_stm32f407xx.o(.text)
    OTG_HS_IRQHandler                        0x080001bb   Thumb Code     0  startup_stm32f407xx.o(.text)
    OTG_HS_WKUP_IRQHandler                   0x080001bb   Thumb Code     0  startup_stm32f407xx.o(.text)
    PVD_IRQHandler                           0x080001bb   Thumb Code     0  startup_stm32f407xx.o(.text)
    RCC_IRQHandler                           0x080001bb   Thumb Code     0  startup_stm32f407xx.o(.text)
    RTC_Alarm_IRQHandler                     0x080001bb   Thumb Code     0  startup_stm32f407xx.o(.text)
    RTC_WKUP_IRQHandler                      0x080001bb   Thumb Code     0  startup_stm32f407xx.o(.text)
    SDIO_IRQHandler                          0x080001bb   Thumb Code     0  startup_stm32f407xx.o(.text)
    SPI1_IRQHandler                          0x080001bb   Thumb Code     0  startup_stm32f407xx.o(.text)
    SPI2_IRQHandler                          0x080001bb   Thumb Code     0  startup_stm32f407xx.o(.text)
    SPI3_IRQHandler                          0x080001bb   Thumb Code     0  startup_stm32f407xx.o(.text)
    TAMP_STAMP_IRQHandler                    0x080001bb   Thumb Code     0  startup_stm32f407xx.o(.text)
    TIM1_BRK_TIM9_IRQHandler                 0x080001bb   Thumb Code     0  startup_stm32f407xx.o(.text)
    TIM1_CC_IRQHandler                       0x080001bb   Thumb Code     0  startup_stm32f407xx.o(.text)
    TIM1_TRG_COM_TIM11_IRQHandler            0x080001bb   Thumb Code     0  startup_stm32f407xx.o(.text)
    TIM2_IRQHandler                          0x080001bb   Thumb Code     0  startup_stm32f407xx.o(.text)
    TIM3_IRQHandler                          0x080001bb   Thumb Code     0  startup_stm32f407xx.o(.text)
    TIM4_IRQHandler                          0x080001bb   Thumb Code     0  startup_stm32f407xx.o(.text)
    TIM5_IRQHandler                          0x080001bb   Thumb Code     0  startup_stm32f407xx.o(.text)
    TIM6_DAC_IRQHandler                      0x080001bb   Thumb Code     0  startup_stm32f407xx.o(.text)
    TIM7_IRQHandler                          0x080001bb   Thumb Code     0  startup_stm32f407xx.o(.text)
    TIM8_BRK_TIM12_IRQHandler                0x080001bb   Thumb Code     0  startup_stm32f407xx.o(.text)
    TIM8_CC_IRQHandler                       0x080001bb   Thumb Code     0  startup_stm32f407xx.o(.text)
    TIM8_TRG_COM_TIM14_IRQHandler            0x080001bb   Thumb Code     0  startup_stm32f407xx.o(.text)
    TIM8_UP_TIM13_IRQHandler                 0x080001bb   Thumb Code     0  startup_stm32f407xx.o(.text)
    UART4_IRQHandler                         0x080001bb   Thumb Code     0  startup_stm32f407xx.o(.text)
    UART5_IRQHandler                         0x080001bb   Thumb Code     0  startup_stm32f407xx.o(.text)
    USART2_IRQHandler                        0x080001bb   Thumb Code     0  startup_stm32f407xx.o(.text)
    WWDG_IRQHandler                          0x080001bb   Thumb Code     0  startup_stm32f407xx.o(.text)
    __aeabi_uldivmod                         0x080001c5   Thumb Code    98  uldiv.o(.text)
    __aeabi_memset                           0x08000227   Thumb Code    14  memseta.o(.text)
    __aeabi_memset4                          0x08000227   Thumb Code     0  memseta.o(.text)
    __aeabi_memset8                          0x08000227   Thumb Code     0  memseta.o(.text)
    __aeabi_memclr                           0x08000235   Thumb Code     4  memseta.o(.text)
    __aeabi_memclr4                          0x08000235   Thumb Code     0  memseta.o(.text)
    __aeabi_memclr8                          0x08000235   Thumb Code     0  memseta.o(.text)
    _memset$wrapper                          0x08000239   Thumb Code    18  memseta.o(.text)
    __aeabi_llsl                             0x0800024b   Thumb Code    30  llshl.o(.text)
    _ll_shift_l                              0x0800024b   Thumb Code     0  llshl.o(.text)
    __aeabi_llsr                             0x08000269   Thumb Code    32  llushr.o(.text)
    _ll_ushift_r                             0x08000269   Thumb Code     0  llushr.o(.text)
    __I$use$fp                               0x08000289   Thumb Code     0  iusefp.o(.text)
    _frem                                    0x08000289   Thumb Code    82  frem.o(.text)
    __ARM_fcmp4                              0x080002db   Thumb Code    54  fcmp4.o(.text)
    _fcmp4                                   0x080002db   Thumb Code     0  fcmp4.o(.text)
    __scatterload                            0x08000311   Thumb Code    28  init.o(.text)
    __scatterload_rt2                        0x08000311   Thumb Code     0  init.o(.text)
    _float_round                             0x08000335   Thumb Code    18  fepilogue.o(.text)
    _float_epilogue                          0x08000347   Thumb Code    92  fepilogue.o(.text)
    Angle_Rate_Limiter_Init                  0x080003a3   Thumb Code    18  limiter.o(i.Angle_Rate_Limiter_Init)
    App_Init                                 0x080003b5   Thumb Code    46  app.o(i.App_Init)
    App_Task                                 0x080003e5   Thumb Code    98  app.o(i.App_Task)
    Apply_Speed_Ramp                         0x08000455   Thumb Code   158  limiter.o(i.Apply_Speed_Ramp)
    At9s_Init                                0x080004f5   Thumb Code   142  at9s.o(i.At9s_Init)
    At9s_Parse_Frame                         0x08000599   Thumb Code   442  at9s.o(i.At9s_Parse_Frame)
    At9s_Rx_Callback                         0x08000761   Thumb Code    16  at9s.o(i.At9s_Rx_Callback)
    At9s_Timing_Callback                     0x08000775   Thumb Code    18  at9s.o(i.At9s_Timing_Callback)
    Bsp_Can_Init                             0x0800078d   Thumb Code    34  bsp_can.o(i.Bsp_Can_Init)
    Bsp_Can_Rx_Filter_Set                    0x080007b9   Thumb Code    60  bsp_can.o(i.Bsp_Can_Rx_Filter_Set)
    Bsp_Tim_Init                             0x080007f5   Thumb Code     6  bsp_tim.o(i.Bsp_Tim_Init)
    BusFault_Handler                         0x08000801   Thumb Code     2  stm32f4xx_it.o(i.BusFault_Handler)
    Buzzer_Error_Task                        0x08000805   Thumb Code    52  buzzer.o(i.Buzzer_Error_Task)
    Buzzer_Init                              0x08000841   Thumb Code    14  buzzer.o(i.Buzzer_Init)
    Buzzer_Normal_Task                       0x08000859   Thumb Code    28  buzzer.o(i.Buzzer_Normal_Task)
    Buzzer_Timing_Callback                   0x0800087d   Thumb Code    16  buzzer.o(i.Buzzer_Timing_Callback)
    CAN1_RX0_IRQHandler                      0x08000891   Thumb Code     6  stm32f4xx_it.o(i.CAN1_RX0_IRQHandler)
    CAN1_RX1_IRQHandler                      0x0800089d   Thumb Code     6  stm32f4xx_it.o(i.CAN1_RX1_IRQHandler)
    CAN2_RX0_IRQHandler                      0x080008a9   Thumb Code     6  stm32f4xx_it.o(i.CAN2_RX0_IRQHandler)
    CAN2_RX1_IRQHandler                      0x080008b5   Thumb Code     6  stm32f4xx_it.o(i.CAN2_RX1_IRQHandler)
    Chassis_Init                             0x080008c1   Thumb Code   368  chassis.o(i.Chassis_Init)
    Chassis_Omni_Calc                        0x08000a65   Thumb Code   578  chassis.o(i.Chassis_Omni_Calc)
    Chassis_Omni_Get_Data                    0x08000cd5   Thumb Code    52  chassis.o(i.Chassis_Omni_Get_Data)
    Chassis_Task                             0x08000d11   Thumb Code    46  chassis.o(i.Chassis_Task)
    Chassis_Timing_Callback                  0x08000d45   Thumb Code    18  chassis.o(i.Chassis_Timing_Callback)
    Chassis_Yaw_Calc                         0x08000d5d   Thumb Code   260  chassis.o(i.Chassis_Yaw_Calc)
    Chassis_Yaw_Get_Data                     0x08000e8d   Thumb Code    84  chassis.o(i.Chassis_Yaw_Get_Data)
    Communicate_Data_Process                 0x08000ef1   Thumb Code   120  communicate.o(i.Communicate_Data_Process)
    Communicate_Get_Data                     0x08000f71   Thumb Code    36  communicate.o(i.Communicate_Get_Data)
    Communicate_Init                         0x08000f95   Thumb Code    16  communicate.o(i.Communicate_Init)
    Communicate_Rx_Filter_Set                0x08000fa9   Thumb Code   102  communicate.o(i.Communicate_Rx_Filter_Set)
    Communicate_Task                         0x08001019   Thumb Code   106  communicate.o(i.Communicate_Task)
    Communicate_Timing_Callback              0x08001091   Thumb Code    18  communicate.o(i.Communicate_Timing_Callback)
    Crc16_Update                             0x080010a9   Thumb Code    48  hi12.o(i.Crc16_Update)
    Curve_Config_Init                        0x080010d9   Thumb Code    34  curve_mapping.o(i.Curve_Config_Init)
    DMA1_Stream1_IRQHandler                  0x080010fd   Thumb Code     6  stm32f4xx_it.o(i.DMA1_Stream1_IRQHandler)
    DMA2_Stream1_IRQHandler                  0x08001109   Thumb Code     6  stm32f4xx_it.o(i.DMA2_Stream1_IRQHandler)
    DMA2_Stream2_IRQHandler                  0x08001115   Thumb Code     6  stm32f4xx_it.o(i.DMA2_Stream2_IRQHandler)
    DMA2_Stream6_IRQHandler                  0x08001121   Thumb Code     6  stm32f4xx_it.o(i.DMA2_Stream6_IRQHandler)
    DMA2_Stream7_IRQHandler                  0x0800112d   Thumb Code     6  stm32f4xx_it.o(i.DMA2_Stream7_IRQHandler)
    DebugMon_Handler                         0x080011dd   Thumb Code     2  stm32f4xx_it.o(i.DebugMon_Handler)
    Dji_Motor_Chassis_Rx_Filter_Set          0x080011e1   Thumb Code   106  dji_motor.o(i.Dji_Motor_Chassis_Rx_Filter_Set)
    Dji_Motor_Data_Process                   0x08001255   Thumb Code   112  dji_motor.o(i.Dji_Motor_Data_Process)
    Dji_Motor_Get_Data                       0x080012cd   Thumb Code    64  dji_motor.o(i.Dji_Motor_Get_Data)
    Dji_Motor_Init                           0x08001311   Thumb Code     4  dji_motor.o(i.Dji_Motor_Init)
    Dji_Motor_Set_Current                    0x08001315   Thumb Code    94  dji_motor.o(i.Dji_Motor_Set_Current)
    Error_Handler                            0x08001379   Thumb Code     4  main.o(i.Error_Handler)
    HAL_CAN_ActivateNotification             0x0800137d   Thumb Code    36  stm32f4xx_hal_can.o(i.HAL_CAN_ActivateNotification)
    HAL_CAN_AddTxMessage                     0x080013a1   Thumb Code   208  stm32f4xx_hal_can.o(i.HAL_CAN_AddTxMessage)
    HAL_CAN_ConfigFilter                     0x08001471   Thumb Code   262  stm32f4xx_hal_can.o(i.HAL_CAN_ConfigFilter)
    HAL_CAN_ErrorCallback                    0x0800157d   Thumb Code     2  stm32f4xx_hal_can.o(i.HAL_CAN_ErrorCallback)
    HAL_CAN_GetRxMessage                     0x0800157f   Thumb Code   244  stm32f4xx_hal_can.o(i.HAL_CAN_GetRxMessage)
    HAL_CAN_IRQHandler                       0x08001673   Thumb Code   508  stm32f4xx_hal_can.o(i.HAL_CAN_IRQHandler)
    HAL_CAN_Init                             0x0800186f   Thumb Code   282  stm32f4xx_hal_can.o(i.HAL_CAN_Init)
    HAL_CAN_MspInit                          0x08001989   Thumb Code   258  can.o(i.HAL_CAN_MspInit)
    HAL_CAN_RxFifo0FullCallback              0x08001aa5   Thumb Code     2  stm32f4xx_hal_can.o(i.HAL_CAN_RxFifo0FullCallback)
    HAL_CAN_RxFifo0MsgPendingCallback        0x08001aa9   Thumb Code    96  can_callback.o(i.HAL_CAN_RxFifo0MsgPendingCallback)
    HAL_CAN_RxFifo1FullCallback              0x08001b1d   Thumb Code     2  stm32f4xx_hal_can.o(i.HAL_CAN_RxFifo1FullCallback)
    HAL_CAN_RxFifo1MsgPendingCallback        0x08001b1f   Thumb Code     2  stm32f4xx_hal_can.o(i.HAL_CAN_RxFifo1MsgPendingCallback)
    HAL_CAN_SleepCallback                    0x08001b21   Thumb Code     2  stm32f4xx_hal_can.o(i.HAL_CAN_SleepCallback)
    HAL_CAN_Start                            0x08001b25   Thumb Code    88  stm32f4xx_hal_can.o(i.HAL_CAN_Start)
    HAL_CAN_TxMailbox0AbortCallback          0x08001b7d   Thumb Code     2  stm32f4xx_hal_can.o(i.HAL_CAN_TxMailbox0AbortCallback)
    HAL_CAN_TxMailbox0CompleteCallback       0x08001b7f   Thumb Code     2  stm32f4xx_hal_can.o(i.HAL_CAN_TxMailbox0CompleteCallback)
    HAL_CAN_TxMailbox1AbortCallback          0x08001b81   Thumb Code     2  stm32f4xx_hal_can.o(i.HAL_CAN_TxMailbox1AbortCallback)
    HAL_CAN_TxMailbox1CompleteCallback       0x08001b83   Thumb Code     2  stm32f4xx_hal_can.o(i.HAL_CAN_TxMailbox1CompleteCallback)
    HAL_CAN_TxMailbox2AbortCallback          0x08001b85   Thumb Code     2  stm32f4xx_hal_can.o(i.HAL_CAN_TxMailbox2AbortCallback)
    HAL_CAN_TxMailbox2CompleteCallback       0x08001b87   Thumb Code     2  stm32f4xx_hal_can.o(i.HAL_CAN_TxMailbox2CompleteCallback)
    HAL_CAN_WakeUpFromRxMsgCallback          0x08001b89   Thumb Code     2  stm32f4xx_hal_can.o(i.HAL_CAN_WakeUpFromRxMsgCallback)
    HAL_DMA_Abort                            0x08001b8b   Thumb Code   146  stm32f4xx_hal_dma.o(i.HAL_DMA_Abort)
    HAL_DMA_Abort_IT                         0x08001c1d   Thumb Code    36  stm32f4xx_hal_dma.o(i.HAL_DMA_Abort_IT)
    HAL_DMA_IRQHandler                       0x08001c41   Thumb Code   412  stm32f4xx_hal_dma.o(i.HAL_DMA_IRQHandler)
    HAL_DMA_Init                             0x08001de1   Thumb Code   206  stm32f4xx_hal_dma.o(i.HAL_DMA_Init)
    HAL_DMA_Start_IT                         0x08001eb5   Thumb Code   110  stm32f4xx_hal_dma.o(i.HAL_DMA_Start_IT)
    HAL_Delay                                0x08001f25   Thumb Code    32  stm32f4xx_hal.o(i.HAL_Delay)
    HAL_GPIO_Init                            0x08001f49   Thumb Code   450  stm32f4xx_hal_gpio.o(i.HAL_GPIO_Init)
    HAL_GPIO_TogglePin                       0x08002139   Thumb Code    16  stm32f4xx_hal_gpio.o(i.HAL_GPIO_TogglePin)
    HAL_GPIO_WritePin                        0x08002149   Thumb Code    10  stm32f4xx_hal_gpio.o(i.HAL_GPIO_WritePin)
    HAL_GetTick                              0x08002155   Thumb Code     6  stm32f4xx_hal.o(i.HAL_GetTick)
    HAL_IncTick                              0x08002161   Thumb Code    12  stm32f4xx_hal.o(i.HAL_IncTick)
    HAL_Init                                 0x08002171   Thumb Code    48  stm32f4xx_hal.o(i.HAL_Init)
    HAL_InitTick                             0x080021a5   Thumb Code    54  stm32f4xx_hal.o(i.HAL_InitTick)
    HAL_MspInit                              0x080021e5   Thumb Code    42  stm32f4xx_hal_msp.o(i.HAL_MspInit)
    HAL_NVIC_EnableIRQ                       0x08002215   Thumb Code    26  stm32f4xx_hal_cortex.o(i.HAL_NVIC_EnableIRQ)
    HAL_NVIC_SetPriority                     0x08002231   Thumb Code    60  stm32f4xx_hal_cortex.o(i.HAL_NVIC_SetPriority)
    HAL_NVIC_SetPriorityGrouping             0x08002271   Thumb Code    26  stm32f4xx_hal_cortex.o(i.HAL_NVIC_SetPriorityGrouping)
    HAL_RCC_ClockConfig                      0x08002295   Thumb Code   288  stm32f4xx_hal_rcc.o(i.HAL_RCC_ClockConfig)
    HAL_RCC_GetPCLK1Freq                     0x080023c9   Thumb Code    20  stm32f4xx_hal_rcc.o(i.HAL_RCC_GetPCLK1Freq)
    HAL_RCC_GetPCLK2Freq                     0x080023e9   Thumb Code    20  stm32f4xx_hal_rcc.o(i.HAL_RCC_GetPCLK2Freq)
    HAL_RCC_GetSysClockFreq                  0x08002409   Thumb Code    88  stm32f4xx_hal_rcc.o(i.HAL_RCC_GetSysClockFreq)
    HAL_RCC_OscConfig                        0x0800246d   Thumb Code   856  stm32f4xx_hal_rcc.o(i.HAL_RCC_OscConfig)
    HAL_SYSTICK_Config                       0x080027d9   Thumb Code    40  stm32f4xx_hal_cortex.o(i.HAL_SYSTICK_Config)
    HAL_TIMEx_BreakCallback                  0x08002801   Thumb Code     2  stm32f4xx_hal_tim_ex.o(i.HAL_TIMEx_BreakCallback)
    HAL_TIMEx_CommutCallback                 0x08002803   Thumb Code     2  stm32f4xx_hal_tim_ex.o(i.HAL_TIMEx_CommutCallback)
    HAL_TIMEx_MasterConfigSynchronization    0x08002805   Thumb Code   116  stm32f4xx_hal_tim_ex.o(i.HAL_TIMEx_MasterConfigSynchronization)
    HAL_TIM_Base_Init                        0x08002895   Thumb Code    90  stm32f4xx_hal_tim.o(i.HAL_TIM_Base_Init)
    HAL_TIM_Base_MspInit                     0x080028f1   Thumb Code    76  tim.o(i.HAL_TIM_Base_MspInit)
    HAL_TIM_Base_Start_IT                    0x08002949   Thumb Code   100  stm32f4xx_hal_tim.o(i.HAL_TIM_Base_Start_IT)
    HAL_TIM_ConfigClockSource                0x080029c9   Thumb Code   220  stm32f4xx_hal_tim.o(i.HAL_TIM_ConfigClockSource)
    HAL_TIM_IC_CaptureCallback               0x08002aa5   Thumb Code     2  stm32f4xx_hal_tim.o(i.HAL_TIM_IC_CaptureCallback)
    HAL_TIM_IRQHandler                       0x08002aa7   Thumb Code   304  stm32f4xx_hal_tim.o(i.HAL_TIM_IRQHandler)
    HAL_TIM_MspPostInit                      0x08002bd9   Thumb Code    70  tim.o(i.HAL_TIM_MspPostInit)
    HAL_TIM_OC_DelayElapsedCallback          0x08002c2d   Thumb Code     2  stm32f4xx_hal_tim.o(i.HAL_TIM_OC_DelayElapsedCallback)
    HAL_TIM_PWM_ConfigChannel                0x08002c2f   Thumb Code   204  stm32f4xx_hal_tim.o(i.HAL_TIM_PWM_ConfigChannel)
    HAL_TIM_PWM_Init                         0x08002cfb   Thumb Code    90  stm32f4xx_hal_tim.o(i.HAL_TIM_PWM_Init)
    HAL_TIM_PWM_MspInit                      0x08002d55   Thumb Code     2  stm32f4xx_hal_tim.o(i.HAL_TIM_PWM_MspInit)
    HAL_TIM_PWM_PulseFinishedCallback        0x08002d57   Thumb Code     2  stm32f4xx_hal_tim.o(i.HAL_TIM_PWM_PulseFinishedCallback)
    HAL_TIM_PWM_Start                        0x08002d59   Thumb Code   172  stm32f4xx_hal_tim.o(i.HAL_TIM_PWM_Start)
    HAL_TIM_PeriodElapsedCallback            0x08002e21   Thumb Code    44  tim_callback.o(i.HAL_TIM_PeriodElapsedCallback)
    HAL_TIM_TriggerCallback                  0x08002e51   Thumb Code     2  stm32f4xx_hal_tim.o(i.HAL_TIM_TriggerCallback)
    HAL_UARTEx_ReceiveToIdle_DMA             0x08002e53   Thumb Code    74  stm32f4xx_hal_uart.o(i.HAL_UARTEx_ReceiveToIdle_DMA)
    HAL_UARTEx_RxEventCallback               0x08002e9d   Thumb Code    24  usart_callback.o(i.HAL_UARTEx_RxEventCallback)
    HAL_UART_ErrorCallback                   0x08002ebd   Thumb Code     2  stm32f4xx_hal_uart.o(i.HAL_UART_ErrorCallback)
    HAL_UART_IRQHandler                      0x08002ec1   Thumb Code   636  stm32f4xx_hal_uart.o(i.HAL_UART_IRQHandler)
    HAL_UART_Init                            0x08003141   Thumb Code   100  stm32f4xx_hal_uart.o(i.HAL_UART_Init)
    HAL_UART_MspInit                         0x080031a5   Thumb Code   616  usart.o(i.HAL_UART_MspInit)
    HAL_UART_RxCpltCallback                  0x0800343d   Thumb Code     2  stm32f4xx_hal_uart.o(i.HAL_UART_RxCpltCallback)
    HAL_UART_RxHalfCpltCallback              0x0800343f   Thumb Code     2  stm32f4xx_hal_uart.o(i.HAL_UART_RxHalfCpltCallback)
    HAL_UART_TxCpltCallback                  0x08003441   Thumb Code     2  stm32f4xx_hal_uart.o(i.HAL_UART_TxCpltCallback)
    HardFault_Handler                        0x08003443   Thumb Code     2  stm32f4xx_it.o(i.HardFault_Handler)
    Hi12_Check_Status                        0x08003445   Thumb Code    78  hi12.o(i.Hi12_Check_Status)
    Hi12_Init                                0x08003495   Thumb Code    40  hi12.o(i.Hi12_Init)
    Hi12_Parse_IMUFrame                      0x080034c9   Thumb Code   126  hi12.o(i.Hi12_Parse_IMUFrame)
    Hi12_Rx_Callback                         0x08003551   Thumb Code    20  hi12.o(i.Hi12_Rx_Callback)
    Hi_Parse_Data                            0x08003569   Thumb Code   142  hi12.o(i.Hi_Parse_Data)
    Hi_Timing_Callback                       0x080035f9   Thumb Code    18  hi12.o(i.Hi_Timing_Callback)
    Led_Error_Task                           0x08003611   Thumb Code    48  led.o(i.Led_Error_Task)
    Led_Init                                 0x08003649   Thumb Code    44  led.o(i.Led_Init)
    Led_Normal_Task                          0x0800367d   Thumb Code    50  led.o(i.Led_Normal_Task)
    Led_Timing_Callback                      0x080036b9   Thumb Code    14  led.o(i.Led_Timing_Callback)
    Lpf_Config                               0x080036cd   Thumb Code    18  filter.o(i.Lpf_Config)
    Lpf_Update                               0x080036df   Thumb Code    48  filter.o(i.Lpf_Update)
    MX_CAN1_Init                             0x08003711   Thumb Code    58  can.o(i.MX_CAN1_Init)
    MX_CAN2_Init                             0x08003755   Thumb Code    58  can.o(i.MX_CAN2_Init)
    MX_DMA_Init                              0x08003799   Thumb Code   120  dma.o(i.MX_DMA_Init)
    MX_GPIO_Init                             0x08003815   Thumb Code   150  gpio.o(i.MX_GPIO_Init)
    MX_TIM1_Init                             0x080038b5   Thumb Code    98  tim.o(i.MX_TIM1_Init)
    MX_TIM4_Init                             0x08003921   Thumb Code   148  tim.o(i.MX_TIM4_Init)
    MX_USART1_UART_Init                      0x080039bd   Thumb Code    48  usart.o(i.MX_USART1_UART_Init)
    MX_USART3_UART_Init                      0x080039f5   Thumb Code    54  usart.o(i.MX_USART3_UART_Init)
    MX_USART6_UART_Init                      0x08003a39   Thumb Code    48  usart.o(i.MX_USART6_UART_Init)
    MemManage_Handler                        0x08003a71   Thumb Code     2  stm32f4xx_it.o(i.MemManage_Handler)
    NMI_Handler                              0x08003a73   Thumb Code     2  stm32f4xx_it.o(i.NMI_Handler)
    PendSV_Handler                           0x08003a75   Thumb Code     2  stm32f4xx_it.o(i.PendSV_Handler)
    Pid_Calc                                 0x08003a79   Thumb Code   308  pid.o(i.Pid_Calc)
    Pid_Init                                 0x08003bad   Thumb Code    32  pid.o(i.Pid_Init)
    Pid_Set                                  0x08003bcd   Thumb Code    34  pid.o(i.Pid_Set)
    SVC_Handler                              0x08003bef   Thumb Code     2  stm32f4xx_it.o(i.SVC_Handler)
    Super_Cap_Get_Data                       0x08003bf1   Thumb Code   100  super_cap.o(i.Super_Cap_Get_Data)
    Super_Cap_Set_Power                      0x08003c5d   Thumb Code    86  super_cap.o(i.Super_Cap_Set_Power)
    SysTick_Handler                          0x08003cc1   Thumb Code     4  stm32f4xx_it.o(i.SysTick_Handler)
    SystemClock_Config                       0x08003cc5   Thumb Code   140  main.o(i.SystemClock_Config)
    SystemInit                               0x08003d59   Thumb Code    12  system_stm32f4xx.o(i.SystemInit)
    TIM1_UP_TIM10_IRQHandler                 0x08003d69   Thumb Code     6  stm32f4xx_it.o(i.TIM1_UP_TIM10_IRQHandler)
    TIM_Base_SetConfig                       0x08003d75   Thumb Code   164  stm32f4xx_hal_tim.o(i.TIM_Base_SetConfig)
    TIM_CCxChannelCmd                        0x08003e45   Thumb Code    26  stm32f4xx_hal_tim.o(i.TIM_CCxChannelCmd)
    TIM_ETR_SetConfig                        0x08003e5f   Thumb Code    20  stm32f4xx_hal_tim.o(i.TIM_ETR_SetConfig)
    TIM_OC2_SetConfig                        0x08003ee5   Thumb Code    98  stm32f4xx_hal_tim.o(i.TIM_OC2_SetConfig)
    UART_Start_Receive_DMA                   0x08004385   Thumb Code   146  stm32f4xx_hal_uart.o(i.UART_Start_Receive_DMA)
    USART1_IRQHandler                        0x08004425   Thumb Code     6  stm32f4xx_it.o(i.USART1_IRQHandler)
    USART3_IRQHandler                        0x08004431   Thumb Code     6  stm32f4xx_it.o(i.USART3_IRQHandler)
    USART6_IRQHandler                        0x0800443d   Thumb Code     6  stm32f4xx_it.o(i.USART6_IRQHandler)
    Update_Yaw_Angle                         0x08004449   Thumb Code   204  chassis.o(i.Update_Yaw_Angle)
    UsageFault_Handler                       0x0800453d   Thumb Code     2  stm32f4xx_it.o(i.UsageFault_Handler)
    Vofa_Init                                0x08004541   Thumb Code   100  vofa.o(i.Vofa_Init)
    Vofa_Task                                0x080045b9   Thumb Code    24  vofa.o(i.Vofa_Task)
    Vofa_Timing_Callback                     0x080045d5   Thumb Code    18  vofa.o(i.Vofa_Timing_Callback)
    __ARM_fpclassifyf                        0x080045ed   Thumb Code    38  fpclassifyf.o(i.__ARM_fpclassifyf)
    __hardfp_cosf                            0x08004635   Thumb Code   280  cosf.o(i.__hardfp_cosf)
    __hardfp_fminf                           0x08004785   Thumb Code    72  fminf.o(i.__hardfp_fminf)
    __hardfp_fmodf                           0x080047cd   Thumb Code   176  fmodf.o(i.__hardfp_fmodf)
    __hardfp_sinf                            0x0800487d   Thumb Code   344  sinf.o(i.__hardfp_sinf)
    __mathlib_flt_infnan                     0x08004a0d   Thumb Code     6  funder.o(i.__mathlib_flt_infnan)
    __mathlib_flt_invalid                    0x08004a15   Thumb Code    10  funder.o(i.__mathlib_flt_invalid)
    __mathlib_flt_underflow                  0x08004a25   Thumb Code    10  funder.o(i.__mathlib_flt_underflow)
    __mathlib_rredf2                         0x08004a35   Thumb Code   316  rredf.o(i.__mathlib_rredf2)
    __scatterload_copy                       0x08004b89   Thumb Code    14  handlers.o(i.__scatterload_copy)
    __scatterload_null                       0x08004b97   Thumb Code     2  handlers.o(i.__scatterload_null)
    __scatterload_zeroinit                   0x08004b99   Thumb Code    14  handlers.o(i.__scatterload_zeroinit)
    __set_errno                              0x08004ba9   Thumb Code     6  errno.o(i.__set_errno)
    main                                     0x08004bb5   Thumb Code    58  main.o(i.main)
    vofa_firewater_tail                      0x08004c78   Data           1  vofa.o(.constdata)
    vofa_justfloat_tail                      0x08004c79   Data           4  vofa.o(.constdata)
    AHBPrescTable                            0x08004c85   Data          16  system_stm32f4xx.o(.constdata)
    APBPrescTable                            0x08004c95   Data           8  system_stm32f4xx.o(.constdata)
    Region$$Table$$Base                      0x08004cc0   Number         0  anon$$obj.o(Region$$Table)
    Region$$Table$$Limit                     0x08004ce0   Number         0  anon$$obj.o(Region$$Table)
    AppState                                 0x20000000   Data           1  app.o(.data)
    Buzzer                                   0x20000020   Data           8  buzzer.o(.data)
    Led                                      0x20000028   Data           8  led.o(.data)
    DJI_Motor                                0x20000030   Data          30  dji_motor.o(.data)
    Super_Cap                                0x2000004e   Data          24  super_cap.o(.data)
    Can_Communicate                          0x20000066   Data          33  communicate.o(.data)
    Bsp_Can1_Fifo0_Rx_Data                   0x20000087   Data           8  bsp_can.o(.data)
    Bsp_Can2_Fifo0_Rx_Data                   0x2000008f   Data           8  bsp_can.o(.data)
    uwTickFreq                               0x2000009c   Data           1  stm32f4xx_hal.o(.data)
    uwTickPrio                               0x200000a0   Data           4  stm32f4xx_hal.o(.data)
    uwTick                                   0x200000a4   Data           4  stm32f4xx_hal.o(.data)
    SystemCoreClock                          0x200000a8   Data           4  system_stm32f4xx.o(.data)
    Chassis                                  0x200000b0   Data         517  chassis.o(.bss)
    Vofa                                     0x200002b5   Data         525  vofa.o(.bss)
    At9s                                     0x200004c2   Data         162  at9s.o(.bss)
    Dji_Chassis_Group_Data                   0x20000564   Data          48  dji_motor.o(.bss)
    Dji_Chassis_Yaw_Group_Data               0x20000594   Data          12  dji_motor.o(.bss)
    Hi12                                     0x200005a0   Data         348  hi12.o(.bss)
    hcan1                                    0x200006fc   Data          40  can.o(.bss)
    hcan2                                    0x20000724   Data          40  can.o(.bss)
    htim1                                    0x2000074c   Data          72  tim.o(.bss)
    htim4                                    0x20000794   Data          72  tim.o(.bss)
    huart1                                   0x200007dc   Data          72  usart.o(.bss)
    huart3                                   0x20000824   Data          72  usart.o(.bss)
    huart6                                   0x2000086c   Data          72  usart.o(.bss)
    hdma_usart1_rx                           0x200008b4   Data          96  usart.o(.bss)
    hdma_usart1_tx                           0x20000914   Data          96  usart.o(.bss)
    hdma_usart3_rx                           0x20000974   Data          96  usart.o(.bss)
    hdma_usart6_rx                           0x200009d4   Data          96  usart.o(.bss)
    hdma_usart6_tx                           0x20000a34   Data          96  usart.o(.bss)
    __initial_sp                             0x20000e98   Data           0  startup_stm32f407xx.o(STACK)



==============================================================================

Memory Map of the image

  Image Entry point : 0x08000189

  Load Region LR_IROM1 (Base: 0x08000000, Size: 0x00004d90, Max: 0x00100000, ABSOLUTE)

    Execution Region ER_IROM1 (Exec base: 0x08000000, Load base: 0x08000000, Size: 0x00004ce0, Max: 0x00100000, ABSOLUTE)

    Exec Addr    Load Addr    Size         Type   Attr      Idx    E Section Name        Object

    0x08000000   0x08000000   0x00000188   Data   RO         1376    RESET               startup_stm32f407xx.o
    0x08000188   0x08000188   0x00000000   Code   RO         4630  * .ARM.Collect$$$$00000000  mc_w.l(entry.o)
    0x08000188   0x08000188   0x00000004   Code   RO         4951    .ARM.Collect$$$$00000001  mc_w.l(entry2.o)
    0x0800018c   0x0800018c   0x00000004   Code   RO         4954    .ARM.Collect$$$$00000004  mc_w.l(entry5.o)
    0x08000190   0x08000190   0x00000000   Code   RO         4956    .ARM.Collect$$$$00000008  mc_w.l(entry7b.o)
    0x08000190   0x08000190   0x00000000   Code   RO         4958    .ARM.Collect$$$$0000000A  mc_w.l(entry8b.o)
    0x08000190   0x08000190   0x00000008   Code   RO         4959    .ARM.Collect$$$$0000000B  mc_w.l(entry9a.o)
    0x08000198   0x08000198   0x00000004   Code   RO         4966    .ARM.Collect$$$$0000000E  mc_w.l(entry12b.o)
    0x0800019c   0x0800019c   0x00000000   Code   RO         4961    .ARM.Collect$$$$0000000F  mc_w.l(entry10a.o)
    0x0800019c   0x0800019c   0x00000000   Code   RO         4963    .ARM.Collect$$$$00000011  mc_w.l(entry11a.o)
    0x0800019c   0x0800019c   0x00000004   Code   RO         4952    .ARM.Collect$$$$00002712  mc_w.l(entry2.o)
    0x080001a0   0x080001a0   0x00000024   Code   RO         1377    .text               startup_stm32f407xx.o
    0x080001c4   0x080001c4   0x00000062   Code   RO         4633    .text               mc_w.l(uldiv.o)
    0x08000226   0x08000226   0x00000024   Code   RO         4637    .text               mc_w.l(memseta.o)
    0x0800024a   0x0800024a   0x0000001e   Code   RO         4970    .text               mc_w.l(llshl.o)
    0x08000268   0x08000268   0x00000020   Code   RO         4972    .text               mc_w.l(llushr.o)
    0x08000288   0x08000288   0x00000000   Code   RO         4983    .text               mc_w.l(iusefp.o)
    0x08000288   0x08000288   0x00000052   Code   RO         4984    .text               mf_w.l(frem.o)
    0x080002da   0x080002da   0x00000036   Code   RO         4996    .text               mf_w.l(fcmp4.o)
    0x08000310   0x08000310   0x00000024   Code   RO         5000    .text               mc_w.l(init.o)
    0x08000334   0x08000334   0x0000006e   Code   RO         5004    .text               mf_w.l(fepilogue.o)
    0x080003a2   0x080003a2   0x00000012   Code   RO          621    i.Angle_Rate_Limiter_Init  limiter.o
    0x080003b4   0x080003b4   0x0000002e   Code   RO            4    i.App_Init          app.o
    0x080003e2   0x080003e2   0x00000002   PAD
    0x080003e4   0x080003e4   0x00000070   Code   RO            5    i.App_Task          app.o
    0x08000454   0x08000454   0x0000009e   Code   RO          623    i.Apply_Speed_Ramp  limiter.o
    0x080004f2   0x080004f2   0x00000002   PAD
    0x080004f4   0x080004f4   0x000000a4   Code   RO          786    i.At9s_Init         at9s.o
    0x08000598   0x08000598   0x000001c8   Code   RO          787    i.At9s_Parse_Frame  at9s.o
    0x08000760   0x08000760   0x00000014   Code   RO          788    i.At9s_Rx_Callback  at9s.o
    0x08000774   0x08000774   0x00000018   Code   RO          790    i.At9s_Timing_Callback  at9s.o
    0x0800078c   0x0800078c   0x0000002c   Code   RO         1266    i.Bsp_Can_Init      bsp_can.o
    0x080007b8   0x080007b8   0x0000003c   Code   RO         1267    i.Bsp_Can_Rx_Filter_Set  bsp_can.o
    0x080007f4   0x080007f4   0x0000000c   Code   RO         1346    i.Bsp_Tim_Init      bsp_tim.o
    0x08000800   0x08000800   0x00000002   Code   RO         1631    i.BusFault_Handler  stm32f4xx_it.o
    0x08000802   0x08000802   0x00000002   PAD
    0x08000804   0x08000804   0x0000003c   Code   RO          852    i.Buzzer_Error_Task  buzzer.o
    0x08000840   0x08000840   0x00000018   Code   RO          853    i.Buzzer_Init       buzzer.o
    0x08000858   0x08000858   0x00000024   Code   RO          854    i.Buzzer_Normal_Task  buzzer.o
    0x0800087c   0x0800087c   0x00000014   Code   RO          855    i.Buzzer_Timing_Callback  buzzer.o
    0x08000890   0x08000890   0x0000000c   Code   RO         1632    i.CAN1_RX0_IRQHandler  stm32f4xx_it.o
    0x0800089c   0x0800089c   0x0000000c   Code   RO         1633    i.CAN1_RX1_IRQHandler  stm32f4xx_it.o
    0x080008a8   0x080008a8   0x0000000c   Code   RO         1634    i.CAN2_RX0_IRQHandler  stm32f4xx_it.o
    0x080008b4   0x080008b4   0x0000000c   Code   RO         1635    i.CAN2_RX1_IRQHandler  stm32f4xx_it.o
    0x080008c0   0x080008c0   0x000001a4   Code   RO          243    i.Chassis_Init      chassis.o
    0x08000a64   0x08000a64   0x00000270   Code   RO          244    i.Chassis_Omni_Calc  chassis.o
    0x08000cd4   0x08000cd4   0x0000003c   Code   RO          245    i.Chassis_Omni_Get_Data  chassis.o
    0x08000d10   0x08000d10   0x00000034   Code   RO          246    i.Chassis_Task      chassis.o
    0x08000d44   0x08000d44   0x00000018   Code   RO          247    i.Chassis_Timing_Callback  chassis.o
    0x08000d5c   0x08000d5c   0x00000130   Code   RO          248    i.Chassis_Yaw_Calc  chassis.o
    0x08000e8c   0x08000e8c   0x00000064   Code   RO          249    i.Chassis_Yaw_Get_Data  chassis.o
    0x08000ef0   0x08000ef0   0x00000080   Code   RO         1202    i.Communicate_Data_Process  communicate.o
    0x08000f70   0x08000f70   0x00000024   Code   RO         1203    i.Communicate_Get_Data  communicate.o
    0x08000f94   0x08000f94   0x00000014   Code   RO         1204    i.Communicate_Init  communicate.o
    0x08000fa8   0x08000fa8   0x00000070   Code   RO         1205    i.Communicate_Rx_Filter_Set  communicate.o
    0x08001018   0x08001018   0x00000078   Code   RO         1206    i.Communicate_Task  communicate.o
    0x08001090   0x08001090   0x00000018   Code   RO         1207    i.Communicate_Timing_Callback  communicate.o
    0x080010a8   0x080010a8   0x00000030   Code   RO         1136    i.Crc16_Update      hi12.o
    0x080010d8   0x080010d8   0x00000022   Code   RO          687    i.Curve_Config_Init  curve_mapping.o
    0x080010fa   0x080010fa   0x00000002   PAD
    0x080010fc   0x080010fc   0x0000000c   Code   RO         1636    i.DMA1_Stream1_IRQHandler  stm32f4xx_it.o
    0x08001108   0x08001108   0x0000000c   Code   RO         1637    i.DMA2_Stream1_IRQHandler  stm32f4xx_it.o
    0x08001114   0x08001114   0x0000000c   Code   RO         1638    i.DMA2_Stream2_IRQHandler  stm32f4xx_it.o
    0x08001120   0x08001120   0x0000000c   Code   RO         1639    i.DMA2_Stream6_IRQHandler  stm32f4xx_it.o
    0x0800112c   0x0800112c   0x0000000c   Code   RO         1640    i.DMA2_Stream7_IRQHandler  stm32f4xx_it.o
    0x08001138   0x08001138   0x00000028   Code   RO         2502    i.DMA_CalcBaseAndBitshift  stm32f4xx_hal_dma.o
    0x08001160   0x08001160   0x00000054   Code   RO         2503    i.DMA_CheckFifoParam  stm32f4xx_hal_dma.o
    0x080011b4   0x080011b4   0x00000028   Code   RO         2504    i.DMA_SetConfig     stm32f4xx_hal_dma.o
    0x080011dc   0x080011dc   0x00000002   Code   RO         1641    i.DebugMon_Handler  stm32f4xx_it.o
    0x080011de   0x080011de   0x00000002   PAD
    0x080011e0   0x080011e0   0x00000074   Code   RO         1044    i.Dji_Motor_Chassis_Rx_Filter_Set  dji_motor.o
    0x08001254   0x08001254   0x00000078   Code   RO         1045    i.Dji_Motor_Data_Process  dji_motor.o
    0x080012cc   0x080012cc   0x00000044   Code   RO         1046    i.Dji_Motor_Get_Data  dji_motor.o
    0x08001310   0x08001310   0x00000004   Code   RO         1047    i.Dji_Motor_Init    dji_motor.o
    0x08001314   0x08001314   0x00000064   Code   RO         1048    i.Dji_Motor_Set_Current  dji_motor.o
    0x08001378   0x08001378   0x00000004   Code   RO         1384    i.Error_Handler     main.o
    0x0800137c   0x0800137c   0x00000024   Code   RO         1810    i.HAL_CAN_ActivateNotification  stm32f4xx_hal_can.o
    0x080013a0   0x080013a0   0x000000d0   Code   RO         1811    i.HAL_CAN_AddTxMessage  stm32f4xx_hal_can.o
    0x08001470   0x08001470   0x0000010c   Code   RO         1812    i.HAL_CAN_ConfigFilter  stm32f4xx_hal_can.o
    0x0800157c   0x0800157c   0x00000002   Code   RO         1815    i.HAL_CAN_ErrorCallback  stm32f4xx_hal_can.o
    0x0800157e   0x0800157e   0x000000f4   Code   RO         1818    i.HAL_CAN_GetRxMessage  stm32f4xx_hal_can.o
    0x08001672   0x08001672   0x000001fc   Code   RO         1822    i.HAL_CAN_IRQHandler  stm32f4xx_hal_can.o
    0x0800186e   0x0800186e   0x0000011a   Code   RO         1823    i.HAL_CAN_Init      stm32f4xx_hal_can.o
    0x08001988   0x08001988   0x0000011c   Code   RO         1451    i.HAL_CAN_MspInit   can.o
    0x08001aa4   0x08001aa4   0x00000002   Code   RO         1830    i.HAL_CAN_RxFifo0FullCallback  stm32f4xx_hal_can.o
    0x08001aa6   0x08001aa6   0x00000002   PAD
    0x08001aa8   0x08001aa8   0x00000074   Code   RO          344    i.HAL_CAN_RxFifo0MsgPendingCallback  can_callback.o
    0x08001b1c   0x08001b1c   0x00000002   Code   RO         1832    i.HAL_CAN_RxFifo1FullCallback  stm32f4xx_hal_can.o
    0x08001b1e   0x08001b1e   0x00000002   Code   RO         1833    i.HAL_CAN_RxFifo1MsgPendingCallback  stm32f4xx_hal_can.o
    0x08001b20   0x08001b20   0x00000002   Code   RO         1834    i.HAL_CAN_SleepCallback  stm32f4xx_hal_can.o
    0x08001b22   0x08001b22   0x00000002   PAD
    0x08001b24   0x08001b24   0x00000058   Code   RO         1835    i.HAL_CAN_Start     stm32f4xx_hal_can.o
    0x08001b7c   0x08001b7c   0x00000002   Code   RO         1837    i.HAL_CAN_TxMailbox0AbortCallback  stm32f4xx_hal_can.o
    0x08001b7e   0x08001b7e   0x00000002   Code   RO         1838    i.HAL_CAN_TxMailbox0CompleteCallback  stm32f4xx_hal_can.o
    0x08001b80   0x08001b80   0x00000002   Code   RO         1839    i.HAL_CAN_TxMailbox1AbortCallback  stm32f4xx_hal_can.o
    0x08001b82   0x08001b82   0x00000002   Code   RO         1840    i.HAL_CAN_TxMailbox1CompleteCallback  stm32f4xx_hal_can.o
    0x08001b84   0x08001b84   0x00000002   Code   RO         1841    i.HAL_CAN_TxMailbox2AbortCallback  stm32f4xx_hal_can.o
    0x08001b86   0x08001b86   0x00000002   Code   RO         1842    i.HAL_CAN_TxMailbox2CompleteCallback  stm32f4xx_hal_can.o
    0x08001b88   0x08001b88   0x00000002   Code   RO         1844    i.HAL_CAN_WakeUpFromRxMsgCallback  stm32f4xx_hal_can.o
    0x08001b8a   0x08001b8a   0x00000092   Code   RO         2505    i.HAL_DMA_Abort     stm32f4xx_hal_dma.o
    0x08001c1c   0x08001c1c   0x00000024   Code   RO         2506    i.HAL_DMA_Abort_IT  stm32f4xx_hal_dma.o
    0x08001c40   0x08001c40   0x000001a0   Code   RO         2510    i.HAL_DMA_IRQHandler  stm32f4xx_hal_dma.o
    0x08001de0   0x08001de0   0x000000d4   Code   RO         2511    i.HAL_DMA_Init      stm32f4xx_hal_dma.o
    0x08001eb4   0x08001eb4   0x0000006e   Code   RO         2515    i.HAL_DMA_Start_IT  stm32f4xx_hal_dma.o
    0x08001f22   0x08001f22   0x00000002   PAD
    0x08001f24   0x08001f24   0x00000024   Code   RO         2942    i.HAL_Delay         stm32f4xx_hal.o
    0x08001f48   0x08001f48   0x000001f0   Code   RO         2398    i.HAL_GPIO_Init     stm32f4xx_hal_gpio.o
    0x08002138   0x08002138   0x00000010   Code   RO         2401    i.HAL_GPIO_TogglePin  stm32f4xx_hal_gpio.o
    0x08002148   0x08002148   0x0000000a   Code   RO         2402    i.HAL_GPIO_WritePin  stm32f4xx_hal_gpio.o
    0x08002152   0x08002152   0x00000002   PAD
    0x08002154   0x08002154   0x0000000c   Code   RO         2948    i.HAL_GetTick       stm32f4xx_hal.o
    0x08002160   0x08002160   0x00000010   Code   RO         2954    i.HAL_IncTick       stm32f4xx_hal.o
    0x08002170   0x08002170   0x00000034   Code   RO         2955    i.HAL_Init          stm32f4xx_hal.o
    0x080021a4   0x080021a4   0x00000040   Code   RO         2956    i.HAL_InitTick      stm32f4xx_hal.o
    0x080021e4   0x080021e4   0x00000030   Code   RO         1785    i.HAL_MspInit       stm32f4xx_hal_msp.o
    0x08002214   0x08002214   0x0000001a   Code   RO         2790    i.HAL_NVIC_EnableIRQ  stm32f4xx_hal_cortex.o
    0x0800222e   0x0800222e   0x00000002   PAD
    0x08002230   0x08002230   0x00000040   Code   RO         2796    i.HAL_NVIC_SetPriority  stm32f4xx_hal_cortex.o
    0x08002270   0x08002270   0x00000024   Code   RO         2797    i.HAL_NVIC_SetPriorityGrouping  stm32f4xx_hal_cortex.o
    0x08002294   0x08002294   0x00000134   Code   RO         2044    i.HAL_RCC_ClockConfig  stm32f4xx_hal_rcc.o
    0x080023c8   0x080023c8   0x00000020   Code   RO         2051    i.HAL_RCC_GetPCLK1Freq  stm32f4xx_hal_rcc.o
    0x080023e8   0x080023e8   0x00000020   Code   RO         2052    i.HAL_RCC_GetPCLK2Freq  stm32f4xx_hal_rcc.o
    0x08002408   0x08002408   0x00000064   Code   RO         2053    i.HAL_RCC_GetSysClockFreq  stm32f4xx_hal_rcc.o
    0x0800246c   0x0800246c   0x0000036c   Code   RO         2056    i.HAL_RCC_OscConfig  stm32f4xx_hal_rcc.o
    0x080027d8   0x080027d8   0x00000028   Code   RO         2801    i.HAL_SYSTICK_Config  stm32f4xx_hal_cortex.o
    0x08002800   0x08002800   0x00000002   Code   RO         3899    i.HAL_TIMEx_BreakCallback  stm32f4xx_hal_tim_ex.o
    0x08002802   0x08002802   0x00000002   Code   RO         3900    i.HAL_TIMEx_CommutCallback  stm32f4xx_hal_tim_ex.o
    0x08002804   0x08002804   0x00000090   Code   RO         3918    i.HAL_TIMEx_MasterConfigSynchronization  stm32f4xx_hal_tim_ex.o
    0x08002894   0x08002894   0x0000005a   Code   RO         3195    i.HAL_TIM_Base_Init  stm32f4xx_hal_tim.o
    0x080028ee   0x080028ee   0x00000002   PAD
    0x080028f0   0x080028f0   0x00000058   Code   RO         1524    i.HAL_TIM_Base_MspInit  tim.o
    0x08002948   0x08002948   0x00000080   Code   RO         3200    i.HAL_TIM_Base_Start_IT  stm32f4xx_hal_tim.o
    0x080029c8   0x080029c8   0x000000dc   Code   RO         3204    i.HAL_TIM_ConfigClockSource  stm32f4xx_hal_tim.o
    0x08002aa4   0x08002aa4   0x00000002   Code   RO         3229    i.HAL_TIM_IC_CaptureCallback  stm32f4xx_hal_tim.o
    0x08002aa6   0x08002aa6   0x00000130   Code   RO         3243    i.HAL_TIM_IRQHandler  stm32f4xx_hal_tim.o
    0x08002bd6   0x08002bd6   0x00000002   PAD
    0x08002bd8   0x08002bd8   0x00000054   Code   RO         1525    i.HAL_TIM_MspPostInit  tim.o
    0x08002c2c   0x08002c2c   0x00000002   Code   RO         3246    i.HAL_TIM_OC_DelayElapsedCallback  stm32f4xx_hal_tim.o
    0x08002c2e   0x08002c2e   0x000000cc   Code   RO         3267    i.HAL_TIM_PWM_ConfigChannel  stm32f4xx_hal_tim.o
    0x08002cfa   0x08002cfa   0x0000005a   Code   RO         3270    i.HAL_TIM_PWM_Init  stm32f4xx_hal_tim.o
    0x08002d54   0x08002d54   0x00000002   Code   RO         3272    i.HAL_TIM_PWM_MspInit  stm32f4xx_hal_tim.o
    0x08002d56   0x08002d56   0x00000002   Code   RO         3273    i.HAL_TIM_PWM_PulseFinishedCallback  stm32f4xx_hal_tim.o
    0x08002d58   0x08002d58   0x000000c8   Code   RO         3275    i.HAL_TIM_PWM_Start  stm32f4xx_hal_tim.o
    0x08002e20   0x08002e20   0x00000030   Code   RO          371    i.HAL_TIM_PeriodElapsedCallback  tim_callback.o
    0x08002e50   0x08002e50   0x00000002   Code   RO         3286    i.HAL_TIM_TriggerCallback  stm32f4xx_hal_tim.o
    0x08002e52   0x08002e52   0x0000004a   Code   RO         4176    i.HAL_UARTEx_ReceiveToIdle_DMA  stm32f4xx_hal_uart.o
    0x08002e9c   0x08002e9c   0x00000020   Code   RO          317    i.HAL_UARTEx_RxEventCallback  usart_callback.o
    0x08002ebc   0x08002ebc   0x00000002   Code   RO         4192    i.HAL_UART_ErrorCallback  stm32f4xx_hal_uart.o
    0x08002ebe   0x08002ebe   0x00000002   PAD
    0x08002ec0   0x08002ec0   0x00000280   Code   RO         4195    i.HAL_UART_IRQHandler  stm32f4xx_hal_uart.o
    0x08003140   0x08003140   0x00000064   Code   RO         4196    i.HAL_UART_Init     stm32f4xx_hal_uart.o
    0x080031a4   0x080031a4   0x00000298   Code   RO         1578    i.HAL_UART_MspInit  usart.o
    0x0800343c   0x0800343c   0x00000002   Code   RO         4202    i.HAL_UART_RxCpltCallback  stm32f4xx_hal_uart.o
    0x0800343e   0x0800343e   0x00000002   Code   RO         4203    i.HAL_UART_RxHalfCpltCallback  stm32f4xx_hal_uart.o
    0x08003440   0x08003440   0x00000002   Code   RO         4207    i.HAL_UART_TxCpltCallback  stm32f4xx_hal_uart.o
    0x08003442   0x08003442   0x00000002   Code   RO         1642    i.HardFault_Handler  stm32f4xx_it.o
    0x08003444   0x08003444   0x0000004e   Code   RO         1137    i.Hi12_Check_Status  hi12.o
    0x08003492   0x08003492   0x00000002   PAD
    0x08003494   0x08003494   0x00000034   Code   RO         1138    i.Hi12_Init         hi12.o
    0x080034c8   0x080034c8   0x00000088   Code   RO         1139    i.Hi12_Parse_IMUFrame  hi12.o
    0x08003550   0x08003550   0x00000018   Code   RO         1140    i.Hi12_Rx_Callback  hi12.o
    0x08003568   0x08003568   0x0000008e   Code   RO         1141    i.Hi_Parse_Data     hi12.o
    0x080035f6   0x080035f6   0x00000002   PAD
    0x080035f8   0x080035f8   0x00000018   Code   RO         1142    i.Hi_Timing_Callback  hi12.o
    0x08003610   0x08003610   0x00000038   Code   RO          900    i.Led_Error_Task    led.o
    0x08003648   0x08003648   0x00000034   Code   RO          901    i.Led_Init          led.o
    0x0800367c   0x0800367c   0x0000003c   Code   RO          902    i.Led_Normal_Task   led.o
    0x080036b8   0x080036b8   0x00000014   Code   RO          903    i.Led_Timing_Callback  led.o
    0x080036cc   0x080036cc   0x00000012   Code   RO          516    i.Lpf_Config        filter.o
    0x080036de   0x080036de   0x00000030   Code   RO          517    i.Lpf_Update        filter.o
    0x0800370e   0x0800370e   0x00000002   PAD
    0x08003710   0x08003710   0x00000044   Code   RO         1452    i.MX_CAN1_Init      can.o
    0x08003754   0x08003754   0x00000044   Code   RO         1453    i.MX_CAN2_Init      can.o
    0x08003798   0x08003798   0x0000007c   Code   RO         1499    i.MX_DMA_Init       dma.o
    0x08003814   0x08003814   0x000000a0   Code   RO         1426    i.MX_GPIO_Init      gpio.o
    0x080038b4   0x080038b4   0x0000006c   Code   RO         1526    i.MX_TIM1_Init      tim.o
    0x08003920   0x08003920   0x0000009c   Code   RO         1527    i.MX_TIM4_Init      tim.o
    0x080039bc   0x080039bc   0x00000038   Code   RO         1579    i.MX_USART1_UART_Init  usart.o
    0x080039f4   0x080039f4   0x00000044   Code   RO         1580    i.MX_USART3_UART_Init  usart.o
    0x08003a38   0x08003a38   0x00000038   Code   RO         1581    i.MX_USART6_UART_Init  usart.o
    0x08003a70   0x08003a70   0x00000002   Code   RO         1643    i.MemManage_Handler  stm32f4xx_it.o
    0x08003a72   0x08003a72   0x00000002   Code   RO         1644    i.NMI_Handler       stm32f4xx_it.o
    0x08003a74   0x08003a74   0x00000002   Code   RO         1645    i.PendSV_Handler    stm32f4xx_it.o
    0x08003a76   0x08003a76   0x00000002   PAD
    0x08003a78   0x08003a78   0x00000134   Code   RO          402    i.Pid_Calc          pid.o
    0x08003bac   0x08003bac   0x00000020   Code   RO          403    i.Pid_Init          pid.o
    0x08003bcc   0x08003bcc   0x00000022   Code   RO          404    i.Pid_Set           pid.o
    0x08003bee   0x08003bee   0x00000002   Code   RO         1646    i.SVC_Handler       stm32f4xx_it.o
    0x08003bf0   0x08003bf0   0x0000006c   Code   RO         1100    i.Super_Cap_Get_Data  super_cap.o
    0x08003c5c   0x08003c5c   0x00000064   Code   RO         1101    i.Super_Cap_Set_Power  super_cap.o
    0x08003cc0   0x08003cc0   0x00000004   Code   RO         1647    i.SysTick_Handler   stm32f4xx_it.o
    0x08003cc4   0x08003cc4   0x00000094   Code   RO         1385    i.SystemClock_Config  main.o
    0x08003d58   0x08003d58   0x00000010   Code   RO         4530    i.SystemInit        system_stm32f4xx.o
    0x08003d68   0x08003d68   0x0000000c   Code   RO         1648    i.TIM1_UP_TIM10_IRQHandler  stm32f4xx_it.o
    0x08003d74   0x08003d74   0x000000d0   Code   RO         3288    i.TIM_Base_SetConfig  stm32f4xx_hal_tim.o
    0x08003e44   0x08003e44   0x0000001a   Code   RO         3289    i.TIM_CCxChannelCmd  stm32f4xx_hal_tim.o
    0x08003e5e   0x08003e5e   0x00000014   Code   RO         3299    i.TIM_ETR_SetConfig  stm32f4xx_hal_tim.o
    0x08003e72   0x08003e72   0x00000010   Code   RO         3300    i.TIM_ITRx_SetConfig  stm32f4xx_hal_tim.o
    0x08003e82   0x08003e82   0x00000002   PAD
    0x08003e84   0x08003e84   0x00000060   Code   RO         3301    i.TIM_OC1_SetConfig  stm32f4xx_hal_tim.o
    0x08003ee4   0x08003ee4   0x0000006c   Code   RO         3302    i.TIM_OC2_SetConfig  stm32f4xx_hal_tim.o
    0x08003f50   0x08003f50   0x00000068   Code   RO         3303    i.TIM_OC3_SetConfig  stm32f4xx_hal_tim.o
    0x08003fb8   0x08003fb8   0x00000050   Code   RO         3304    i.TIM_OC4_SetConfig  stm32f4xx_hal_tim.o
    0x08004008   0x08004008   0x00000022   Code   RO         3306    i.TIM_TI1_ConfigInputStage  stm32f4xx_hal_tim.o
    0x0800402a   0x0800402a   0x00000024   Code   RO         3308    i.TIM_TI2_ConfigInputStage  stm32f4xx_hal_tim.o
    0x0800404e   0x0800404e   0x0000000e   Code   RO         4209    i.UART_DMAAbortOnError  stm32f4xx_hal_uart.o
    0x0800405c   0x0800405c   0x0000004a   Code   RO         4210    i.UART_DMAError     stm32f4xx_hal_uart.o
    0x080040a6   0x080040a6   0x00000086   Code   RO         4211    i.UART_DMAReceiveCplt  stm32f4xx_hal_uart.o
    0x0800412c   0x0800412c   0x0000001e   Code   RO         4213    i.UART_DMARxHalfCplt  stm32f4xx_hal_uart.o
    0x0800414a   0x0800414a   0x0000004e   Code   RO         4219    i.UART_EndRxTransfer  stm32f4xx_hal_uart.o
    0x08004198   0x08004198   0x0000001c   Code   RO         4220    i.UART_EndTxTransfer  stm32f4xx_hal_uart.o
    0x080041b4   0x080041b4   0x000000c2   Code   RO         4221    i.UART_Receive_IT   stm32f4xx_hal_uart.o
    0x08004276   0x08004276   0x00000002   PAD
    0x08004278   0x08004278   0x0000010c   Code   RO         4222    i.UART_SetConfig    stm32f4xx_hal_uart.o
    0x08004384   0x08004384   0x000000a0   Code   RO         4223    i.UART_Start_Receive_DMA  stm32f4xx_hal_uart.o
    0x08004424   0x08004424   0x0000000c   Code   RO         1649    i.USART1_IRQHandler  stm32f4xx_it.o
    0x08004430   0x08004430   0x0000000c   Code   RO         1650    i.USART3_IRQHandler  stm32f4xx_it.o
    0x0800443c   0x0800443c   0x0000000c   Code   RO         1651    i.USART6_IRQHandler  stm32f4xx_it.o
    0x08004448   0x08004448   0x000000f4   Code   RO          250    i.Update_Yaw_Angle  chassis.o
    0x0800453c   0x0800453c   0x00000002   Code   RO         1652    i.UsageFault_Handler  stm32f4xx_it.o
    0x0800453e   0x0800453e   0x00000002   PAD
    0x08004540   0x08004540   0x00000078   Code   RO          442    i.Vofa_Init         vofa.o
    0x080045b8   0x080045b8   0x0000001c   Code   RO          446    i.Vofa_Task         vofa.o
    0x080045d4   0x080045d4   0x00000018   Code   RO          447    i.Vofa_Timing_Callback  vofa.o
    0x080045ec   0x080045ec   0x00000026   Code   RO         4932    i.__ARM_fpclassifyf  m_wm.l(fpclassifyf.o)
    0x08004612   0x08004612   0x00000020   Code   RO         2803    i.__NVIC_SetPriority  stm32f4xx_hal_cortex.o
    0x08004632   0x08004632   0x00000002   PAD
    0x08004634   0x08004634   0x00000150   Code   RO         4564    i.__hardfp_cosf     m_wm.l(cosf.o)
    0x08004784   0x08004784   0x00000048   Code   RO         4626    i.__hardfp_fminf    m_wm.l(fminf.o)
    0x080047cc   0x080047cc   0x000000b0   Code   RO         4576    i.__hardfp_fmodf    m_wm.l(fmodf.o)
    0x0800487c   0x0800487c   0x00000190   Code   RO         4602    i.__hardfp_sinf     m_wm.l(sinf.o)
    0x08004a0c   0x08004a0c   0x00000006   Code   RO         4935    i.__mathlib_flt_infnan  m_wm.l(funder.o)
    0x08004a12   0x08004a12   0x00000002   PAD
    0x08004a14   0x08004a14   0x00000010   Code   RO         4937    i.__mathlib_flt_invalid  m_wm.l(funder.o)
    0x08004a24   0x08004a24   0x00000010   Code   RO         4940    i.__mathlib_flt_underflow  m_wm.l(funder.o)
    0x08004a34   0x08004a34   0x00000154   Code   RO         4948    i.__mathlib_rredf2  m_wm.l(rredf.o)
    0x08004b88   0x08004b88   0x0000000e   Code   RO         5010    i.__scatterload_copy  mc_w.l(handlers.o)
    0x08004b96   0x08004b96   0x00000002   Code   RO         5011    i.__scatterload_null  mc_w.l(handlers.o)
    0x08004b98   0x08004b98   0x0000000e   Code   RO         5012    i.__scatterload_zeroinit  mc_w.l(handlers.o)
    0x08004ba6   0x08004ba6   0x00000002   PAD
    0x08004ba8   0x08004ba8   0x0000000c   Code   RO         4978    i.__set_errno       mc_w.l(errno.o)
    0x08004bb4   0x08004bb4   0x0000003a   Code   RO         1386    i.main              main.o
    0x08004bee   0x08004bee   0x00000002   PAD
    0x08004bf0   0x08004bf0   0x00000058   Code   RO          791    i.normalize         at9s.o
    0x08004c48   0x08004c48   0x00000030   Data   RO          252    .constdata          chassis.o
    0x08004c78   0x08004c78   0x00000005   Data   RO          449    .constdata          vofa.o
    0x08004c7d   0x08004c7d   0x00000008   Data   RO         2517    .constdata          stm32f4xx_hal_dma.o
    0x08004c85   0x08004c85   0x00000010   Data   RO         4531    .constdata          system_stm32f4xx.o
    0x08004c95   0x08004c95   0x00000008   Data   RO         4532    .constdata          system_stm32f4xx.o
    0x08004c9d   0x08004c9d   0x00000003   PAD
    0x08004ca0   0x08004ca0   0x00000020   Data   RO         4949    .constdata          m_wm.l(rredf.o)
    0x08004cc0   0x08004cc0   0x00000020   Data   RO         5008    Region$$Table       anon$$obj.o


    Execution Region RW_IRAM1 (Exec base: 0x20000000, Load base: 0x08004ce0, Size: 0x00000e98, Max: 0x0001c000, ABSOLUTE)

    Exec Addr    Load Addr    Size         Type   Attr      Idx    E Section Name        Object

    0x20000000   0x08004ce0   0x00000001   Data   RW            6    .data               app.o
    0x20000001   0x08004ce1   0x00000003   PAD
    0x20000004   0x08004ce4   0x00000018   Data   RW          253    .data               chassis.o
    0x2000001c   0x08004cfc   0x0000000c   Data   RW          856    .data               buzzer.o
    0x20000028   0x08004d08   0x00000008   Data   RW          904    .data               led.o
    0x20000030   0x08004d10   0x0000001e   Data   RW         1051    .data               dji_motor.o
    0x2000004e   0x08004d2e   0x00000018   Data   RW         1102    .data               super_cap.o
    0x20000066   0x08004d46   0x00000021   Data   RW         1208    .data               communicate.o
    0x20000087   0x08004d67   0x00000008   Data   RW         1268    .data               bsp_can.o
    0x2000008f   0x08004d6f   0x00000008   Data   RW         1270    .data               bsp_can.o
    0x20000097   0x08004d77   0x00000001   PAD
    0x20000098   0x08004d78   0x00000004   Data   RW         1455    .data               can.o
    0x2000009c   0x08004d7c   0x0000000c   Data   RW         2962    .data               stm32f4xx_hal.o
    0x200000a8   0x08004d88   0x00000004   Data   RW         4533    .data               system_stm32f4xx.o
    0x200000ac   0x08004d8c   0x00000004   Data   RW         4979    .data               mc_w.l(errno.o)
    0x200000b0        -       0x00000205   Zero   RW          251    .bss                chassis.o
    0x200002b5        -       0x0000020d   Zero   RW          448    .bss                vofa.o
    0x200004c2        -       0x000000a2   Zero   RW          792    .bss                at9s.o
    0x20000564        -       0x00000030   Zero   RW         1049    .bss                dji_motor.o
    0x20000594        -       0x0000000c   Zero   RW         1050    .bss                dji_motor.o
    0x200005a0        -       0x0000015c   Zero   RW         1143    .bss                hi12.o
    0x200006fc        -       0x00000050   Zero   RW         1454    .bss                can.o
    0x2000074c        -       0x00000090   Zero   RW         1528    .bss                tim.o
    0x200007dc        -       0x000002b8   Zero   RW         1582    .bss                usart.o
    0x20000a94   0x08004d90   0x00000004   PAD
    0x20000a98        -       0x00000400   Zero   RW         1374    STACK               startup_stm32f407xx.o


    Execution Region RW_IRAM2 (Exec base: 0x2001c000, Load base: 0x08004d90, Size: 0x00000000, Max: 0x00004000, ABSOLUTE)

    **** No section assigned to this execution region ****


==============================================================================

Image component sizes


      Code (inc. data)   RO Data    RW Data    ZI Data      Debug   Object Name

       158         18          0          1          0     706387   app.o
       752         54          0          0        162       4588   at9s.o
       104         10          0         16          0       2533   bsp_can.o
        12          6          0          0          0        447   bsp_tim.o
       140         30          0         12          0       2765   buzzer.o
       420         46          0          4         80       2486   can.o
       116         20          0          0          0       1124   can_callback.o
      1828        218         48         24        517       8019   chassis.o
       440         42          0         33          0       5264   communicate.o
        34          0          0          0          0       2039   curve_mapping.o
       408         28          0         30         60       5539   dji_motor.o
       124          4          0          0          0        870   dma.o
        66          0          0          0          0       2902   filter.o
       160         10          0          0          0       1011   gpio.o
       504         32          0          0        348       7228   hi12.o
       188         32          0          8          0     699914   led.o
       176          0          0          0          0       2997   limiter.o
       210          8          0          0          0       2140   main.o
       374          0          0          0          0       2892   pid.o
        36          8        392          0       1024        828   startup_stm32f407xx.o
       180         28          0         12          0       9465   stm32f4xx_hal.o
      1658          6          0          0          0      14467   stm32f4xx_hal_can.o
       198         14          0          0          0      33879   stm32f4xx_hal_cortex.o
      1084         16          8          0          0       7418   stm32f4xx_hal_dma.o
       522         46          0          0          0       2869   stm32f4xx_hal_gpio.o
        48          6          0          0          0        846   stm32f4xx_hal_msp.o
      1348         76          0          0          0       5308   stm32f4xx_hal_rcc.o
      1974        136          0          0          0      17218   stm32f4xx_hal_tim.o
       148         28          0          0          0       2517   stm32f4xx_hal_tim_ex.o
      1802         28          0          0          0      12913   stm32f4xx_hal_uart.o
       176         78          0          0          0      10659   stm32f4xx_it.o
       208         22          0         24          0       2735   super_cap.o
        16          4         24          4          0       1131   system_stm32f4xx.o
       436         44          0          0        144       3113   tim.o
        48          4          0          0          0       1092   tim_callback.o
       844         78          0          0        696       3751   usart.o
        32          8          0          0          0        965   usart_callback.o
       172         30          5          0        525       3046   vofa.o

    ----------------------------------------------------------------------
     17188       1218        512        172       3560    1595365   Object Totals
         0          0         32          0          0          0   (incl. Generated)
        44          0          3          4          4          0   (incl. Padding)

    ----------------------------------------------------------------------

      Code (inc. data)   RO Data    RW Data    ZI Data      Debug   Library Member Name

       336         56          0          0          0        136   cosf.o
        72          0          0          0          0        148   fminf.o
       176          0          0          0          0        168   fmodf.o
        38          0          0          0          0        116   fpclassifyf.o
        38         12          0          0          0        348   funder.o
       340         24         32          0          0        160   rredf.o
       400         56          0          0          0        212   sinf.o
         0          0          0          0          0          0   entry.o
         0          0          0          0          0          0   entry10a.o
         0          0          0          0          0          0   entry11a.o
         4          0          0          0          0          0   entry12b.o
         8          4          0          0          0          0   entry2.o
         4          0          0          0          0          0   entry5.o
         0          0          0          0          0          0   entry7b.o
         0          0          0          0          0          0   entry8b.o
         8          4          0          0          0          0   entry9a.o
        12          6          0          4          0         68   errno.o
        30          0          0          0          0          0   handlers.o
        36          8          0          0          0         68   init.o
         0          0          0          0          0          0   iusefp.o
        30          0          0          0          0         68   llshl.o
        32          0          0          0          0         68   llushr.o
        36          0          0          0          0        108   memseta.o
        98          0          0          0          0         92   uldiv.o
        54          0          0          0          0         68   fcmp4.o
       110          0          0          0          0        168   fepilogue.o
        82          0          0          0          0         96   frem.o

    ----------------------------------------------------------------------
      1948        170         32          4          0       2092   Library Totals
         4          0          0          0          0          0   (incl. Padding)

    ----------------------------------------------------------------------

      Code (inc. data)   RO Data    RW Data    ZI Data      Debug   Library Name

      1400        148         32          0          0       1288   m_wm.l
       298         22          0          4          0        472   mc_w.l
       246          0          0          0          0        332   mf_w.l

    ----------------------------------------------------------------------
      1948        170         32          4          0       2092   Library Totals

    ----------------------------------------------------------------------

==============================================================================


      Code (inc. data)   RO Data    RW Data    ZI Data      Debug   

     19136       1388        544        176       3560    1579501   Grand Totals
     19136       1388        544        176       3560    1579501   ELF Image Totals
     19136       1388        544        176          0          0   ROM Totals

==============================================================================

    Total RO  Size (Code + RO Data)                19680 (  19.22kB)
    Total RW  Size (RW Data + ZI Data)              3736 (   3.65kB)
    Total ROM Size (Code + RO Data + RW Data)      19856 (  19.39kB)

==============================================================================

