Component: ARM Compiler 5.06 update 7 (build 960) Tool: armlink [4d3601]

==============================================================================

Section Cross References

    app.o(i.App_Init) refers to bsp_can.o(i.Bsp_Can_Init) for Bsp_Can_Init
    app.o(i.App_Init) refers to bsp_tim.o(i.Bsp_Tim_Init) for Bsp_Tim_Init
    app.o(i.App_Init) refers to bsp_usart.o(i.Bsp_Usart_Init) for Bsp_Usart_Init
    app.o(i.App_Init) refers to dji_motor.o(i.Dji_Motor_Init) for Dji_Motor_Init
    app.o(i.App_Init) refers to dr16.o(i.DJI_DR16_Init) for DJI_DR16_Init
    app.o(i.App_Init) refers to hi14.o(i.Hi14_Init) for Hi14_Init
    app.o(i.App_Init) refers to led.o(i.Led_Init) for Led_Init
    app.o(i.App_Init) refers to buzzer.o(i.Buzzer_Init) for Buzzer_Init
    app.o(i.App_Init) refers to communicate.o(i.Communicate_Init) for Communicate_Init
    app.o(i.App_Init) refers to mg_motor.o(i.Mg_Motor_Init) for Mg_Motor_Init
    app.o(i.App_Init) refers to gimbal.o(i.Gimbal_Init) for Gimbal_Init
    app.o(i.App_Init) refers to shoot.o(i.Shoot_Init) for Shoot_Init
    app.o(i.App_Init) refers to public_cmd.o(i.Public_Cmd_Init) for Public_Cmd_Init
    app.o(i.App_Init) refers to robot.o(i.Robot_Init) for Robot_Init
    app.o(i.App_Init) refers to dr16.o(.bss) for Dr16
    app.o(i.App_Init) refers to mg_motor.o(.bss) for mg_motor
    app.o(i.App_Task) refers to app.o(i.App_Init) for App_Init
    app.o(i.App_Task) refers to dr16.o(i.DR16_Get_Count) for DR16_Get_Count
    app.o(i.App_Task) refers to robot.o(i.Robot_Task) for Robot_Task
    app.o(i.App_Task) refers to gimbal.o(i.Gimbal_Task) for Gimbal_Task
    app.o(i.App_Task) refers to shoot.o(i.Shoot_Task) for Shoot_Task
    app.o(i.App_Task) refers to led.o(i.Led_Normal_Task) for Led_Normal_Task
    app.o(i.App_Task) refers to buzzer.o(i.Buzzer_Normal_Task) for Buzzer_Normal_Task
    app.o(i.App_Task) refers to led.o(i.Led_Error_Task) for Led_Error_Task
    app.o(i.App_Task) refers to buzzer.o(i.Buzzer_Error_Task) for Buzzer_Error_Task
    app.o(i.App_Task) refers to public_cmd.o(i.Public_Cmd_Task) for Public_Cmd_Task
    app.o(i.App_Task) refers to app.o(.data) for .data
    app.o(i.App_Task) refers to dr16.o(.bss) for Dr16
    robot.o(i.Robot_Control) refers to dr16.o(.bss) for Dr16
    robot.o(i.Robot_Control) refers to shoot.o(.bss) for Shoot
    robot.o(i.Robot_Control) refers to robot.o(.bss) for .bss
    robot.o(i.Robot_Init) refers to robot.o(.bss) for .bss
    robot.o(i.Robot_Task) refers to robot.o(i.Robot_Control) for Robot_Control
    robot.o(i.Robot_Task) refers to robot.o(.bss) for .bss
    robot.o(i.Robot_Timing_Callback) refers to robot.o(.bss) for .bss
    gimbal.o(i.Gimbal_Init) refers to pid.o(i.Pid_Init) for Pid_Init
    gimbal.o(i.Gimbal_Init) refers to pid.o(i.Pid_Set) for Pid_Set
    gimbal.o(i.Gimbal_Init) refers to curve_mapping.o(i.Curve_Config_Init) for Curve_Config_Init
    gimbal.o(i.Gimbal_Init) refers to limiter.o(i.Angle_Rate_Limiter_Init) for Angle_Rate_Limiter_Init
    gimbal.o(i.Gimbal_Init) refers to limiter.o(i.Angle_Limit_Init) for Angle_Limit_Init
    gimbal.o(i.Gimbal_Init) refers to gimbal.o(.bss) for .bss
    gimbal.o(i.Gimbal_Pitch_Calc) refers to mg_motor.o(i.MG_Motor_PositionControl) for MG_Motor_PositionControl
    gimbal.o(i.Gimbal_Pitch_Calc) refers to dr16.o(.bss) for Dr16
    gimbal.o(i.Gimbal_Pitch_Calc) refers to mg_motor.o(.bss) for mg_motor
    gimbal.o(i.Gimbal_Task) refers to gimbal.o(i.Gimbal_Yaw_Get_Data) for Gimbal_Yaw_Get_Data
    gimbal.o(i.Gimbal_Task) refers to gimbal.o(i.Gimbal_Pitch_Calc) for Gimbal_Pitch_Calc
    gimbal.o(i.Gimbal_Task) refers to gimbal.o(i.Gimbal_Yaw_Calc) for Gimbal_Yaw_Calc
    gimbal.o(i.Gimbal_Task) refers to gimbal.o(.bss) for .bss
    gimbal.o(i.Gimbal_Timing_Callback) refers to gimbal.o(.bss) for .bss
    gimbal.o(i.Gimbal_Yaw_Angle_Update) refers to pid.o(i.Pid_Calc) for Pid_Calc
    gimbal.o(i.Gimbal_Yaw_Calc) refers to curve_mapping.o(i.Curve_MapWithDeadzone) for Curve_MapWithDeadzone
    gimbal.o(i.Gimbal_Yaw_Calc) refers to limiter.o(i.Angle_Limit_Apply) for Angle_Limit_Apply
    gimbal.o(i.Gimbal_Yaw_Calc) refers to gimbal.o(i.Gimbal_Yaw_Angle_Update) for Gimbal_Yaw_Angle_Update
    gimbal.o(i.Gimbal_Yaw_Calc) refers to gimbal.o(i.Gimbal_Yaw_Speed_Update) for Gimbal_Yaw_Speed_Update
    gimbal.o(i.Gimbal_Yaw_Calc) refers to dji_motor.o(i.Dji_Motor_Set_Current) for Dji_Motor_Set_Current
    gimbal.o(i.Gimbal_Yaw_Calc) refers to dr16.o(.bss) for Dr16
    gimbal.o(i.Gimbal_Yaw_Calc) refers to gimbal.o(.bss) for .bss
    gimbal.o(i.Gimbal_Yaw_Get_Data) refers to f2d.o(.text) for __aeabi_f2d
    gimbal.o(i.Gimbal_Yaw_Get_Data) refers to dadd.o(.text) for __aeabi_dsub
    gimbal.o(i.Gimbal_Yaw_Get_Data) refers to dmul.o(.text) for __aeabi_dmul
    gimbal.o(i.Gimbal_Yaw_Get_Data) refers to ddiv.o(.text) for __aeabi_ddiv
    gimbal.o(i.Gimbal_Yaw_Get_Data) refers to d2f.o(.text) for __aeabi_d2f
    gimbal.o(i.Gimbal_Yaw_Get_Data) refers to dji_motor.o(.data) for DJI_Motor
[...]
    i.UART_DMAReceiveCplt                    0x08004ee2   Section        0  stm32f4xx_hal_uart.o(i.UART_DMAReceiveCplt)
    UART_DMAReceiveCplt                      0x08004ee3   Thumb Code   134  stm32f4xx_hal_uart.o(i.UART_DMAReceiveCplt)
    i.UART_DMARxHalfCplt                     0x08004f68   Section        0  stm32f4xx_hal_uart.o(i.UART_DMARxHalfCplt)
    UART_DMARxHalfCplt                       0x08004f69   Thumb Code    30  stm32f4xx_hal_uart.o(i.UART_DMARxHalfCplt)
    i.UART_EndRxTransfer                     0x08004f86   Section        0  stm32f4xx_hal_uart.o(i.UART_EndRxTransfer)
    UART_EndRxTransfer                       0x08004f87   Thumb Code    78  stm32f4xx_hal_uart.o(i.UART_EndRxTransfer)
    i.UART_EndTxTransfer                     0x08004fd4   Section        0  stm32f4xx_hal_uart.o(i.UART_EndTxTransfer)
    UART_EndTxTransfer                       0x08004fd5   Thumb Code    28  stm32f4xx_hal_uart.o(i.UART_EndTxTransfer)
    i.UART_Receive_IT                        0x08004ff0   Section        0  stm32f4xx_hal_uart.o(i.UART_Receive_IT)
    UART_Receive_IT                          0x08004ff1   Thumb Code   194  stm32f4xx_hal_uart.o(i.UART_Receive_IT)
    i.UART_SetConfig                         0x080050b4   Section        0  stm32f4xx_hal_uart.o(i.UART_SetConfig)
    UART_SetConfig                           0x080050b5   Thumb Code   258  stm32f4xx_hal_uart.o(i.UART_SetConfig)
    i.UART_Start_Receive_DMA                 0x080051c0   Section        0  stm32f4xx_hal_uart.o(i.UART_Start_Receive_DMA)
    i.USART1_IRQHandler                      0x08005260   Section        0  stm32f4xx_it.o(i.USART1_IRQHandler)
    i.USART3_IRQHandler                      0x0800526c   Section        0  stm32f4xx_it.o(i.USART3_IRQHandler)
    i.USART6_IRQHandler                      0x08005278   Section        0  stm32f4xx_it.o(i.USART6_IRQHandler)
    i.UsageFault_Handler                     0x08005284   Section        0  stm32f4xx_it.o(i.UsageFault_Handler)
    i.Vision_Timing_Callback                 0x08005288   Section        0  vision.o(i.Vision_Timing_Callback)
    i.Vofa_JustFloat_Receive                 0x080052a0   Section        0  vofa.o(i.Vofa_JustFloat_Receive)
    i.Vofa_Rx_Callback                       0x08005348   Section        0  vofa.o(i.Vofa_Rx_Callback)
    i.Vofa_Timing_Callback                   0x0800534c   Section        0  vofa.o(i.Vofa_Timing_Callback)
    i.__ARM_fpclassifyf                      0x08005364   Section        0  fpclassifyf.o(i.__ARM_fpclassifyf)
    i.__NVIC_SetPriority                     0x0800538a   Section        0  stm32f4xx_hal_cortex.o(i.__NVIC_SetPriority)
    __NVIC_SetPriority                       0x0800538b   Thumb Code    32  stm32f4xx_hal_cortex.o(i.__NVIC_SetPriority)
    i.__hardfp_powf                          0x080053ac   Section        0  powf.o(i.__hardfp_powf)
    i.__hardfp_sqrtf                         0x08005a10   Section        0  sqrtf.o(i.__hardfp_sqrtf)
    i.__mathlib_flt_divzero                  0x08005a4c   Section        0  funder.o(i.__mathlib_flt_divzero)
    i.__mathlib_flt_infnan2                  0x08005a60   Section        0  funder.o(i.__mathlib_flt_infnan2)
    i.__mathlib_flt_invalid                  0x08005a68   Section        0  funder.o(i.__mathlib_flt_invalid)
    i.__mathlib_flt_overflow                 0x08005a78   Section        0  funder.o(i.__mathlib_flt_overflow)
    i.__mathlib_flt_underflow                0x08005a88   Section        0  funder.o(i.__mathlib_flt_underflow)
    i.__scatterload_copy                     0x08005a98   Section       14  handlers.o(i.__scatterload_copy)
    i.__scatterload_null                     0x08005aa6   Section        2  handlers.o(i.__scatterload_null)
    i.__scatterload_zeroinit                 0x08005aa8   Section       14  handlers.o(i.__scatterload_zeroinit)
    i.__set_errno                            0x08005ab8   Section        0  errno.o(i.__set_errno)
    i._is_digit                              0x08005ac4   Section        0  scanf_fp.o(i._is_digit)
    i.main                                   0x08005ad2   Section        0  main.o(i.main)
    .constdata                               0x08005b04   Section       32  mg_motor.o(.constdata)
    .constdata                               0x08005b24   Section        8  stm32f4xx_hal_dma.o(.constdata)
    flagBitshiftOffset                       0x08005b24   Data           8  stm32f4xx_hal_dma.o(.constdata)
    .constdata                               0x08005b2c   Section       16  system_stm32f4xx.o(.constdata)
    .constdata                               0x08005b3c   Section        8  system_stm32f4xx.o(.constdata)
    .constdata                               0x08005b44   Section      320  powf.o(.constdata)
    table                                    0x08005b44   Data         128  powf.o(.constdata)
    powersof2to1over16top                    0x08005bc4   Data          64  powf.o(.constdata)
    powersof2to1over16bot                    0x08005c04   Data          64  powf.o(.constdata)
    powersof2to1over16all                    0x08005c44   Data          64  powf.o(.constdata)
    .constdata                               0x08005c84   Section       64  ctype_c.o(.constdata)
    .data                                    0x20000000   Section        1  app.o(.data)
    .data                                    0x20000001   Section       31  public_cmd.o(.data)
    .data                                    0x20000020   Section        7  vision.o(.data)
    .data                                    0x20000027   Section       30  dji_motor.o(.data)
    .data                                    0x20000048   Section        8  led.o(.data)
    .data                                    0x20000050   Section       12  buzzer.o(.data)
    i                                        0x20000050   Data           1  buzzer.o(.data)
    .data                                    0x2000005c   Section        8  bsp_can.o(.data)
    .data                                    0x20000064   Section        8  bsp_can.o(.data)
    .data                                    0x2000006c   Section        4  can.o(.data)
    HAL_RCC_CAN1_CLK_ENABLED                 0x2000006c   Data           4  can.o(.data)
    .data                                    0x20000070   Section       12  stm32f4xx_hal.o(.data)
    .data                                    0x2000007c   Section        4  system_stm32f4xx.o(.data)
    .data                                    0x20000080   Section        4  errno.o(.data)
    _errno                                   0x20000080   Data           4  errno.o(.data)
    .bss                                     0x20000084   Section        9  robot.o(.bss)
    .bss                                     0x2000008d   Section      185  gimbal.o(.bss)
    .bss                                     0x20000146   Section      189  shoot.o(.bss)
    .bss                                     0x20000203   Section       32  vision.o(.bss)
    .bss                                     0x20000223   Section      525  vofa.o(.bss)
    .bss                                     0x20000430   Section       12  dji_motor.o(.bss)
    .bss                                     0x2000043c   Section       36  dji_motor.o(.bss)
    .bss                                     0x20000460   Section      348  hi14.o(.bss)
    .bss                                     0x200005bc   Section       18  mg_motor.o(.bss)
    .bss                                     0x200005ce   Section       72  dr16.o(.bss)
    .bss                                     0x20000618   Section       80  can.o(.bss)
    .bss                                     0x20000668   Section      144  tim.o(.bss)
    .bss                                     0x200006f8   Section      696  usart.o(.bss)
    STACK                                    0x200009b0   Section     1024  startup_stm32f407xx.o(STACK)

    Global Symbols

    Symbol Name                              Value     Ov Type        Size  Object(Section)

    BuildAttributes$$THM_ISAv4$E$P$D$K$B$S$7EM$VFPi3$EXTD16$VFPS$VFMA$PE$A:L22UL41UL21$X:L11$S22US41US21$IEEE1$IW$USESV6$~STKCKD$USESV7$~SHL$OTIME$ROPI$IEEEX$EBA8$MICROLIB$REQ8$PRES8$EABIv2 0x00000000   Number         0  anon$$obj.o ABSOLUTE
    __ARM_use_no_argv                        0x00000000   Number         0  main.o ABSOLUTE
    _printf_a                                0x00000000   Number         0  stubs.o ABSOLUTE
    _printf_c                                0x00000000   Number         0  stubs.o ABSOLUTE
    _printf_charcount                        0x00000000   Number         0  stubs.o ABSOLUTE
    _printf_d                                0x00000000   Number         0  stubs.o ABSOLUTE
    _printf_e                                0x00000000   Number         0  stubs.o ABSOLUTE
    _printf_f                                0x00000000   Number         0  stubs.o ABSOLUTE
    _printf_flags                            0x00000000   Number         0  stubs.o ABSOLUTE
    _printf_fp_dec                           0x00000000   Number         0  stubs.o ABSOLUTE
    _printf_fp_hex                           0x00000000   Number         0  stubs.o ABSOLUTE
    _printf_g                                0x00000000   Number         0  stubs.o ABSOLUTE
    _printf_i                                0x00000000   Number         0  stubs.o ABSOLUTE
    _printf_int_dec                          0x00000000   Number         0  stubs.o ABSOLUTE
    _printf_l                                0x00000000   Number         0  stubs.o ABSOLUTE
    _printf_lc                               0x00000000   Number         0  stubs.o ABSOLUTE
    _printf_ll                               0x00000000   Number         0  stubs.o ABSOLUTE
    _printf_lld                              0x00000000   Number         0  stubs.o ABSOLUTE
    _printf_lli                              0x00000000   Number         0  stubs.o ABSOLUTE
    _printf_llo                              0x00000000   Number         0  stubs.o ABSOLUTE
    _printf_llu                              0x00000000   Number         0  stubs.o ABSOLUTE
    _printf_llx                              0x00000000   Number         0  stubs.o ABSOLUTE
    _printf_longlong_dec                     0x00000000   Number         0  stubs.o ABSOLUTE
    _printf_longlong_hex                     0x00000000   Number         0  stubs.o ABSOLUTE
    _printf_longlong_oct                     0x00000000   Number         0  stubs.o ABSOLUTE
    _printf_ls                               0x00000000   Number         0  stubs.o ABSOLUTE
    _printf_mbtowc                           0x00000000   Number         0  stubs.o ABSOLUTE
    _printf_n                                0x00000000   Number         0  stubs.o ABSOLUTE
    _printf_o                                0x00000000   Number         0  stubs.o ABSOLUTE
    _printf_p                                0x00000000   Number         0  stubs.o ABSOLUTE
    _printf_percent                          0x00000000   Number         0  stubs.o ABSOLUTE
    _printf_pre_padding                      0x00000000   Number         0  stubs.o ABSOLUTE
    _printf_return_value                     0x00000000   Number         0  stubs.o ABSOLUTE
    _printf_s                                0x00000000   Number         0  stubs.o ABSOLUTE
    _printf_sizespec                         0x00000000   Number         0  stubs.o ABSOLUTE
    _printf_str                              0x00000000   Number         0  stubs.o ABSOLUTE
    _printf_truncate_signed                  0x00000000   Number         0  stubs.o ABSOLUTE
    _printf_truncate_unsigned                0x00000000   Number         0  stubs.o ABSOLUTE
    _printf_u                                0x00000000   Number         0  stubs.o ABSOLUTE
    _printf_wc                               0x00000000   Number         0  stubs.o ABSOLUTE
    _printf_wctomb                           0x00000000   Number         0  stubs.o ABSOLUTE
    _printf_widthprec                        0x00000000   Number         0  stubs.o ABSOLUTE
    _printf_x                                0x00000000   Number         0  stubs.o ABSOLUTE
    __arm_fini_                               - Undefined Weak Reference
    __cpp_initialize__aeabi_                  - Undefined Weak Reference
    __cxa_finalize                            - Undefined Weak Reference
    __decompress                              - Undefined Weak Reference
    _clock_init                               - Undefined Weak Reference
    _microlib_exit                            - Undefined Weak Reference
    _scanf_int                                - Undefined Weak Reference
    _scanf_longlong                           - Undefined Weak Reference
    _scanf_string                             - Undefined Weak Reference
    __Vectors_Size                           0x00000188   Number         0  startup_stm32f407xx.o ABSOLUTE
    __Vectors                                0x08000000   Data           4  startup_stm32f407xx.o(RESET)
    __Vectors_End                            0x08000188   Data           0  startup_stm32f407xx.o(RESET)
    __main                                   0x08000189   Thumb Code     0  entry.o(.ARM.Collect$$$$00000000)
    _main_stk                                0x08000189   Thumb Code     0  entry2.o(.ARM.Collect$$$$00000001)
    _main_scatterload                        0x0800018d   Thumb Code     0  entry5.o(.ARM.Collect$$$$00000004)
    __main_after_scatterload                 0x08000191   Thumb Code     0  entry5.o(.ARM.Collect$$$$00000004)
    _main_clock                              0x08000191   Thumb Code     0  entry7b.o(.ARM.Collect$$$$00000008)
    _main_cpp_init                           0x08000191   Thumb Code     0  entry8b.o(.ARM.Collect$$$$0000000A)
    _main_init                               0x08000191   Thumb Code     0  entry9a.o(.ARM.Collect$$$$0000000B)
    __rt_lib_shutdown_fini                   0x08000199   Thumb Code     0  entry12b.o(.ARM.Collect$$$$0000000E)
    __rt_final_cpp                           0x0800019d   Thumb Code     0  entry10a.o(.ARM.Collect$$$$0000000F)
    __rt_final_exit                          0x0800019d   Thumb Code     0  entry11a.o(.ARM.Collect$$$$00000011)
    Reset_Handler                            0x080001a1   Thumb Code     8  startup_stm32f407xx.o(.text)
    ADC_IRQHandler                           0x080001bb   Thumb Code     0  startup_stm32f407xx.o(.text)
    CAN1_SCE_IRQHandler                      0x080001bb   Thumb Code     0  startup_stm32f407xx.o(.text)
    CAN1_TX_IRQHandler                       0x080001bb   Thumb Code     0  startup_stm32f407xx.o(.text)
    CAN2_SCE_IRQHandler                      0x080001bb   Thumb Code     0  startup_stm32f407xx.o(.text)
    CAN2_TX_IRQHandler                       0x080001bb   Thumb Code     0  startup_stm32f407xx.o(.text)
    DCMI_IRQHandler                          0x080001bb   Thumb Code     0  startup_stm32f407xx.o(.text)
    DMA1_Stream0_IRQHandler                  0x080001bb   Thumb Code     0  startup_stm32f407xx.o(.text)
    DMA1_Stream2_IRQHandler                  0x080001bb   Thumb Code     0  startup_stm32f407xx.o(.text)
    DMA1_Stream3_IRQHandler                  0x080001bb   Thumb Code     0  startup_stm32f407xx.o(.text)
    DMA1_Stream4_IRQHandler                  0x080001bb   Thumb Code     0  startup_stm32f407xx.o(.text)
    DMA1_Stream5_IRQHandler                  0x080001bb   Thumb Code     0  startup_stm32f407xx.o(.text)
    DMA1_Stream6_IRQHandler                  0x080001bb   Thumb Code     0  startup_stm32f407xx.o(.text)
    DMA1_Stream7_IRQHandler                  0x080001bb   Thumb Code     0  startup_stm32f407xx.o(.text)
    DMA2_Stream0_IRQHandler                  0x080001bb   Thumb Code     0  startup_stm32f407xx.o(.text)
    DMA2_Stream3_IRQHandler                  0x080001bb   Thumb Code     0  startup_stm32f407xx.o(.text)
    DMA2_Stream4_IRQHandler                  0x080001bb   Thumb Code     0  startup_stm32f407xx.o(.text)
    DMA2_Stream5_IRQHandler                  0x080001bb   Thumb Code     0  startup_stm32f407xx.o(.text)
    ETH_IRQHandler                           0x080001bb   Thumb Code     0  startup_stm32f407xx.o(.text)
    ETH_WKUP_IRQHandler                      0x080001bb   Thumb Code     0  startup_stm32f407xx.o(.text)
    EXTI0_IRQHandler                         0x080001bb   Thumb Code     0  startup_stm32f407xx.o(.text)
    EXTI15_10_IRQHandler                     0x080001bb   Thumb Code     0  startup_stm32f407xx.o(.text)
    EXTI1_IRQHandler                         0x080001bb   Thumb Code     0  startup_stm32f407xx.o(.text)
    EXTI2_IRQHandler                         0x080001bb   Thumb Code     0  startup_stm32f407xx.o(.text)
    EXTI3_IRQHandler                         0x080001bb   Thumb Code     0  startup_stm32f407xx.o(.text)
    EXTI4_IRQHandler                         0x080001bb   Thumb Code     0  startup_stm32f407xx.o(.text)
    EXTI9_5_IRQHandler                       0x080001bb   Thumb Code     0  startup_stm32f407xx.o(.text)
    FLASH_IRQHandler                         0x080001bb   Thumb Code     0  startup_stm32f407xx.o(.text)
    FMC_IRQHandler                           0x080001bb   Thumb Code     0  startup_stm32f407xx.o(.text)
    FPU_IRQHandler                           0x080001bb   Thumb Code     0  startup_stm32f407xx.o(.text)
    HASH_RNG_IRQHandler                      0x080001bb   Thumb Code     0  startup_stm32f407xx.o(.text)
    I2C1_ER_IRQHandler                       0x080001bb   Thumb Code     0  startup_stm32f407xx.o(.text)
    I2C1_EV_IRQHandler                       0x080001bb   Thumb Code     0  startup_stm32f407xx.o(.text)
    I2C2_ER_IRQHandler                       0x080001bb   Thumb Code     0  startup_stm32f407xx.o(.text)
    I2C2_EV_IRQHandler                       0x080001bb   Thumb Code     0  startup_stm32f407xx.o(.text)
    I2C3_ER_IRQHandler                       0x080001bb   Thumb Code     0  startup_stm32f407xx.o(.text)
    I2C3_EV_IRQHandler                       0x080001bb   Thumb Code     0  startup_stm32f407xx.o(.text)
    OTG_FS_IRQHandler                        0x080001bb   Thumb Code     0  startup_stm32f407xx.o(.text)
    OTG_FS_WKUP_IRQHandler                   0x080001bb   Thumb Code     0  startup_stm32f407xx.o(.text)
    OTG_HS_EP1_IN_IRQHandler                 0x080001bb   Thumb Code     0  startup_stm32f407xx.o(.text)
    OTG_HS_EP1_OUT_IRQHandler                0x080001bb   Thumb Code     0  startup_stm32f407xx.o(.text)
    OTG_HS_IRQHandler                        0x080001bb   Thumb Code     0  startup_stm32f407xx.o(.text)
    OTG_HS_WKUP_IRQHandler                   0x080001bb   Thumb Code     0  startup_stm32f407xx.o(.text)
    PVD_IRQHandler                           0x080001bb   Thumb Code     0  startup_stm32f407xx.o(.text)
    RCC_IRQHandler                           0x080001bb   Thumb Code     0  startup_stm32f407xx.o(.text)
    RTC_Alarm_IRQHandler                     0x080001bb   Thumb Code     0  startup_stm32f407xx.o(.text)
    RTC_WKUP_IRQHandler                      0x080001bb   Thumb Code     0  startup_stm32f407xx.o(.text)
    SDIO_IRQHandler                          0x080001bb   Thumb Code     0  startup_stm32f407xx.o(.text)
    SPI1_IRQHandler                          0x080001bb   Thumb Code     0  startup_stm32f407xx.o(.text)
    SPI2_IRQHandler                          0x080001bb   Thumb Code     0  startup_stm32f407xx.o(.text)
    SPI3_IRQHandler                          0x080001bb   Thumb Code     0  startup_stm32f407xx.o(.text)
    TAMP_STAMP_IRQHandler                    0x080001bb   Thumb Code     0  startup_stm32f407xx.o(.text)
    TIM1_BRK_TIM9_IRQHandler                 0x080001bb   Thumb Code     0  startup_stm32f407xx.o(.text)
    TIM1_CC_IRQHandler                       0x080001bb   Thumb Code     0  startup_stm32f407xx.o(.text)
    TIM1_TRG_COM_TIM11_IRQHandler            0x080001bb   Thumb Code     0  startup_stm32f407xx.o(.text)
    TIM2_IRQHandler                          0x080001bb   Thumb Code     0  startup_stm32f407xx.o(.text)
    TIM3_IRQHandler                          0x080001bb   Thumb Code     0  startup_stm32f407xx.o(.text)
    TIM4_IRQHandler                          0x080001bb   Thumb Code     0  startup_stm32f407xx.o(.text)
    TIM5_IRQHandler                          0x080001bb   Thumb Code     0  startup_stm32f407xx.o(.text)
    TIM6_DAC_IRQHandler                      0x080001bb   Thumb Code     0  startup_stm32f407xx.o(.text)
    TIM7_IRQHandler                          0x080001bb   Thumb Code     0  startup_stm32f407xx.o(.text)
    TIM8_BRK_TIM12_IRQHandler                0x080001bb   Thumb Code     0  startup_stm32f407xx.o(.text)
    TIM8_CC_IRQHandler                       0x080001bb   Thumb Code     0  startup_stm32f407xx.o(.text)
    TIM8_TRG_COM_TIM14_IRQHandler            0x080001bb   Thumb Code     0  startup_stm32f407xx.o(.text)
    TIM8_UP_TIM13_IRQHandler                 0x080001bb   Thumb Code     0  startup_stm32f407xx.o(.text)
    UART4_IRQHandler                         0x080001bb   Thumb Code     0  startup_stm32f407xx.o(.text)
    UART5_IRQHandler                         0x080001bb   Thumb Code     0  startup_stm32f407xx.o(.text)
    USART2_IRQHandler                        0x080001bb   Thumb Code     0  startup_stm32f407xx.o(.text)
    WWDG_IRQHandler                          0x080001bb   Thumb Code     0  startup_stm32f407xx.o(.text)
    __aeabi_uldivmod                         0x080001c5   Thumb Code    98  uldiv.o(.text)
    __aeabi_memset                           0x08000227   Thumb Code    14  memseta.o(.text)
    __aeabi_memset4                          0x08000227   Thumb Code     0  memseta.o(.text)
    __aeabi_memset8                          0x08000227   Thumb Code     0  memseta.o(.text)
    __aeabi_memclr                           0x08000235   Thumb Code     4  memseta.o(.text)
    __aeabi_memclr4                          0x08000235   Thumb Code     0  memseta.o(.text)
    __aeabi_memclr8                          0x08000235   Thumb Code     0  memseta.o(.text)
    _memset$wrapper                          0x08000239   Thumb Code    18  memseta.o(.text)
    __0sscanf                                0x0800024d   Thumb Code    48  __0sscanf.o(.text)
    _scanf_real                              0x080003ad   Thumb Code     0  scanf_fp.o(.text)
    _scanf_really_real                       0x080003ad   Thumb Code   556  scanf_fp.o(.text)
    __aeabi_dadd                             0x080005e5   Thumb Code   322  dadd.o(.text)
    __aeabi_dsub                             0x08000727   Thumb Code     6  dadd.o(.text)
    __aeabi_drsub                            0x0800072d   Thumb Code     6  dadd.o(.text)
    __aeabi_dmul                             0x08000733   Thumb Code   228  dmul.o(.text)
    __aeabi_ddiv                             0x08000817   Thumb Code   222  ddiv.o(.text)
    __aeabi_i2d                              0x080008f5   Thumb Code    34  dflti.o(.text)
    __aeabi_f2d                              0x08000917   Thumb Code    38  f2d.o(.text)
    __aeabi_d2f                              0x0800093d   Thumb Code    56  d2f.o(.text)
    __aeabi_llsl                             0x08000975   Thumb Code    30  llshl.o(.text)
    _ll_shift_l                              0x08000975   Thumb Code     0  llshl.o(.text)
    __aeabi_llsr                             0x08000993   Thumb Code    32  llushr.o(.text)
    _ll_ushift_r                             0x08000993   Thumb Code     0  llushr.o(.text)
    __aeabi_lasr                             0x080009b3   Thumb Code    36  llsshr.o(.text)
    _ll_sshift_r                             0x080009b3   Thumb Code     0  llsshr.o(.text)
    __vfscanf_char                           0x080009e5   Thumb Code    20  scanf_char.o(.text)
    _sgetc                                   0x08000a01   Thumb Code    30  _sgetc.o(.text)
    _sbackspace                              0x08000a1f   Thumb Code    34  _sgetc.o(.text)
    __I$use$fp                               0x08000a41   Thumb Code     0  iusefp.o(.text)
    _float_round                             0x08000a41   Thumb Code    18  fepilogue.o(.text)
    _float_epilogue                          0x08000a53   Thumb Code    92  fepilogue.o(.text)
    _double_round                            0x08000aaf   Thumb Code    30  depilogue.o(.text)
    _double_epilogue                         0x08000acd   Thumb Code   156  depilogue.o(.text)
    __aeabi_ul2d                             0x08000b69   Thumb Code    24  dfltul.o(.text)
    __fp_status                              0x08000b81   Thumb Code     4  fpstat.o(.text)
    __ieee_status                            0x08000b81   Thumb Code     0  fpstat.o(.text)
    __scatterload                            0x08000b85   Thumb Code    28  init.o(.text)
    __scatterload_rt2                        0x08000b85   Thumb Code     0  init.o(.text)
    isspace                                  0x08000ba9   Thumb Code    10  isspace_c.o(.text)
    __vfscanf                                0x08000bb5   Thumb Code   810  _scanf.o(.text)
    __ctype_lookup                           0x08000ee5   Thumb Code    34  ctype_c.o(.text)
    Angle_Limit_Apply                        0x08000f0d   Thumb Code    54  limiter.o(i.Angle_Limit_Apply)
    Angle_Limit_Init                         0x08000f43   Thumb Code    28  limiter.o(i.Angle_Limit_Init)
    Angle_Rate_Limiter_Init                  0x08000f5f   Thumb Code    18  limiter.o(i.Angle_Rate_Limiter_Init)
    App_Init                                 0x08000f71   Thumb Code    66  app.o(i.App_Init)
    App_Task                                 0x08000fbd   Thumb Code   134  app.o(i.App_Task)
    Bsp_Can_Init                             0x0800104d   Thumb Code    34  bsp_can.o(i.Bsp_Can_Init)
    Bsp_Can_Rx_Filter_Set                    0x08001079   Thumb Code    60  bsp_can.o(i.Bsp_Can_Rx_Filter_Set)
    Bsp_Tim_Init                             0x080010b5   Thumb Code     6  bsp_tim.o(i.Bsp_Tim_Init)
    Bsp_Usart_Init                           0x080010c1   Thumb Code     2  bsp_usart.o(i.Bsp_Usart_Init)
    BusFault_Handler                         0x080010c3   Thumb Code     2  stm32f4xx_it.o(i.BusFault_Handler)
    Buzzer_Error_Task                        0x080010c5   Thumb Code    52  buzzer.o(i.Buzzer_Error_Task)
    Buzzer_Init                              0x08001101   Thumb Code    14  buzzer.o(i.Buzzer_Init)
    Buzzer_Normal_Task                       0x08001119   Thumb Code    28  buzzer.o(i.Buzzer_Normal_Task)
    Buzzer_Timing_Callback                   0x0800113d   Thumb Code    16  buzzer.o(i.Buzzer_Timing_Callback)
    CAN1_RX0_IRQHandler                      0x08001151   Thumb Code     6  stm32f4xx_it.o(i.CAN1_RX0_IRQHandler)
    CAN1_RX1_IRQHandler                      0x0800115d   Thumb Code     6  stm32f4xx_it.o(i.CAN1_RX1_IRQHandler)
    CAN2_RX0_IRQHandler                      0x08001169   Thumb Code     6  stm32f4xx_it.o(i.CAN2_RX0_IRQHandler)
    CAN2_RX1_IRQHandler                      0x08001175   Thumb Code     6  stm32f4xx_it.o(i.CAN2_RX1_IRQHandler)
    Communicate_Init                         0x08001181   Thumb Code     4  communicate.o(i.Communicate_Init)
    Communicate_Rx_Filter_Set                0x08001185   Thumb Code   100  communicate.o(i.Communicate_Rx_Filter_Set)
    Communicate_Send                         0x080011f1   Thumb Code    40  communicate.o(i.Communicate_Send)
    Crc16_Update                             0x08001219   Thumb Code    48  hi14.o(i.Crc16_Update)
    Curve_Config_Init                        0x08001249   Thumb Code    34  curve_mapping.o(i.Curve_Config_Init)
    Curve_Cubic                              0x0800126b   Thumb Code    44  curve_mapping.o(i.Curve_Cubic)
    Curve_DeadzoneLinear                     0x08001299   Thumb Code    88  curve_mapping.o(i.Curve_DeadzoneLinear)
    Curve_Expo                               0x080012f5   Thumb Code    56  curve_mapping.o(i.Curve_Expo)
    Curve_Exponential                        0x0800132d   Thumb Code    82  curve_mapping.o(i.Curve_Exponential)
    Curve_Linear                             0x0800137f   Thumb Code    36  curve_mapping.o(i.Curve_Linear)
    Curve_Map                                0x080013a3   Thumb Code   144  curve_mapping.o(i.Curve_Map)
    Curve_MapWithDeadzone                    0x08001435   Thumb Code    54  curve_mapping.o(i.Curve_MapWithDeadzone)
    Curve_Quadratic                          0x08001471   Thumb Code    64  curve_mapping.o(i.Curve_Quadratic)
    Curve_SCurve                             0x080014b1   Thumb Code    80  curve_mapping.o(i.Curve_SCurve)
    Curve_SquareRoot                         0x08001501   Thumb Code    82  curve_mapping.o(i.Curve_SquareRoot)
    DJI_DR16_Data_Process                    0x08001555   Thumb Code   356  dr16.o(i.DJI_DR16_Data_Process)
    DJI_DR16_Init                            0x080016d1   Thumb Code    28  dr16.o(i.DJI_DR16_Init)
    DMA1_Stream1_IRQHandler                  0x080016f5   Thumb Code     6  stm32f4xx_it.o(i.DMA1_Stream1_IRQHandler)
    DMA2_Stream1_IRQHandler                  0x08001701   Thumb Code     6  stm32f4xx_it.o(i.DMA2_Stream1_IRQHandler)
    DMA2_Stream2_IRQHandler                  0x0800170d   Thumb Code     6  stm32f4xx_it.o(i.DMA2_Stream2_IRQHandler)
    DMA2_Stream6_IRQHandler                  0x08001719   Thumb Code     6  stm32f4xx_it.o(i.DMA2_Stream6_IRQHandler)
    DMA2_Stream7_IRQHandler                  0x08001725   Thumb Code     6  stm32f4xx_it.o(i.DMA2_Stream7_IRQHandler)
    DR16_Get_Count                           0x080017d5   Thumb Code     6  dr16.o(i.DR16_Get_Count)
    DebugMon_Handler                         0x080017db   Thumb Code     2  stm32f4xx_it.o(i.DebugMon_Handler)
    Dji_Motor_Data_Process                   0x080017dd   Thumb Code   112  dji_motor.o(i.Dji_Motor_Data_Process)
    Dji_Motor_Get_Data                       0x08001855   Thumb Code    64  dji_motor.o(i.Dji_Motor_Get_Data)
    Dji_Motor_Init                           0x08001899   Thumb Code     4  dji_motor.o(i.Dji_Motor_Init)
    Dji_Motor_Rx_Filter_Set                  0x0800189d   Thumb Code    98  dji_motor.o(i.Dji_Motor_Rx_Filter_Set)
    Dji_Motor_Set_Current                    0x08001909   Thumb Code    94  dji_motor.o(i.Dji_Motor_Set_Current)
    Dr16_Rx_Callback                         0x0800196d   Thumb Code    22  dr16.o(i.Dr16_Rx_Callback)
    Dr16_Timing_Callback                     0x08001983   Thumb Code    16  dr16.o(i.Dr16_Timing_Callback)
    Error_Handler                            0x08001993   Thumb Code     4  main.o(i.Error_Handler)
    Gimbal_Init                              0x08001999   Thumb Code   160  gimbal.o(i.Gimbal_Init)
    Gimbal_Pitch_Calc                        0x08001a51   Thumb Code    42  gimbal.o(i.Gimbal_Pitch_Calc)
    Gimbal_Task                              0x08001a89   Thumb Code    42  gimbal.o(i.Gimbal_Task)
    Gimbal_Timing_Callback                   0x08001ab9   Thumb Code    18  gimbal.o(i.Gimbal_Timing_Callback)
    Gimbal_Yaw_Angle_Update                  0x08001ad1   Thumb Code   102  gimbal.o(i.Gimbal_Yaw_Angle_Update)
    Gimbal_Yaw_Calc                          0x08001b5d   Thumb Code   154  gimbal.o(i.Gimbal_Yaw_Calc)
    Gimbal_Yaw_Get_Data                      0x08001c11   Thumb Code    90  gimbal.o(i.Gimbal_Yaw_Get_Data)
    Gimbal_Yaw_Speed_Update                  0x08001c95   Thumb Code    38  gimbal.o(i.Gimbal_Yaw_Speed_Update)
    HAL_CAN_ActivateNotification             0x08001cbb   Thumb Code    36  stm32f4xx_hal_can.o(i.HAL_CAN_ActivateNotification)
    HAL_CAN_AddTxMessage                     0x08001cdf   Thumb Code   208  stm32f4xx_hal_can.o(i.HAL_CAN_AddTxMessage)
    HAL_CAN_ConfigFilter                     0x08001db1   Thumb Code   262  stm32f4xx_hal_can.o(i.HAL_CAN_ConfigFilter)
    HAL_CAN_ErrorCallback                    0x08001ebd   Thumb Code     2  stm32f4xx_hal_can.o(i.HAL_CAN_ErrorCallback)
    HAL_CAN_GetRxMessage                     0x08001ebf   Thumb Code   244  stm32f4xx_hal_can.o(i.HAL_CAN_GetRxMessage)
    HAL_CAN_IRQHandler                       0x08001fb3   Thumb Code   508  stm32f4xx_hal_can.o(i.HAL_CAN_IRQHandler)
    HAL_CAN_Init                             0x080021af   Thumb Code   282  stm32f4xx_hal_can.o(i.HAL_CAN_Init)
    HAL_CAN_MspInit                          0x080022c9   Thumb Code   258  can.o(i.HAL_CAN_MspInit)
    HAL_CAN_RxFifo0FullCallback              0x080023e5   Thumb Code     2  stm32f4xx_hal_can.o(i.HAL_CAN_RxFifo0FullCallback)
    HAL_CAN_RxFifo0MsgPendingCallback        0x080023e9   Thumb Code   112  can_callback.o(i.HAL_CAN_RxFifo0MsgPendingCallback)
    HAL_CAN_RxFifo1FullCallback              0x0800246d   Thumb Code     2  stm32f4xx_hal_can.o(i.HAL_CAN_RxFifo1FullCallback)
    HAL_CAN_RxFifo1MsgPendingCallback        0x0800246f   Thumb Code     2  stm32f4xx_hal_can.o(i.HAL_CAN_RxFifo1MsgPendingCallback)
    HAL_CAN_SleepCallback                    0x08002471   Thumb Code     2  stm32f4xx_hal_can.o(i.HAL_CAN_SleepCallback)
    HAL_CAN_Start                            0x08002475   Thumb Code    88  stm32f4xx_hal_can.o(i.HAL_CAN_Start)
    HAL_CAN_TxMailbox0AbortCallback          0x080024cd   Thumb Code     2  stm32f4xx_hal_can.o(i.HAL_CAN_TxMailbox0AbortCallback)
    HAL_CAN_TxMailbox0CompleteCallback       0x080024cf   Thumb Code     2  stm32f4xx_hal_can.o(i.HAL_CAN_TxMailbox0CompleteCallback)
    HAL_CAN_TxMailbox1AbortCallback          0x080024d1   Thumb Code     2  stm32f4xx_hal_can.o(i.HAL_CAN_TxMailbox1AbortCallback)
    HAL_CAN_TxMailbox1CompleteCallback       0x080024d3   Thumb Code     2  stm32f4xx_hal_can.o(i.HAL_CAN_TxMailbox1CompleteCallback)
    HAL_CAN_TxMailbox2AbortCallback          0x080024d5   Thumb Code     2  stm32f4xx_hal_can.o(i.HAL_CAN_TxMailbox2AbortCallback)
    HAL_CAN_TxMailbox2CompleteCallback       0x080024d7   Thumb Code     2  stm32f4xx_hal_can.o(i.HAL_CAN_TxMailbox2CompleteCallback)
    HAL_CAN_WakeUpFromRxMsgCallback          0x080024d9   Thumb Code     2  stm32f4xx_hal_can.o(i.HAL_CAN_WakeUpFromRxMsgCallback)
    HAL_DMA_Abort                            0x080024db   Thumb Code   146  stm32f4xx_hal_dma.o(i.HAL_DMA_Abort)
    HAL_DMA_Abort_IT                         0x0800256d   Thumb Code    36  stm32f4xx_hal_dma.o(i.HAL_DMA_Abort_IT)
    HAL_DMA_IRQHandler                       0x08002591   Thumb Code   412  stm32f4xx_hal_dma.o(i.HAL_DMA_IRQHandler)
    HAL_DMA_Init                             0x08002731   Thumb Code   206  stm32f4xx_hal_dma.o(i.HAL_DMA_Init)
    HAL_DMA_Start_IT                         0x08002805   Thumb Code   110  stm32f4xx_hal_dma.o(i.HAL_DMA_Start_IT)
    HAL_Delay                                0x08002875   Thumb Code    32  stm32f4xx_hal.o(i.HAL_Delay)
    HAL_GPIO_Init                            0x08002899   Thumb Code   450  stm32f4xx_hal_gpio.o(i.HAL_GPIO_Init)
    HAL_GPIO_TogglePin                       0x08002a89   Thumb Code    16  stm32f4xx_hal_gpio.o(i.HAL_GPIO_TogglePin)
    HAL_GPIO_WritePin                        0x08002a99   Thumb Code    10  stm32f4xx_hal_gpio.o(i.HAL_GPIO_WritePin)
    HAL_GetTick                              0x08002aa5   Thumb Code     6  stm32f4xx_hal.o(i.HAL_GetTick)
    HAL_IncTick                              0x08002ab1   Thumb Code    12  stm32f4xx_hal.o(i.HAL_IncTick)
    HAL_Init                                 0x08002ac1   Thumb Code    48  stm32f4xx_hal.o(i.HAL_Init)
    HAL_InitTick                             0x08002af5   Thumb Code    54  stm32f4xx_hal.o(i.HAL_InitTick)
    HAL_MspInit                              0x08002b35   Thumb Code    42  stm32f4xx_hal_msp.o(i.HAL_MspInit)
    HAL_NVIC_EnableIRQ                       0x08002b65   Thumb Code    26  stm32f4xx_hal_cortex.o(i.HAL_NVIC_EnableIRQ)
    HAL_NVIC_SetPriority                     0x08002b81   Thumb Code    60  stm32f4xx_hal_cortex.o(i.HAL_NVIC_SetPriority)
    HAL_NVIC_SetPriorityGrouping             0x08002bc1   Thumb Code    26  stm32f4xx_hal_cortex.o(i.HAL_NVIC_SetPriorityGrouping)
    HAL_RCC_ClockConfig                      0x08002be5   Thumb Code   288  stm32f4xx_hal_rcc.o(i.HAL_RCC_ClockConfig)
    HAL_RCC_GetPCLK1Freq                     0x08002d19   Thumb Code    20  stm32f4xx_hal_rcc.o(i.HAL_RCC_GetPCLK1Freq)
    HAL_RCC_GetPCLK2Freq                     0x08002d39   Thumb Code    20  stm32f4xx_hal_rcc.o(i.HAL_RCC_GetPCLK2Freq)
    HAL_RCC_GetSysClockFreq                  0x08002d59   Thumb Code    88  stm32f4xx_hal_rcc.o(i.HAL_RCC_GetSysClockFreq)
    HAL_RCC_OscConfig                        0x08002dbd   Thumb Code   856  stm32f4xx_hal_rcc.o(i.HAL_RCC_OscConfig)
    HAL_SYSTICK_Config                       0x08003129   Thumb Code    40  stm32f4xx_hal_cortex.o(i.HAL_SYSTICK_Config)
    HAL_TIMEx_BreakCallback                  0x08003151   Thumb Code     2  stm32f4xx_hal_tim_ex.o(i.HAL_TIMEx_BreakCallback)
    HAL_TIMEx_CommutCallback                 0x08003153   Thumb Code     2  stm32f4xx_hal_tim_ex.o(i.HAL_TIMEx_CommutCallback)
    HAL_TIMEx_MasterConfigSynchronization    0x08003155   Thumb Code   116  stm32f4xx_hal_tim_ex.o(i.HAL_TIMEx_MasterConfigSynchronization)
    HAL_TIM_Base_Init                        0x080031e5   Thumb Code    90  stm32f4xx_hal_tim.o(i.HAL_TIM_Base_Init)
    HAL_TIM_Base_MspInit                     0x08003241   Thumb Code    76  tim.o(i.HAL_TIM_Base_MspInit)
    HAL_TIM_Base_Start_IT                    0x08003299   Thumb Code   100  stm32f4xx_hal_tim.o(i.HAL_TIM_Base_Start_IT)
    HAL_TIM_ConfigClockSource                0x08003319   Thumb Code   220  stm32f4xx_hal_tim.o(i.HAL_TIM_ConfigClockSource)
    HAL_TIM_IC_CaptureCallback               0x080033f5   Thumb Code     2  stm32f4xx_hal_tim.o(i.HAL_TIM_IC_CaptureCallback)
    HAL_TIM_IRQHandler                       0x080033f7   Thumb Code   304  stm32f4xx_hal_tim.o(i.HAL_TIM_IRQHandler)
    HAL_TIM_MspPostInit                      0x08003529   Thumb Code    70  tim.o(i.HAL_TIM_MspPostInit)
    HAL_TIM_OC_DelayElapsedCallback          0x0800357d   Thumb Code     2  stm32f4xx_hal_tim.o(i.HAL_TIM_OC_DelayElapsedCallback)
    HAL_TIM_PWM_ConfigChannel                0x0800357f   Thumb Code   204  stm32f4xx_hal_tim.o(i.HAL_TIM_PWM_ConfigChannel)
    HAL_TIM_PWM_Init                         0x0800364b   Thumb Code    90  stm32f4xx_hal_tim.o(i.HAL_TIM_PWM_Init)
    HAL_TIM_PWM_MspInit                      0x080036a5   Thumb Code     2  stm32f4xx_hal_tim.o(i.HAL_TIM_PWM_MspInit)
    HAL_TIM_PWM_PulseFinishedCallback        0x080036a7   Thumb Code     2  stm32f4xx_hal_tim.o(i.HAL_TIM_PWM_PulseFinishedCallback)
    HAL_TIM_PWM_Start                        0x080036a9   Thumb Code   172  stm32f4xx_hal_tim.o(i.HAL_TIM_PWM_Start)
    HAL_TIM_PeriodElapsedCallback            0x08003771   Thumb Code    58  tim_callback.o(i.HAL_TIM_PeriodElapsedCallback)
    HAL_TIM_TriggerCallback                  0x080037b5   Thumb Code     2  stm32f4xx_hal_tim.o(i.HAL_TIM_TriggerCallback)
    HAL_UARTEx_ReceiveToIdle_DMA             0x080037b7   Thumb Code    74  stm32f4xx_hal_uart.o(i.HAL_UARTEx_ReceiveToIdle_DMA)
    HAL_UARTEx_RxEventCallback               0x08003801   Thumb Code    60  usart_callback.o(i.HAL_UARTEx_RxEventCallback)
    HAL_UART_DMAStop                         0x0800384d   Thumb Code   112  stm32f4xx_hal_uart.o(i.HAL_UART_DMAStop)
    HAL_UART_ErrorCallback                   0x080038bd   Thumb Code    38  usart_callback.o(i.HAL_UART_ErrorCallback)
    HAL_UART_IRQHandler                      0x080038f5   Thumb Code   636  stm32f4xx_hal_uart.o(i.HAL_UART_IRQHandler)
    HAL_UART_Init                            0x08003b75   Thumb Code   100  stm32f4xx_hal_uart.o(i.HAL_UART_Init)
    HAL_UART_MspInit                         0x08003bd9   Thumb Code   566  usart.o(i.HAL_UART_MspInit)
    HAL_UART_RxCpltCallback                  0x08003e41   Thumb Code     2  stm32f4xx_hal_uart.o(i.HAL_UART_RxCpltCallback)
    HAL_UART_RxHalfCpltCallback              0x08003e43   Thumb Code     2  stm32f4xx_hal_uart.o(i.HAL_UART_RxHalfCpltCallback)
    HAL_UART_TxCpltCallback                  0x08003e45   Thumb Code     2  stm32f4xx_hal_uart.o(i.HAL_UART_TxCpltCallback)
    HardFault_Handler                        0x08003e47   Thumb Code     2  stm32f4xx_it.o(i.HardFault_Handler)
    Hi14_Check_Status                        0x08003e49   Thumb Code    78  hi14.o(i.Hi14_Check_Status)
    Hi14_Init                                0x08003e99   Thumb Code    46  hi14.o(i.Hi14_Init)
    Hi14_Parse_IMUFrame                      0x08003ed5   Thumb Code   126  hi14.o(i.Hi14_Parse_IMUFrame)
    Hi14_Rx_Callback                         0x08003f5d   Thumb Code    20  hi14.o(i.Hi14_Rx_Callback)
    Hi14_Timing_Callback                     0x08003f75   Thumb Code    18  hi14.o(i.Hi14_Timing_Callback)
    Hi_Parse_Data                            0x08003f8d   Thumb Code   142  hi14.o(i.Hi_Parse_Data)
    Led_Error_Task                           0x0800401d   Thumb Code    48  led.o(i.Led_Error_Task)
    Led_Init                                 0x08004055   Thumb Code    44  led.o(i.Led_Init)
    Led_Normal_Task                          0x08004089   Thumb Code    50  led.o(i.Led_Normal_Task)
    Led_Timing_Callback                      0x080040c5   Thumb Code    14  led.o(i.Led_Timing_Callback)
    MG_Motor_PositionControl                 0x080040d9   Thumb Code   106  mg_motor.o(i.MG_Motor_PositionControl)
    MG_Motor_Run                             0x08004149   Thumb Code    22  mg_motor.o(i.MG_Motor_Run)
    MG_Motor_SendCommand                     0x08004165   Thumb Code    42  mg_motor.o(i.MG_Motor_SendCommand)
    MX_CAN1_Init                             0x08004191   Thumb Code    60  can.o(i.MX_CAN1_Init)
    MX_CAN2_Init                             0x080041d5   Thumb Code    60  can.o(i.MX_CAN2_Init)
    MX_DMA_Init                              0x08004219   Thumb Code   120  dma.o(i.MX_DMA_Init)
    MX_GPIO_Init                             0x08004295   Thumb Code   150  gpio.o(i.MX_GPIO_Init)
    MX_TIM1_Init                             0x08004335   Thumb Code    98  tim.o(i.MX_TIM1_Init)
    MX_TIM4_Init                             0x080043a1   Thumb Code   148  tim.o(i.MX_TIM4_Init)
    MX_USART1_UART_Init                      0x0800443d   Thumb Code    48  usart.o(i.MX_USART1_UART_Init)
    MX_USART3_UART_Init                      0x08004475   Thumb Code    54  usart.o(i.MX_USART3_UART_Init)
    MX_USART6_UART_Init                      0x080044b9   Thumb Code    48  usart.o(i.MX_USART6_UART_Init)
    MemManage_Handler                        0x080044f1   Thumb Code     2  stm32f4xx_it.o(i.MemManage_Handler)
    Mg_Motor_Init                            0x080044f5   Thumb Code    58  mg_motor.o(i.Mg_Motor_Init)
    NMI_Handler                              0x08004535   Thumb Code     2  stm32f4xx_it.o(i.NMI_Handler)
    PendSV_Handler                           0x08004537   Thumb Code     2  stm32f4xx_it.o(i.PendSV_Handler)
    Pid_Calc                                 0x08004539   Thumb Code   308  pid.o(i.Pid_Calc)
    Pid_Init                                 0x0800466d   Thumb Code    32  pid.o(i.Pid_Init)
    Pid_Set                                  0x0800468d   Thumb Code    34  pid.o(i.Pid_Set)
    Public_Cmd_Init                          0x080046b1   Thumb Code    14  public_cmd.o(i.Public_Cmd_Init)
    Public_Cmd_Task                          0x080046c5   Thumb Code    42  public_cmd.o(i.Public_Cmd_Task)
    Public_Cmd_Timing_Callback               0x080046f5   Thumb Code    18  public_cmd.o(i.Public_Cmd_Timing_Callback)
    Public_Send_Eular                        0x0800470d   Thumb Code    88  public_cmd.o(i.Public_Send_Eular)
    Public_Send_Rc                           0x08004771   Thumb Code    86  public_cmd.o(i.Public_Send_Rc)
    Public_Send_Status                       0x080047d5   Thumb Code    30  public_cmd.o(i.Public_Send_Status)
    Robot_Control                            0x08004801   Thumb Code    62  robot.o(i.Robot_Control)
    Robot_Init                               0x0800484d   Thumb Code    14  robot.o(i.Robot_Init)
    Robot_Task                               0x08004861   Thumb Code    28  robot.o(i.Robot_Task)
    Robot_Timing_Callback                    0x08004881   Thumb Code    18  robot.o(i.Robot_Timing_Callback)
    SVC_Handler                              0x08004899   Thumb Code     2  stm32f4xx_it.o(i.SVC_Handler)
    Shoot_Control                            0x0800489d   Thumb Code   266  shoot.o(i.Shoot_Control)
    Shoot_Dial_Get_Data                      0x080049bd   Thumb Code    30  shoot.o(i.Shoot_Dial_Get_Data)
    Shoot_Friction_Get_Data                  0x080049e5   Thumb Code    50  shoot.o(i.Shoot_Friction_Get_Data)
    Shoot_Init                               0x08004a21   Thumb Code   136  shoot.o(i.Shoot_Init)
    Shoot_Task                               0x08004ab5   Thumb Code    42  shoot.o(i.Shoot_Task)
    Shoot_Timing_Callback                    0x08004ae5   Thumb Code    18  shoot.o(i.Shoot_Timing_Callback)
    SysTick_Handler                          0x08004afd   Thumb Code     4  stm32f4xx_it.o(i.SysTick_Handler)
    SystemClock_Config                       0x08004b01   Thumb Code   140  main.o(i.SystemClock_Config)
    SystemInit                               0x08004b95   Thumb Code    12  system_stm32f4xx.o(i.SystemInit)
    TIM1_UP_TIM10_IRQHandler                 0x08004ba5   Thumb Code     6  stm32f4xx_it.o(i.TIM1_UP_TIM10_IRQHandler)
    TIM_Base_SetConfig                       0x08004bb1   Thumb Code   164  stm32f4xx_hal_tim.o(i.TIM_Base_SetConfig)
    TIM_CCxChannelCmd                        0x08004c81   Thumb Code    26  stm32f4xx_hal_tim.o(i.TIM_CCxChannelCmd)
    TIM_ETR_SetConfig                        0x08004c9b   Thumb Code    20  stm32f4xx_hal_tim.o(i.TIM_ETR_SetConfig)
    TIM_OC2_SetConfig                        0x08004d21   Thumb Code    98  stm32f4xx_hal_tim.o(i.TIM_OC2_SetConfig)
    UART_Start_Receive_DMA                   0x080051c1   Thumb Code   146  stm32f4xx_hal_uart.o(i.UART_Start_Receive_DMA)
    USART1_IRQHandler                        0x08005261   Thumb Code     6  stm32f4xx_it.o(i.USART1_IRQHandler)
    USART3_IRQHandler                        0x0800526d   Thumb Code     6  stm32f4xx_it.o(i.USART3_IRQHandler)
    USART6_IRQHandler                        0x08005279   Thumb Code     6  stm32f4xx_it.o(i.USART6_IRQHandler)
    UsageFault_Handler                       0x08005285   Thumb Code     2  stm32f4xx_it.o(i.UsageFault_Handler)
    Vision_Timing_Callback                   0x08005289   Thumb Code    18  vision.o(i.Vision_Timing_Callback)
    Vofa_JustFloat_Receive                   0x080052a1   Thumb Code   102  vofa.o(i.Vofa_JustFloat_Receive)
    Vofa_Rx_Callback                         0x08005349   Thumb Code     4  vofa.o(i.Vofa_Rx_Callback)
    Vofa_Timing_Callback                     0x0800534d   Thumb Code    18  vofa.o(i.Vofa_Timing_Callback)
    __ARM_fpclassifyf                        0x08005365   Thumb Code    38  fpclassifyf.o(i.__ARM_fpclassifyf)
    __hardfp_powf                            0x080053ad   Thumb Code  1606  powf.o(i.__hardfp_powf)
    __mathlib_powf                           0x080053ad   Thumb Code     0  powf.o(i.__hardfp_powf)
    __hardfp_sqrtf                           0x08005a11   Thumb Code    58  sqrtf.o(i.__hardfp_sqrtf)
    __mathlib_flt_divzero                    0x08005a4d   Thumb Code    14  funder.o(i.__mathlib_flt_divzero)
    __mathlib_flt_infnan2                    0x08005a61   Thumb Code     6  funder.o(i.__mathlib_flt_infnan2)
    __mathlib_flt_invalid                    0x08005a69   Thumb Code    10  funder.o(i.__mathlib_flt_invalid)
    __mathlib_flt_overflow                   0x08005a79   Thumb Code    10  funder.o(i.__mathlib_flt_overflow)
    __mathlib_flt_underflow                  0x08005a89   Thumb Code    10  funder.o(i.__mathlib_flt_underflow)
    __scatterload_copy                       0x08005a99   Thumb Code    14  handlers.o(i.__scatterload_copy)
    __scatterload_null                       0x08005aa7   Thumb Code     2  handlers.o(i.__scatterload_null)
    __scatterload_zeroinit                   0x08005aa9   Thumb Code    14  handlers.o(i.__scatterload_zeroinit)
    __set_errno                              0x08005ab9   Thumb Code     6  errno.o(i.__set_errno)
    _is_digit                                0x08005ac5   Thumb Code    14  scanf_fp.o(i._is_digit)
    main                                     0x08005ad3   Thumb Code    50  main.o(i.main)
    AHBPrescTable                            0x08005b2c   Data          16  system_stm32f4xx.o(.constdata)
    APBPrescTable                            0x08005b3c   Data           8  system_stm32f4xx.o(.constdata)
    __ctype_categories                       0x08005c84   Data          64  ctype_c.o(.constdata)
    Region$$Table$$Base                      0x08005cc4   Number         0  anon$$obj.o(Region$$Table)
    Region$$Table$$Limit                     0x08005ce4   Number         0  anon$$obj.o(Region$$Table)
    AppState                                 0x20000000   Data           1  app.o(.data)
    Public                                   0x20000001   Data          31  public_cmd.o(.data)
    Vision                                   0x20000020   Data           7  vision.o(.data)
    DJI_Motor                                0x20000027   Data          30  dji_motor.o(.data)
    Led                                      0x20000048   Data           8  led.o(.data)
    Buzzer                                   0x20000054   Data           8  buzzer.o(.data)
    Bsp_Can1_Fifo0_Rx_Data                   0x2000005c   Data           8  bsp_can.o(.data)
    Bsp_Can2_Fifo0_Rx_Data                   0x20000064   Data           8  bsp_can.o(.data)
    uwTickFreq                               0x20000070   Data           1  stm32f4xx_hal.o(.data)
    uwTickPrio                               0x20000074   Data           4  stm32f4xx_hal.o(.data)
    uwTick                                   0x20000078   Data           4  stm32f4xx_hal.o(.data)
    SystemCoreClock                          0x2000007c   Data           4  system_stm32f4xx.o(.data)
    Robot                                    0x20000084   Data           9  robot.o(.bss)
    Gimbal                                   0x2000008d   Data         185  gimbal.o(.bss)
    Shoot                                    0x20000146   Data         189  shoot.o(.bss)
    vision_buff                              0x20000203   Data          32  vision.o(.bss)
    Vofa                                     0x20000223   Data         525  vofa.o(.bss)
    Dji_Gimbal_Group_Data                    0x20000430   Data          12  dji_motor.o(.bss)
    Dji_Shoot_Group_Data                     0x2000043c   Data          36  dji_motor.o(.bss)
    Hi14                                     0x20000460   Data         348  hi14.o(.bss)
    mg_motor                                 0x200005bc   Data          18  mg_motor.o(.bss)
    Dr16                                     0x200005ce   Data          72  dr16.o(.bss)
    hcan1                                    0x20000618   Data          40  can.o(.bss)
    hcan2                                    0x20000640   Data          40  can.o(.bss)
    htim1                                    0x20000668   Data          72  tim.o(.bss)
    htim4                                    0x200006b0   Data          72  tim.o(.bss)
    huart1                                   0x200006f8   Data          72  usart.o(.bss)
    huart3                                   0x20000740   Data          72  usart.o(.bss)
    huart6                                   0x20000788   Data          72  usart.o(.bss)
    hdma_usart1_rx                           0x200007d0   Data          96  usart.o(.bss)
    hdma_usart1_tx                           0x20000830   Data          96  usart.o(.bss)
    hdma_usart3_rx                           0x20000890   Data          96  usart.o(.bss)
    hdma_usart6_rx                           0x200008f0   Data          96  usart.o(.bss)
    hdma_usart6_tx                           0x20000950   Data          96  usart.o(.bss)
    __initial_sp                             0x20000db0   Data           0  startup_stm32f407xx.o(STACK)



==============================================================================

Memory Map of the image

  Image Entry point : 0x08000189

  Load Region LR_IROM1 (Base: 0x08000000, Size: 0x00005d68, Max: 0x00100000, ABSOLUTE)

    Execution Region ER_IROM1 (Exec base: 0x08000000, Load base: 0x08000000, Size: 0x00005ce4, Max: 0x00100000, ABSOLUTE)

    Exec Addr    Load Addr    Size         Type   Attr      Idx    E Section Name        Object

    0x08000000   0x08000000   0x00000188   Data   RO         1739    RESET               startup_stm32f407xx.o
    0x08000188   0x08000188   0x00000000   Code   RO         4953  * .ARM.Collect$$$$00000000  mc_w.l(entry.o)
    0x08000188   0x08000188   0x00000004   Code   RO         5289    .ARM.Collect$$$$00000001  mc_w.l(entry2.o)
    0x0800018c   0x0800018c   0x00000004   Code   RO         5292    .ARM.Collect$$$$00000004  mc_w.l(entry5.o)
    0x08000190   0x08000190   0x00000000   Code   RO         5294    .ARM.Collect$$$$00000008  mc_w.l(entry7b.o)
    0x08000190   0x08000190   0x00000000   Code   RO         5296    .ARM.Collect$$$$0000000A  mc_w.l(entry8b.o)
    0x08000190   0x08000190   0x00000008   Code   RO         5297    .ARM.Collect$$$$0000000B  mc_w.l(entry9a.o)
    0x08000198   0x08000198   0x00000004   Code   RO         5304    .ARM.Collect$$$$0000000E  mc_w.l(entry12b.o)
    0x0800019c   0x0800019c   0x00000000   Code   RO         5299    .ARM.Collect$$$$0000000F  mc_w.l(entry10a.o)
    0x0800019c   0x0800019c   0x00000000   Code   RO         5301    .ARM.Collect$$$$00000011  mc_w.l(entry11a.o)
    0x0800019c   0x0800019c   0x00000004   Code   RO         5290    .ARM.Collect$$$$00002712  mc_w.l(entry2.o)
    0x080001a0   0x080001a0   0x00000024   Code   RO         1740    .text               startup_stm32f407xx.o
    0x080001c4   0x080001c4   0x00000062   Code   RO         4956    .text               mc_w.l(uldiv.o)
    0x08000226   0x08000226   0x00000024   Code   RO         4960    .text               mc_w.l(memseta.o)
    0x0800024a   0x0800024a   0x00000002   PAD
    0x0800024c   0x0800024c   0x00000038   Code   RO         5255    .text               mc_w.l(__0sscanf.o)
    0x08000284   0x08000284   0x00000360   Code   RO         5257    .text               mc_w.l(scanf_fp.o)
    0x080005e4   0x080005e4   0x0000014e   Code   RO         5261    .text               mf_w.l(dadd.o)
    0x08000732   0x08000732   0x000000e4   Code   RO         5263    .text               mf_w.l(dmul.o)
    0x08000816   0x08000816   0x000000de   Code   RO         5265    .text               mf_w.l(ddiv.o)
    0x080008f4   0x080008f4   0x00000022   Code   RO         5267    .text               mf_w.l(dflti.o)
    0x08000916   0x08000916   0x00000026   Code   RO         5269    .text               mf_w.l(f2d.o)
    0x0800093c   0x0800093c   0x00000038   Code   RO         5271    .text               mf_w.l(d2f.o)
    0x08000974   0x08000974   0x0000001e   Code   RO         5310    .text               mc_w.l(llshl.o)
    0x08000992   0x08000992   0x00000020   Code   RO         5312    .text               mc_w.l(llushr.o)
    0x080009b2   0x080009b2   0x00000024   Code   RO         5314    .text               mc_w.l(llsshr.o)
    0x080009d6   0x080009d6   0x00000002   PAD
    0x080009d8   0x080009d8   0x00000028   Code   RO         5325    .text               mc_w.l(scanf_char.o)
    0x08000a00   0x08000a00   0x00000040   Code   RO         5327    .text               mc_w.l(_sgetc.o)
    0x08000a40   0x08000a40   0x00000000   Code   RO         5329    .text               mc_w.l(iusefp.o)
    0x08000a40   0x08000a40   0x0000006e   Code   RO         5330    .text               mf_w.l(fepilogue.o)
    0x08000aae   0x08000aae   0x000000ba   Code   RO         5332    .text               mf_w.l(depilogue.o)
    0x08000b68   0x08000b68   0x00000018   Code   RO         5334    .text               mf_w.l(dfltul.o)
    0x08000b80   0x08000b80   0x00000004   Code   RO         5340    .text               mf_w.l(fpstat.o)
    0x08000b84   0x08000b84   0x00000024   Code   RO         5342    .text               mc_w.l(init.o)
    0x08000ba8   0x08000ba8   0x0000000a   Code   RO         5345    .text               mc_w.l(isspace_c.o)
    0x08000bb2   0x08000bb2   0x00000002   PAD
    0x08000bb4   0x08000bb4   0x00000330   Code   RO         5347    .text               mc_w.l(_scanf.o)
    0x08000ee4   0x08000ee4   0x00000028   Code   RO         5350    .text               mc_w.l(ctype_c.o)
    0x08000f0c   0x08000f0c   0x00000036   Code   RO          887    i.Angle_Limit_Apply  limiter.o
    0x08000f42   0x08000f42   0x0000001c   Code   RO          889    i.Angle_Limit_Init  limiter.o
    0x08000f5e   0x08000f5e   0x00000012   Code   RO          891    i.Angle_Rate_Limiter_Init  limiter.o
    0x08000f70   0x08000f70   0x0000004c   Code   RO            4    i.App_Init          app.o
    0x08000fbc   0x08000fbc   0x00000090   Code   RO            5    i.App_Task          app.o
    0x0800104c   0x0800104c   0x0000002c   Code   RO         1639    i.Bsp_Can_Init      bsp_can.o
    0x08001078   0x08001078   0x0000003c   Code   RO         1640    i.Bsp_Can_Rx_Filter_Set  bsp_can.o
    0x080010b4   0x080010b4   0x0000000c   Code   RO         1713    i.Bsp_Tim_Init      bsp_tim.o
    0x080010c0   0x080010c0   0x00000002   Code   RO         1682    i.Bsp_Usart_Init    bsp_usart.o
    0x080010c2   0x080010c2   0x00000002   Code   RO         1994    i.BusFault_Handler  stm32f4xx_it.o
    0x080010c4   0x080010c4   0x0000003c   Code   RO         1497    i.Buzzer_Error_Task  buzzer.o
    0x08001100   0x08001100   0x00000018   Code   RO         1498    i.Buzzer_Init       buzzer.o
    0x08001118   0x08001118   0x00000024   Code   RO         1499    i.Buzzer_Normal_Task  buzzer.o
    0x0800113c   0x0800113c   0x00000014   Code   RO         1500    i.Buzzer_Timing_Callback  buzzer.o
    0x08001150   0x08001150   0x0000000c   Code   RO         1995    i.CAN1_RX0_IRQHandler  stm32f4xx_it.o
    0x0800115c   0x0800115c   0x0000000c   Code   RO         1996    i.CAN1_RX1_IRQHandler  stm32f4xx_it.o
    0x08001168   0x08001168   0x0000000c   Code   RO         1997    i.CAN2_RX0_IRQHandler  stm32f4xx_it.o
    0x08001174   0x08001174   0x0000000c   Code   RO         1998    i.CAN2_RX1_IRQHandler  stm32f4xx_it.o
    0x08001180   0x08001180   0x00000004   Code   RO         1313    i.Communicate_Init  communicate.o
    0x08001184   0x08001184   0x0000006c   Code   RO         1314    i.Communicate_Rx_Filter_Set  communicate.o
    0x080011f0   0x080011f0   0x00000028   Code   RO         1315    i.Communicate_Send  communicate.o
    0x08001218   0x08001218   0x00000030   Code   RO         1152    i.Crc16_Update      hi14.o
    0x08001248   0x08001248   0x00000022   Code   RO          788    i.Curve_Config_Init  curve_mapping.o
    0x0800126a   0x0800126a   0x0000002c   Code   RO          790    i.Curve_Cubic       curve_mapping.o
    0x08001296   0x08001296   0x00000002   PAD
    0x08001298   0x08001298   0x0000005c   Code   RO          791    i.Curve_DeadzoneLinear  curve_mapping.o
    0x080012f4   0x080012f4   0x00000038   Code   RO          792    i.Curve_Expo        curve_mapping.o
    0x0800132c   0x0800132c   0x00000052   Code   RO          793    i.Curve_Exponential  curve_mapping.o
    0x0800137e   0x0800137e   0x00000024   Code   RO          794    i.Curve_Linear      curve_mapping.o
    0x080013a2   0x080013a2   0x00000090   Code   RO          795    i.Curve_Map         curve_mapping.o
    0x08001432   0x08001432   0x00000002   PAD
    0x08001434   0x08001434   0x0000003c   Code   RO          796    i.Curve_MapWithDeadzone  curve_mapping.o
    0x08001470   0x08001470   0x00000040   Code   RO          797    i.Curve_Quadratic   curve_mapping.o
    0x080014b0   0x080014b0   0x00000050   Code   RO          798    i.Curve_SCurve      curve_mapping.o
    0x08001500   0x08001500   0x00000052   Code   RO          799    i.Curve_SquareRoot  curve_mapping.o
    0x08001552   0x08001552   0x00000002   PAD
    0x08001554   0x08001554   0x0000017c   Code   RO         1579    i.DJI_DR16_Data_Process  dr16.o
    0x080016d0   0x080016d0   0x00000024   Code   RO         1581    i.DJI_DR16_Init     dr16.o
    0x080016f4   0x080016f4   0x0000000c   Code   RO         1999    i.DMA1_Stream1_IRQHandler  stm32f4xx_it.o
    0x08001700   0x08001700   0x0000000c   Code   RO         2000    i.DMA2_Stream1_IRQHandler  stm32f4xx_it.o
    0x0800170c   0x0800170c   0x0000000c   Code   RO         2001    i.DMA2_Stream2_IRQHandler  stm32f4xx_it.o
    0x08001718   0x08001718   0x0000000c   Code   RO         2002    i.DMA2_Stream6_IRQHandler  stm32f4xx_it.o
    0x08001724   0x08001724   0x0000000c   Code   RO         2003    i.DMA2_Stream7_IRQHandler  stm32f4xx_it.o
    0x08001730   0x08001730   0x00000028   Code   RO         2865    i.DMA_CalcBaseAndBitshift  stm32f4xx_hal_dma.o
    0x08001758   0x08001758   0x00000054   Code   RO         2866    i.DMA_CheckFifoParam  stm32f4xx_hal_dma.o
    0x080017ac   0x080017ac   0x00000028   Code   RO         2867    i.DMA_SetConfig     stm32f4xx_hal_dma.o
    0x080017d4   0x080017d4   0x00000006   Code   RO         1582    i.DR16_Get_Count    dr16.o
    0x080017da   0x080017da   0x00000002   Code   RO         2004    i.DebugMon_Handler  stm32f4xx_it.o
    0x080017dc   0x080017dc   0x00000078   Code   RO         1039    i.Dji_Motor_Data_Process  dji_motor.o
    0x08001854   0x08001854   0x00000044   Code   RO         1040    i.Dji_Motor_Get_Data  dji_motor.o
    0x08001898   0x08001898   0x00000004   Code   RO         1041    i.Dji_Motor_Init    dji_motor.o
    0x0800189c   0x0800189c   0x0000006c   Code   RO         1042    i.Dji_Motor_Rx_Filter_Set  dji_motor.o
    0x08001908   0x08001908   0x00000064   Code   RO         1043    i.Dji_Motor_Set_Current  dji_motor.o
    0x0800196c   0x0800196c   0x00000016   Code   RO         1583    i.Dr16_Rx_Callback  dr16.o
    0x08001982   0x08001982   0x00000010   Code   RO         1584    i.Dr16_Timing_Callback  dr16.o
    0x08001992   0x08001992   0x00000004   Code   RO         1747    i.Error_Handler     main.o
    0x08001996   0x08001996   0x00000002   PAD
    0x08001998   0x08001998   0x000000b8   Code   RO          318    i.Gimbal_Init       gimbal.o
    0x08001a50   0x08001a50   0x00000038   Code   RO          319    i.Gimbal_Pitch_Calc  gimbal.o
    0x08001a88   0x08001a88   0x00000030   Code   RO          320    i.Gimbal_Task       gimbal.o
    0x08001ab8   0x08001ab8   0x00000018   Code   RO          321    i.Gimbal_Timing_Callback  gimbal.o
    0x08001ad0   0x08001ad0   0x0000008c   Code   RO          322    i.Gimbal_Yaw_Angle_Update  gimbal.o
    0x08001b5c   0x08001b5c   0x000000b4   Code   RO          323    i.Gimbal_Yaw_Calc   gimbal.o
    0x08001c10   0x08001c10   0x00000084   Code   RO          324    i.Gimbal_Yaw_Get_Data  gimbal.o
    0x08001c94   0x08001c94   0x00000026   Code   RO          325    i.Gimbal_Yaw_Speed_Update  gimbal.o
    0x08001cba   0x08001cba   0x00000024   Code   RO         2173    i.HAL_CAN_ActivateNotification  stm32f4xx_hal_can.o
    0x08001cde   0x08001cde   0x000000d0   Code   RO         2174    i.HAL_CAN_AddTxMessage  stm32f4xx_hal_can.o
    0x08001dae   0x08001dae   0x00000002   PAD
    0x08001db0   0x08001db0   0x0000010c   Code   RO         2175    i.HAL_CAN_ConfigFilter  stm32f4xx_hal_can.o
    0x08001ebc   0x08001ebc   0x00000002   Code   RO         2178    i.HAL_CAN_ErrorCallback  stm32f4xx_hal_can.o
    0x08001ebe   0x08001ebe   0x000000f4   Code   RO         2181    i.HAL_CAN_GetRxMessage  stm32f4xx_hal_can.o
    0x08001fb2   0x08001fb2   0x000001fc   Code   RO         2185    i.HAL_CAN_IRQHandler  stm32f4xx_hal_can.o
    0x080021ae   0x080021ae   0x0000011a   Code   RO         2186    i.HAL_CAN_Init      stm32f4xx_hal_can.o
    0x080022c8   0x080022c8   0x0000011c   Code   RO         1814    i.HAL_CAN_MspInit   can.o
    0x080023e4   0x080023e4   0x00000002   Code   RO         2193    i.HAL_CAN_RxFifo0FullCallback  stm32f4xx_hal_can.o
    0x080023e6   0x080023e6   0x00000002   PAD
    0x080023e8   0x080023e8   0x00000084   Code   RO          979    i.HAL_CAN_RxFifo0MsgPendingCallback  can_callback.o
    0x0800246c   0x0800246c   0x00000002   Code   RO         2195    i.HAL_CAN_RxFifo1FullCallback  stm32f4xx_hal_can.o
    0x0800246e   0x0800246e   0x00000002   Code   RO         2196    i.HAL_CAN_RxFifo1MsgPendingCallback  stm32f4xx_hal_can.o
    0x08002470   0x08002470   0x00000002   Code   RO         2197    i.HAL_CAN_SleepCallback  stm32f4xx_hal_can.o
    0x08002472   0x08002472   0x00000002   PAD
    0x08002474   0x08002474   0x00000058   Code   RO         2198    i.HAL_CAN_Start     stm32f4xx_hal_can.o
    0x080024cc   0x080024cc   0x00000002   Code   RO         2200    i.HAL_CAN_TxMailbox0AbortCallback  stm32f4xx_hal_can.o
    0x080024ce   0x080024ce   0x00000002   Code   RO         2201    i.HAL_CAN_TxMailbox0CompleteCallback  stm32f4xx_hal_can.o
    0x080024d0   0x080024d0   0x00000002   Code   RO         2202    i.HAL_CAN_TxMailbox1AbortCallback  stm32f4xx_hal_can.o
    0x080024d2   0x080024d2   0x00000002   Code   RO         2203    i.HAL_CAN_TxMailbox1CompleteCallback  stm32f4xx_hal_can.o
    0x080024d4   0x080024d4   0x00000002   Code   RO         2204    i.HAL_CAN_TxMailbox2AbortCallback  stm32f4xx_hal_can.o
    0x080024d6   0x080024d6   0x00000002   Code   RO         2205    i.HAL_CAN_TxMailbox2CompleteCallback  stm32f4xx_hal_can.o
    0x080024d8   0x080024d8   0x00000002   Code   RO         2207    i.HAL_CAN_WakeUpFromRxMsgCallback  stm32f4xx_hal_can.o
    0x080024da   0x080024da   0x00000092   Code   RO         2868    i.HAL_DMA_Abort     stm32f4xx_hal_dma.o
    0x0800256c   0x0800256c   0x00000024   Code   RO         2869    i.HAL_DMA_Abort_IT  stm32f4xx_hal_dma.o
    0x08002590   0x08002590   0x000001a0   Code   RO         2873    i.HAL_DMA_IRQHandler  stm32f4xx_hal_dma.o
    0x08002730   0x08002730   0x000000d4   Code   RO         2874    i.HAL_DMA_Init      stm32f4xx_hal_dma.o
    0x08002804   0x08002804   0x0000006e   Code   RO         2878    i.HAL_DMA_Start_IT  stm32f4xx_hal_dma.o
    0x08002872   0x08002872   0x00000002   PAD
    0x08002874   0x08002874   0x00000024   Code   RO         3305    i.HAL_Delay         stm32f4xx_hal.o
    0x08002898   0x08002898   0x000001f0   Code   RO         2761    i.HAL_GPIO_Init     stm32f4xx_hal_gpio.o
    0x08002a88   0x08002a88   0x00000010   Code   RO         2764    i.HAL_GPIO_TogglePin  stm32f4xx_hal_gpio.o
    0x08002a98   0x08002a98   0x0000000a   Code   RO         2765    i.HAL_GPIO_WritePin  stm32f4xx_hal_gpio.o
    0x08002aa2   0x08002aa2   0x00000002   PAD
    0x08002aa4   0x08002aa4   0x0000000c   Code   RO         3311    i.HAL_GetTick       stm32f4xx_hal.o
    0x08002ab0   0x08002ab0   0x00000010   Code   RO         3317    i.HAL_IncTick       stm32f4xx_hal.o
    0x08002ac0   0x08002ac0   0x00000034   Code   RO         3318    i.HAL_Init          stm32f4xx_hal.o
    0x08002af4   0x08002af4   0x00000040   Code   RO         3319    i.HAL_InitTick      stm32f4xx_hal.o
    0x08002b34   0x08002b34   0x00000030   Code   RO         2148    i.HAL_MspInit       stm32f4xx_hal_msp.o
    0x08002b64   0x08002b64   0x0000001a   Code   RO         3153    i.HAL_NVIC_EnableIRQ  stm32f4xx_hal_cortex.o
    0x08002b7e   0x08002b7e   0x00000002   PAD
    0x08002b80   0x08002b80   0x00000040   Code   RO         3159    i.HAL_NVIC_SetPriority  stm32f4xx_hal_cortex.o
    0x08002bc0   0x08002bc0   0x00000024   Code   RO         3160    i.HAL_NVIC_SetPriorityGrouping  stm32f4xx_hal_cortex.o
    0x08002be4   0x08002be4   0x00000134   Code   RO         2407    i.HAL_RCC_ClockConfig  stm32f4xx_hal_rcc.o
    0x08002d18   0x08002d18   0x00000020   Code   RO         2414    i.HAL_RCC_GetPCLK1Freq  stm32f4xx_hal_rcc.o
    0x08002d38   0x08002d38   0x00000020   Code   RO         2415    i.HAL_RCC_GetPCLK2Freq  stm32f4xx_hal_rcc.o
    0x08002d58   0x08002d58   0x00000064   Code   RO         2416    i.HAL_RCC_GetSysClockFreq  stm32f4xx_hal_rcc.o
    0x08002dbc   0x08002dbc   0x0000036c   Code   RO         2419    i.HAL_RCC_OscConfig  stm32f4xx_hal_rcc.o
    0x08003128   0x08003128   0x00000028   Code   RO         3164    i.HAL_SYSTICK_Config  stm32f4xx_hal_cortex.o
    0x08003150   0x08003150   0x00000002   Code   RO         4262    i.HAL_TIMEx_BreakCallback  stm32f4xx_hal_tim_ex.o
    0x08003152   0x08003152   0x00000002   Code   RO         4263    i.HAL_TIMEx_CommutCallback  stm32f4xx_hal_tim_ex.o
    0x08003154   0x08003154   0x00000090   Code   RO         4281    i.HAL_TIMEx_MasterConfigSynchronization  stm32f4xx_hal_tim_ex.o
    0x080031e4   0x080031e4   0x0000005a   Code   RO         3558    i.HAL_TIM_Base_Init  stm32f4xx_hal_tim.o
    0x0800323e   0x0800323e   0x00000002   PAD
    0x08003240   0x08003240   0x00000058   Code   RO         1887    i.HAL_TIM_Base_MspInit  tim.o
    0x08003298   0x08003298   0x00000080   Code   RO         3563    i.HAL_TIM_Base_Start_IT  stm32f4xx_hal_tim.o
    0x08003318   0x08003318   0x000000dc   Code   RO         3567    i.HAL_TIM_ConfigClockSource  stm32f4xx_hal_tim.o
    0x080033f4   0x080033f4   0x00000002   Code   RO         3592    i.HAL_TIM_IC_CaptureCallback  stm32f4xx_hal_tim.o
    0x080033f6   0x080033f6   0x00000130   Code   RO         3606    i.HAL_TIM_IRQHandler  stm32f4xx_hal_tim.o
    0x08003526   0x08003526   0x00000002   PAD
    0x08003528   0x08003528   0x00000054   Code   RO         1888    i.HAL_TIM_MspPostInit  tim.o
    0x0800357c   0x0800357c   0x00000002   Code   RO         3609    i.HAL_TIM_OC_DelayElapsedCallback  stm32f4xx_hal_tim.o
    0x0800357e   0x0800357e   0x000000cc   Code   RO         3630    i.HAL_TIM_PWM_ConfigChannel  stm32f4xx_hal_tim.o
    0x0800364a   0x0800364a   0x0000005a   Code   RO         3633    i.HAL_TIM_PWM_Init  stm32f4xx_hal_tim.o
    0x080036a4   0x080036a4   0x00000002   Code   RO         3635    i.HAL_TIM_PWM_MspInit  stm32f4xx_hal_tim.o
    0x080036a6   0x080036a6   0x00000002   Code   RO         3636    i.HAL_TIM_PWM_PulseFinishedCallback  stm32f4xx_hal_tim.o
    0x080036a8   0x080036a8   0x000000c8   Code   RO         3638    i.HAL_TIM_PWM_Start  stm32f4xx_hal_tim.o
    0x08003770   0x08003770   0x00000044   Code   RO          944    i.HAL_TIM_PeriodElapsedCallback  tim_callback.o
    0x080037b4   0x080037b4   0x00000002   Code   RO         3649    i.HAL_TIM_TriggerCallback  stm32f4xx_hal_tim.o
    0x080037b6   0x080037b6   0x0000004a   Code   RO         4539    i.HAL_UARTEx_ReceiveToIdle_DMA  stm32f4xx_hal_uart.o
    0x08003800   0x08003800   0x0000004c   Code   RO         1006    i.HAL_UARTEx_RxEventCallback  usart_callback.o
    0x0800384c   0x0800384c   0x00000070   Code   RO         4553    i.HAL_UART_DMAStop  stm32f4xx_hal_uart.o
    0x080038bc   0x080038bc   0x00000038   Code   RO         1007    i.HAL_UART_ErrorCallback  usart_callback.o
    0x080038f4   0x080038f4   0x00000280   Code   RO         4558    i.HAL_UART_IRQHandler  stm32f4xx_hal_uart.o
    0x08003b74   0x08003b74   0x00000064   Code   RO         4559    i.HAL_UART_Init     stm32f4xx_hal_uart.o
    0x08003bd8   0x08003bd8   0x00000268   Code   RO         1941    i.HAL_UART_MspInit  usart.o
    0x08003e40   0x08003e40   0x00000002   Code   RO         4565    i.HAL_UART_RxCpltCallback  stm32f4xx_hal_uart.o
    0x08003e42   0x08003e42   0x00000002   Code   RO         4566    i.HAL_UART_RxHalfCpltCallback  stm32f4xx_hal_uart.o
    0x08003e44   0x08003e44   0x00000002   Code   RO         4570    i.HAL_UART_TxCpltCallback  stm32f4xx_hal_uart.o
    0x08003e46   0x08003e46   0x00000002   Code   RO         2005    i.HardFault_Handler  stm32f4xx_it.o
    0x08003e48   0x08003e48   0x0000004e   Code   RO         1153    i.Hi14_Check_Status  hi14.o
    0x08003e96   0x08003e96   0x00000002   PAD
    0x08003e98   0x08003e98   0x0000003c   Code   RO         1154    i.Hi14_Init         hi14.o
    0x08003ed4   0x08003ed4   0x00000088   Code   RO         1155    i.Hi14_Parse_IMUFrame  hi14.o
    0x08003f5c   0x08003f5c   0x00000018   Code   RO         1156    i.Hi14_Rx_Callback  hi14.o
    0x08003f74   0x08003f74   0x00000018   Code   RO         1161    i.Hi14_Timing_Callback  hi14.o
    0x08003f8c   0x08003f8c   0x0000008e   Code   RO         1162    i.Hi_Parse_Data     hi14.o
    0x0800401a   0x0800401a   0x00000002   PAD
    0x0800401c   0x0800401c   0x00000038   Code   RO         1353    i.Led_Error_Task    led.o
    0x08004054   0x08004054   0x00000034   Code   RO         1354    i.Led_Init          led.o
    0x08004088   0x08004088   0x0000003c   Code   RO         1355    i.Led_Normal_Task   led.o
    0x080040c4   0x080040c4   0x00000014   Code   RO         1356    i.Led_Timing_Callback  led.o
    0x080040d8   0x080040d8   0x00000070   Code   RO         1242    i.MG_Motor_PositionControl  mg_motor.o
    0x08004148   0x08004148   0x0000001c   Code   RO         1243    i.MG_Motor_Run      mg_motor.o
    0x08004164   0x08004164   0x0000002a   Code   RO         1244    i.MG_Motor_SendCommand  mg_motor.o
    0x0800418e   0x0800418e   0x00000002   PAD
    0x08004190   0x08004190   0x00000044   Code   RO         1815    i.MX_CAN1_Init      can.o
    0x080041d4   0x080041d4   0x00000044   Code   RO         1816    i.MX_CAN2_Init      can.o
    0x08004218   0x08004218   0x0000007c   Code   RO         1862    i.MX_DMA_Init       dma.o
    0x08004294   0x08004294   0x000000a0   Code   RO         1789    i.MX_GPIO_Init      gpio.o
    0x08004334   0x08004334   0x0000006c   Code   RO         1889    i.MX_TIM1_Init      tim.o
    0x080043a0   0x080043a0   0x0000009c   Code   RO         1890    i.MX_TIM4_Init      tim.o
    0x0800443c   0x0800443c   0x00000038   Code   RO         1942    i.MX_USART1_UART_Init  usart.o
    0x08004474   0x08004474   0x00000044   Code   RO         1943    i.MX_USART3_UART_Init  usart.o
    0x080044b8   0x080044b8   0x00000038   Code   RO         1944    i.MX_USART6_UART_Init  usart.o
    0x080044f0   0x080044f0   0x00000002   Code   RO         2006    i.MemManage_Handler  stm32f4xx_it.o
    0x080044f2   0x080044f2   0x00000002   PAD
    0x080044f4   0x080044f4   0x00000040   Code   RO         1247    i.Mg_Motor_Init     mg_motor.o
    0x08004534   0x08004534   0x00000002   Code   RO         2007    i.NMI_Handler       stm32f4xx_it.o
    0x08004536   0x08004536   0x00000002   Code   RO         2008    i.PendSV_Handler    stm32f4xx_it.o
    0x08004538   0x08004538   0x00000134   Code   RO          561    i.Pid_Calc          pid.o
    0x0800466c   0x0800466c   0x00000020   Code   RO          562    i.Pid_Init          pid.o
    0x0800468c   0x0800468c   0x00000022   Code   RO          563    i.Pid_Set           pid.o
    0x080046ae   0x080046ae   0x00000002   PAD
    0x080046b0   0x080046b0   0x00000014   Code   RO          452    i.Public_Cmd_Init   public_cmd.o
    0x080046c4   0x080046c4   0x00000030   Code   RO          453    i.Public_Cmd_Task   public_cmd.o
    0x080046f4   0x080046f4   0x00000018   Code   RO          454    i.Public_Cmd_Timing_Callback  public_cmd.o
    0x0800470c   0x0800470c   0x00000064   Code   RO          455    i.Public_Send_Eular  public_cmd.o
    0x08004770   0x08004770   0x00000064   Code   RO          456    i.Public_Send_Rc    public_cmd.o
    0x080047d4   0x080047d4   0x0000002c   Code   RO          457    i.Public_Send_Status  public_cmd.o
    0x08004800   0x08004800   0x0000004c   Code   RO          270    i.Robot_Control     robot.o
    0x0800484c   0x0800484c   0x00000014   Code   RO          271    i.Robot_Init        robot.o
    0x08004860   0x08004860   0x00000020   Code   RO          272    i.Robot_Task        robot.o
    0x08004880   0x08004880   0x00000018   Code   RO          273    i.Robot_Timing_Callback  robot.o
    0x08004898   0x08004898   0x00000002   Code   RO         2009    i.SVC_Handler       stm32f4xx_it.o
    0x0800489a   0x0800489a   0x00000002   PAD
    0x0800489c   0x0800489c   0x00000120   Code   RO          393    i.Shoot_Control     shoot.o
    0x080049bc   0x080049bc   0x00000028   Code   RO          394    i.Shoot_Dial_Get_Data  shoot.o
    0x080049e4   0x080049e4   0x0000003c   Code   RO          395    i.Shoot_Friction_Get_Data  shoot.o
    0x08004a20   0x08004a20   0x00000094   Code   RO          396    i.Shoot_Init        shoot.o
    0x08004ab4   0x08004ab4   0x00000030   Code   RO          397    i.Shoot_Task        shoot.o
    0x08004ae4   0x08004ae4   0x00000018   Code   RO          398    i.Shoot_Timing_Callback  shoot.o
    0x08004afc   0x08004afc   0x00000004   Code   RO         2010    i.SysTick_Handler   stm32f4xx_it.o
    0x08004b00   0x08004b00   0x00000094   Code   RO         1748    i.SystemClock_Config  main.o
    0x08004b94   0x08004b94   0x00000010   Code   RO         4893    i.SystemInit        system_stm32f4xx.o
    0x08004ba4   0x08004ba4   0x0000000c   Code   RO         2011    i.TIM1_UP_TIM10_IRQHandler  stm32f4xx_it.o
    0x08004bb0   0x08004bb0   0x000000d0   Code   RO         3651    i.TIM_Base_SetConfig  stm32f4xx_hal_tim.o
    0x08004c80   0x08004c80   0x0000001a   Code   RO         3652    i.TIM_CCxChannelCmd  stm32f4xx_hal_tim.o
    0x08004c9a   0x08004c9a   0x00000014   Code   RO         3662    i.TIM_ETR_SetConfig  stm32f4xx_hal_tim.o
    0x08004cae   0x08004cae   0x00000010   Code   RO         3663    i.TIM_ITRx_SetConfig  stm32f4xx_hal_tim.o
    0x08004cbe   0x08004cbe   0x00000002   PAD
    0x08004cc0   0x08004cc0   0x00000060   Code   RO         3664    i.TIM_OC1_SetConfig  stm32f4xx_hal_tim.o
    0x08004d20   0x08004d20   0x0000006c   Code   RO         3665    i.TIM_OC2_SetConfig  stm32f4xx_hal_tim.o
    0x08004d8c   0x08004d8c   0x00000068   Code   RO         3666    i.TIM_OC3_SetConfig  stm32f4xx_hal_tim.o
    0x08004df4   0x08004df4   0x00000050   Code   RO         3667    i.TIM_OC4_SetConfig  stm32f4xx_hal_tim.o
    0x08004e44   0x08004e44   0x00000022   Code   RO         3669    i.TIM_TI1_ConfigInputStage  stm32f4xx_hal_tim.o
    0x08004e66   0x08004e66   0x00000024   Code   RO         3671    i.TIM_TI2_ConfigInputStage  stm32f4xx_hal_tim.o
    0x08004e8a   0x08004e8a   0x0000000e   Code   RO         4572    i.UART_DMAAbortOnError  stm32f4xx_hal_uart.o
    0x08004e98   0x08004e98   0x0000004a   Code   RO         4573    i.UART_DMAError     stm32f4xx_hal_uart.o
    0x08004ee2   0x08004ee2   0x00000086   Code   RO         4574    i.UART_DMAReceiveCplt  stm32f4xx_hal_uart.o
    0x08004f68   0x08004f68   0x0000001e   Code   RO         4576    i.UART_DMARxHalfCplt  stm32f4xx_hal_uart.o
    0x08004f86   0x08004f86   0x0000004e   Code   RO         4582    i.UART_EndRxTransfer  stm32f4xx_hal_uart.o
    0x08004fd4   0x08004fd4   0x0000001c   Code   RO         4583    i.UART_EndTxTransfer  stm32f4xx_hal_uart.o
    0x08004ff0   0x08004ff0   0x000000c2   Code   RO         4584    i.UART_Receive_IT   stm32f4xx_hal_uart.o
    0x080050b2   0x080050b2   0x00000002   PAD
    0x080050b4   0x080050b4   0x0000010c   Code   RO         4585    i.UART_SetConfig    stm32f4xx_hal_uart.o
    0x080051c0   0x080051c0   0x000000a0   Code   RO         4586    i.UART_Start_Receive_DMA  stm32f4xx_hal_uart.o
    0x08005260   0x08005260   0x0000000c   Code   RO         2012    i.USART1_IRQHandler  stm32f4xx_it.o
    0x0800526c   0x0800526c   0x0000000c   Code   RO         2013    i.USART3_IRQHandler  stm32f4xx_it.o
    0x08005278   0x08005278   0x0000000c   Code   RO         2014    i.USART6_IRQHandler  stm32f4xx_it.o
    0x08005284   0x08005284   0x00000002   Code   RO         2015    i.UsageFault_Handler  stm32f4xx_it.o
    0x08005286   0x08005286   0x00000002   PAD
    0x08005288   0x08005288   0x00000018   Code   RO          515    i.Vision_Timing_Callback  vision.o
    0x080052a0   0x080052a0   0x000000a8   Code   RO          711    i.Vofa_JustFloat_Receive  vofa.o
    0x08005348   0x08005348   0x00000004   Code   RO          713    i.Vofa_Rx_Callback  vofa.o
    0x0800534c   0x0800534c   0x00000018   Code   RO          715    i.Vofa_Timing_Callback  vofa.o
    0x08005364   0x08005364   0x00000026   Code   RO         5273    i.__ARM_fpclassifyf  m_wm.l(fpclassifyf.o)
    0x0800538a   0x0800538a   0x00000020   Code   RO         3166    i.__NVIC_SetPriority  stm32f4xx_hal_cortex.o
    0x080053aa   0x080053aa   0x00000002   PAD
    0x080053ac   0x080053ac   0x00000664   Code   RO         4927    i.__hardfp_powf     m_wm.l(powf.o)
    0x08005a10   0x08005a10   0x0000003a   Code   RO         4941    i.__hardfp_sqrtf    m_wm.l(sqrtf.o)
    0x08005a4a   0x08005a4a   0x00000002   PAD
    0x08005a4c   0x08005a4c   0x00000014   Code   RO         5275    i.__mathlib_flt_divzero  m_wm.l(funder.o)
    0x08005a60   0x08005a60   0x00000006   Code   RO         5277    i.__mathlib_flt_infnan2  m_wm.l(funder.o)
    0x08005a66   0x08005a66   0x00000002   PAD
    0x08005a68   0x08005a68   0x00000010   Code   RO         5278    i.__mathlib_flt_invalid  m_wm.l(funder.o)
    0x08005a78   0x08005a78   0x00000010   Code   RO         5279    i.__mathlib_flt_overflow  m_wm.l(funder.o)
    0x08005a88   0x08005a88   0x00000010   Code   RO         5281    i.__mathlib_flt_underflow  m_wm.l(funder.o)
    0x08005a98   0x08005a98   0x0000000e   Code   RO         5355    i.__scatterload_copy  mc_w.l(handlers.o)
    0x08005aa6   0x08005aa6   0x00000002   Code   RO         5356    i.__scatterload_null  mc_w.l(handlers.o)
    0x08005aa8   0x08005aa8   0x0000000e   Code   RO         5357    i.__scatterload_zeroinit  mc_w.l(handlers.o)
    0x08005ab6   0x08005ab6   0x00000002   PAD
    0x08005ab8   0x08005ab8   0x0000000c   Code   RO         5320    i.__set_errno       mc_w.l(errno.o)
    0x08005ac4   0x08005ac4   0x0000000e   Code   RO         5259    i._is_digit         mc_w.l(scanf_fp.o)
    0x08005ad2   0x08005ad2   0x00000032   Code   RO         1749    i.main              main.o
    0x08005b04   0x08005b04   0x00000020   Data   RO         1249    .constdata          mg_motor.o
    0x08005b24   0x08005b24   0x00000008   Data   RO         2880    .constdata          stm32f4xx_hal_dma.o
    0x08005b2c   0x08005b2c   0x00000010   Data   RO         4894    .constdata          system_stm32f4xx.o
    0x08005b3c   0x08005b3c   0x00000008   Data   RO         4895    .constdata          system_stm32f4xx.o
    0x08005b44   0x08005b44   0x00000140   Data   RO         4930    .constdata          m_wm.l(powf.o)
    0x08005c84   0x08005c84   0x00000040   Data   RO         5351    .constdata          mc_w.l(ctype_c.o)
    0x08005cc4   0x08005cc4   0x00000020   Data   RO         5353    Region$$Table       anon$$obj.o


    Execution Region RW_IRAM1 (Exec base: 0x20000000, Load base: 0x08005ce4, Size: 0x00000db0, Max: 0x0001c000, ABSOLUTE)

    Exec Addr    Load Addr    Size         Type   Attr      Idx    E Section Name        Object

    0x20000000   0x08005ce4   0x00000001   Data   RW            6    .data               app.o
    0x20000001   0x08005ce5   0x0000001f   Data   RW          458    .data               public_cmd.o
    0x20000020   0x08005d04   0x00000007   Data   RW          517    .data               vision.o
    0x20000027   0x08005d0b   0x0000001e   Data   RW         1046    .data               dji_motor.o
    0x20000045   0x08005d29   0x00000003   PAD
    0x20000048   0x08005d2c   0x00000008   Data   RW         1357    .data               led.o
    0x20000050   0x08005d34   0x0000000c   Data   RW         1501    .data               buzzer.o
    0x2000005c   0x08005d40   0x00000008   Data   RW         1641    .data               bsp_can.o
    0x20000064   0x08005d48   0x00000008   Data   RW         1643    .data               bsp_can.o
    0x2000006c   0x08005d50   0x00000004   Data   RW         1818    .data               can.o
    0x20000070   0x08005d54   0x0000000c   Data   RW         3325    .data               stm32f4xx_hal.o
    0x2000007c   0x08005d60   0x00000004   Data   RW         4896    .data               system_stm32f4xx.o
    0x20000080   0x08005d64   0x00000004   Data   RW         5321    .data               mc_w.l(errno.o)
    0x20000084        -       0x00000009   Zero   RW          274    .bss                robot.o
    0x2000008d        -       0x000000b9   Zero   RW          326    .bss                gimbal.o
    0x20000146        -       0x000000bd   Zero   RW          399    .bss                shoot.o
    0x20000203        -       0x00000020   Zero   RW          516    .bss                vision.o
    0x20000223        -       0x0000020d   Zero   RW          716    .bss                vofa.o
    0x20000430        -       0x0000000c   Zero   RW         1044    .bss                dji_motor.o
    0x2000043c        -       0x00000024   Zero   RW         1045    .bss                dji_motor.o
    0x20000460        -       0x0000015c   Zero   RW         1163    .bss                hi14.o
    0x200005bc        -       0x00000012   Zero   RW         1248    .bss                mg_motor.o
    0x200005ce        -       0x00000048   Zero   RW         1585    .bss                dr16.o
    0x20000616   0x08005d68   0x00000002   PAD
    0x20000618        -       0x00000050   Zero   RW         1817    .bss                can.o
    0x20000668        -       0x00000090   Zero   RW         1891    .bss                tim.o
    0x200006f8        -       0x000002b8   Zero   RW         1945    .bss                usart.o
    0x200009b0        -       0x00000400   Zero   RW         1737    STACK               startup_stm32f407xx.o


    Execution Region RW_IRAM2 (Exec base: 0x2001c000, Load base: 0x08005d68, Size: 0x00000000, Max: 0x00004000, ABSOLUTE)

    **** No section assigned to this execution region ****


==============================================================================

Image component sizes


      Code (inc. data)   RO Data    RW Data    ZI Data      Debug   Object Name

       220         24          0          1          0     642771   app.o
         0          0          0          0          0        552   at9s.o
       104         10          0         16          0       2609   bsp_can.o
        12          6          0          0          0        459   bsp_tim.o
         2          0          0          0          0        465   bsp_usart.o
       140         30          0         12          0       2769   buzzer.o
       420         42          0          4         80       2602   can.o
       132         20          0          0          0       1108   can_callback.o
       152          8          0          0          0       2190   communicate.o
       774         20          0          0          0       9057   curve_mapping.o
       400         28          0         30         48       5500   dji_motor.o
       124          4          0          0          0        886   dma.o
       460         32          0          0         72       4662   dr16.o
       802        156          0          0        185       7806   gimbal.o
       160         10          0          0          0       1071   gpio.o
       512         34          0          0        348       7334   hi14.o
       188         32          0          8          0     700150   led.o
       100          0          0          0          0       3069   limiter.o
       202          8          0          0          0       2180   main.o
       246         18         32          0         18      15590   mg_motor.o
       374          0          0          0          0       2924   pid.o
       336         58          0         31          0       4312   public_cmd.o
       152         30          0          0          9       3210   robot.o
       608         66          0          0        189       4604   shoot.o
        36          8        392          0       1024        832   startup_stm32f407xx.o
       180         28          0         12          0       9581   stm32f4xx_hal.o
      1658          6          0          0          0      14751   stm32f4xx_hal_can.o
       198         14          0          0          0      33959   stm32f4xx_hal_cortex.o
      1084         16          8          0          0       7546   stm32f4xx_hal_dma.o
       522         46          0          0          0       2925   stm32f4xx_hal_gpio.o
        48          6          0          0          0        902   stm32f4xx_hal_msp.o
      1348         76          0          0          0       5392   stm32f4xx_hal_rcc.o
      1974        136          0          0          0      17570   stm32f4xx_hal_tim.o
       148         28          0          0          0       2577   stm32f4xx_hal_tim_ex.o
      1912         28          0          0          0      13359   stm32f4xx_hal_uart.o
       176         78          0          0          0      10823   stm32f4xx_it.o
        16          4         24          4          0       1195   system_stm32f4xx.o
       436         44          0          0        144       3249   tim.o
        68         10          0          0          0       1172   tim_callback.o
       796         80          0          0        696       3831   usart.o
       132         34          0          0          0       1778   usart_callback.o
        24          6          0          7         32       1438   vision.o
       196         72          0          0        525       3166   vofa.o

    ----------------------------------------------------------------------
     17616       1356        488        128       3372    1563926   Object Totals
         0          0         32          0          0          0   (incl. Generated)
        44          0          0          3          2          0   (incl. Padding)

    ----------------------------------------------------------------------

      Code (inc. data)   RO Data    RW Data    ZI Data      Debug   Library Member Name

        38          0          0          0          0        116   fpclassifyf.o
        74         24          0          0          0        580   funder.o
      1636        110        320          0          0        372   powf.o
        58          0          0          0          0        136   sqrtf.o
        56          8          0          0          0         84   __0sscanf.o
       816          6          0          0          0        112   _scanf.o
        64          0          0          0          0         84   _sgetc.o
        40          6         64          0          0         68   ctype_c.o
         0          0          0          0          0          0   entry.o
         0          0          0          0          0          0   entry10a.o
         0          0          0          0          0          0   entry11a.o
         4          0          0          0          0          0   entry12b.o
         8          4          0          0          0          0   entry2.o
         4          0          0          0          0          0   entry5.o
         0          0          0          0          0          0   entry7b.o
         0          0          0          0          0          0   entry8b.o
         8          4          0          0          0          0   entry9a.o
        12          6          0          4          0         68   errno.o
        30          0          0          0          0          0   handlers.o
        36          8          0          0          0         68   init.o
        10          0          0          0          0         68   isspace_c.o
         0          0          0          0          0          0   iusefp.o
        30          0          0          0          0         68   llshl.o
        36          0          0          0          0         68   llsshr.o
        32          0          0          0          0         68   llushr.o
        36          0          0          0          0        108   memseta.o
        40          8          0          0          0         84   scanf_char.o
       878         12          0          0          0        216   scanf_fp.o
        98          0          0          0          0         92   uldiv.o
        56          0          0          0          0         88   d2f.o
       334          0          0          0          0        148   dadd.o
       222          0          0          0          0        100   ddiv.o
       186          0          0          0          0        176   depilogue.o
        34          0          0          0          0         76   dflti.o
        24          0          0          0          0         76   dfltul.o
       228          0          0          0          0         96   dmul.o
        38          0          0          0          0         68   f2d.o
       110          0          0          0          0        168   fepilogue.o
         4          0          0          0          0         68   fpstat.o

    ----------------------------------------------------------------------
      5292        196        384          4          0       3524   Library Totals
        12          0          0          0          0          0   (incl. Padding)

    ----------------------------------------------------------------------

      Code (inc. data)   RO Data    RW Data    ZI Data      Debug   Library Name

      1806        134        320          0          0       1204   m_wm.l
      2238         62         64          4          0       1256   mc_w.l
      1236          0          0          0          0       1064   mf_w.l

    ----------------------------------------------------------------------
      5292        196        384          4          0       3524   Library Totals

    ----------------------------------------------------------------------

==============================================================================


      Code (inc. data)   RO Data    RW Data    ZI Data      Debug   

     22908       1552        872        132       3372    1546010   Grand Totals
     22908       1552        872        132       3372    1546010   ELF Image Totals
     22908       1552        872        132          0          0   ROM Totals

==============================================================================

    Total RO  Size (Code + RO Data)                23780 (  23.22kB)
    Total RW  Size (RW Data + ZI Data)              3504 (   3.42kB)
    Total ROM Size (Code + RO Data + RW Data)      23912 (  23.35kB)

==============================================================================

